Archive member included because of file (symbol)

.\CortexM0\ARM_GCC_493\Debug\Project1_acc.a(cyfitter_cfg.o)
                              .\CortexM0\ARM_GCC_493\Debug\Cm0Start.o (cyfitter_cfg)
.\CortexM0\ARM_GCC_493\Debug\Project1_acc.a(DEBUG.o)
                              .\CortexM0\ARM_GCC_493\Debug\main.o (DEBUG_Start)
.\CortexM0\ARM_GCC_493\Debug\Project1_acc.a(DEBUG_UART.o)
                              .\CortexM0\ARM_GCC_493\Debug\main.o (DEBUG_UartInit)
.\CortexM0\ARM_GCC_493\Debug\Project1_acc.a(I2C.o)
                              .\CortexM0\ARM_GCC_493\Debug\mpu_i2c.o (I2C_Start)
.\CortexM0\ARM_GCC_493\Debug\Project1_acc.a(I2C_I2C.o)
                              .\CortexM0\ARM_GCC_493\Debug\Project1_acc.a(I2C.o) (I2C_I2CInit)
.\CortexM0\ARM_GCC_493\Debug\Project1_acc.a(I2C_I2C_MASTER.o)
                              .\CortexM0\ARM_GCC_493\Debug\mpu_i2c.o (I2C_I2CMasterSendStart)
.\CortexM0\ARM_GCC_493\Debug\Project1_acc.a(DEBUG_tx.o)
                              .\CortexM0\ARM_GCC_493\Debug\mpu_i2c.o (DEBUG_tx_Write)
.\CortexM0\ARM_GCC_493\Debug\Project1_acc.a(CyLib.o)
                              .\CortexM0\ARM_GCC_493\Debug\Project1_acc.a(cyfitter_cfg.o) (CySysClkWriteImoFreq)
.\CortexM0\ARM_GCC_493\Debug\Project1_acc.a(CyLFClk.o)
                              .\CortexM0\ARM_GCC_493\Debug\Project1_acc.a(cyfitter_cfg.o) (CySysClkWcoStart)
.\CortexM0\ARM_GCC_493\Debug\Project1_acc.a(LED0.o)
                              .\CortexM0\ARM_GCC_493\Debug\leds_disp.o (LED0_Write)
.\CortexM0\ARM_GCC_493\Debug\Project1_acc.a(LED1.o)
                              .\CortexM0\ARM_GCC_493\Debug\leds_disp.o (LED1_Write)
.\CortexM0\ARM_GCC_493\Debug\Project1_acc.a(LED2.o)
                              .\CortexM0\ARM_GCC_493\Debug\leds_disp.o (LED2_Write)
.\CortexM0\ARM_GCC_493\Debug\Project1_acc.a(LED3.o)
                              .\CortexM0\ARM_GCC_493\Debug\leds_disp.o (LED3_Write)
.\CortexM0\ARM_GCC_493\Debug\Project1_acc.a(LED4.o)
                              .\CortexM0\ARM_GCC_493\Debug\leds_disp.o (LED4_Write)
.\CortexM0\ARM_GCC_493\Debug\Project1_acc.a(LED5.o)
                              .\CortexM0\ARM_GCC_493\Debug\leds_disp.o (LED5_Write)
.\CortexM0\ARM_GCC_493\Debug\Project1_acc.a(LED6.o)
                              .\CortexM0\ARM_GCC_493\Debug\leds_disp.o (LED6_Write)
.\CortexM0\ARM_GCC_493\Debug\Project1_acc.a(MOTOR1_1.o)
                              .\CortexM0\ARM_GCC_493\Debug\motor_control.o (MOTOR1_1_Write)
.\CortexM0\ARM_GCC_493\Debug\Project1_acc.a(MOTOR1_2.o)
                              .\CortexM0\ARM_GCC_493\Debug\motor_control.o (MOTOR1_2_Write)
.\CortexM0\ARM_GCC_493\Debug\Project1_acc.a(MOTOR2_1.o)
                              .\CortexM0\ARM_GCC_493\Debug\motor_control.o (MOTOR2_1_Write)
.\CortexM0\ARM_GCC_493\Debug\Project1_acc.a(MOTOR2_2.o)
                              .\CortexM0\ARM_GCC_493\Debug\motor_control.o (MOTOR2_2_Write)
.\CortexM0\ARM_GCC_493\Debug\Project1_acc.a(GPIO_0.o)
                              .\CortexM0\ARM_GCC_493\Debug\main.o (GPIO_0_Write)
.\CortexM0\ARM_GCC_493\Debug\Project1_acc.a(GPIO_1.o)
                              .\CortexM0\ARM_GCC_493\Debug\leds_disp.o (GPIO_1_Write)
.\CortexM0\ARM_GCC_493\Debug\Project1_acc.a(Timer_i2c_isr.o)
                              .\CortexM0\ARM_GCC_493\Debug\mpu_i2c.o (Timer_i2c_isr_Start)
.\CortexM0\ARM_GCC_493\Debug\Project1_acc.a(i2c_isr.o)
                              .\CortexM0\ARM_GCC_493\Debug\mpu_i2c.o (i2c_isr_StartEx)
.\CortexM0\ARM_GCC_493\Debug\Project1_acc.a(Timer_led_isr.o)
                              .\CortexM0\ARM_GCC_493\Debug\leds_disp.o (Timer_led_isr_Start)
.\CortexM0\ARM_GCC_493\Debug\Project1_acc.a(led_isr.o)
                              .\CortexM0\ARM_GCC_493\Debug\leds_disp.o (led_isr_StartEx)
.\CortexM0\ARM_GCC_493\Debug\Project1_acc.a(PWM_MOTOR.o)
                              .\CortexM0\ARM_GCC_493\Debug\motor_control.o (PWM_MOTOR_WritePeriod)
.\CortexM0\ARM_GCC_493\Debug\Project1_acc.a(DEBUG_SPI_UART.o)
                              .\CortexM0\ARM_GCC_493\Debug\Project1_acc.a(DEBUG_UART.o) (DEBUG_SpiUartReadRxData)
.\CortexM0\ARM_GCC_493\Debug\Project1_acc.a(I2C_I2C_INT.o)
                              .\CortexM0\ARM_GCC_493\Debug\Project1_acc.a(I2C_I2C.o) (I2C_I2C_ISR)
.\CortexM0\ARM_GCC_493\Debug\Project1_acc.a(CyBootAsmGnu.o)
                              .\CortexM0\ARM_GCC_493\Debug\Project1_acc.a(CyLib.o) (CyDelayCycles)
c:/program files (x86)/cypress/psoc creator/3.3/psoc creator/import/gnu/arm/4.9.3/bin/../lib/gcc/arm-none-eabi/4.9.3/armv6-m\libgcc.a(_udivsi3.o)
                              .\CortexM0\ARM_GCC_493\Debug\Project1_acc.a(CyLib.o) (__aeabi_uidiv)
c:/program files (x86)/cypress/psoc creator/3.3/psoc creator/import/gnu/arm/4.9.3/bin/../lib/gcc/arm-none-eabi/4.9.3/armv6-m\libgcc.a(_dvmd_tls.o)
[...]
Memory Configuration

Name             Origin             Length             Attributes
rom              0x00000000         0x00020000         xr
ram              0x20000000         0x00004000         xrw
*default*        0x00000000         0xffffffff

Linker script and memory map

LOAD c:/program files (x86)/cypress/psoc creator/3.3/psoc creator/import/gnu/arm/4.9.3/bin/../lib/gcc/arm-none-eabi/4.9.3/armv6-m/crti.o
LOAD c:/program files (x86)/cypress/psoc creator/3.3/psoc creator/import/gnu/arm/4.9.3/bin/../lib/gcc/arm-none-eabi/4.9.3/armv6-m/crtbegin.o
LOAD c:/program files (x86)/cypress/psoc creator/3.3/psoc creator/import/gnu/arm/4.9.3/bin/../lib/gcc/arm-none-eabi/4.9.3/../../../../arm-none-eabi/lib/armv6-m/crt0.o
START GROUP
LOAD .\CortexM0\ARM_GCC_493\Debug\main.o
LOAD .\CortexM0\ARM_GCC_493\Debug\mpu_i2c.o
LOAD .\CortexM0\ARM_GCC_493\Debug\leds_disp.o
LOAD .\CortexM0\ARM_GCC_493\Debug\motor_control.o
LOAD .\CortexM0\ARM_GCC_493\Debug\cymetadata.o
LOAD .\CortexM0\ARM_GCC_493\Debug\Cm0Start.o
LOAD .\CortexM0\ARM_GCC_493\Debug\Project1_acc.a
LOAD C:\Program Files (x86)\Cypress\PSoC Creator\3.3\PSoC Creator\psoc\content\cycomponentlibrary\CyComponentLibrary.cylib\CortexM0\ARM_GCC_493\Debug\CyComponentLibrary.a
END GROUP
START GROUP
LOAD c:/program files (x86)/cypress/psoc creator/3.3/psoc creator/import/gnu/arm/4.9.3/bin/../lib/gcc/arm-none-eabi/4.9.3/armv6-m\libgcc.a
LOAD c:/program files (x86)/cypress/psoc creator/3.3/psoc creator/import/gnu/arm/4.9.3/bin/../lib/gcc/arm-none-eabi/4.9.3/../../../../arm-none-eabi/lib/armv6-m\libg_nano.a
LOAD c:/program files (x86)/cypress/psoc creator/3.3/psoc creator/import/gnu/arm/4.9.3/bin/../lib/gcc/arm-none-eabi/4.9.3/../../../../arm-none-eabi/lib/armv6-m\libc_nano.a
END GROUP
START GROUP
LOAD c:/program files (x86)/cypress/psoc creator/3.3/psoc creator/import/gnu/arm/4.9.3/bin/../lib/gcc/arm-none-eabi/4.9.3/armv6-m\libgcc.a
LOAD c:/program files (x86)/cypress/psoc creator/3.3/psoc creator/import/gnu/arm/4.9.3/bin/../lib/gcc/arm-none-eabi/4.9.3/../../../../arm-none-eabi/lib/armv6-m\libc_nano.a
END GROUP
LOAD c:/program files (x86)/cypress/psoc creator/3.3/psoc creator/import/gnu/arm/4.9.3/bin/../lib/gcc/arm-none-eabi/4.9.3/armv6-m/crtend.o
LOAD c:/program files (x86)/cypress/psoc creator/3.3/psoc creator/import/gnu/arm/4.9.3/bin/../lib/gcc/arm-none-eabi/4.9.3/armv6-m/crtn.o
START GROUP
LOAD c:/program files (x86)/cypress/psoc creator/3.3/psoc creator/import/gnu/arm/4.9.3/bin/../lib/gcc/arm-none-eabi/4.9.3/armv6-m\libgcc.a
LOAD c:/program files (x86)/cypress/psoc creator/3.3/psoc creator/import/gnu/arm/4.9.3/bin/../lib/gcc/arm-none-eabi/4.9.3/../../../../arm-none-eabi/lib/armv6-m\libc.a
LOAD c:/program files (x86)/cypress/psoc creator/3.3/psoc creator/import/gnu/arm/4.9.3/bin/../lib/gcc/arm-none-eabi/4.9.3/../../../../arm-none-eabi/lib/armv6-m\libnosys.a
END GROUP
                0x00000000                CY_APPL_ORIGIN = 0x0
                0x00000080                CY_FLASH_ROW_SIZE = 0x80
                0x00000001                CY_APPL_NUM = 0x1
                0x00000040                CY_METADATA_SIZE = 0x40
                0x20000158                PROVIDE (__cy_heap_start, _end)
                0x00000001                PROVIDE (__cy_region_num, ((__cy_regions_end - __cy_regions) / 0x10))
                0x20004000                PROVIDE (__cy_stack, (ORIGIN (ram) + 0x4000))
                0x20003c00                PROVIDE (__cy_heap_end, (__cy_stack - 0x400))

.cybootloader   0x00000000        0x0
 *(.cybootloader)
                0x00000000                appl1_start = CY_APPL_ORIGIN?CY_APPL_ORIGIN:ALIGN (CY_FLASH_ROW_SIZE)
                0x0000ff80                appl2_start = (appl1_start + ALIGN ((((0x20000 - appl1_start) - (0x2 * CY_FLASH_ROW_SIZE)) / 0x2), CY_FLASH_ROW_SIZE))
                0x00000000                appl_start = (CY_APPL_NUM == 0x1)?appl1_start:appl2_start

.text           0x00000000     0x12fc
 CREATE_OBJECT_SYMBOLS
                0x00000000                PROVIDE (__cy_interrupt_vector, RomVectors)
 *(.romvectors)
 .romvectors    0x00000000       0x10 .\CortexM0\ARM_GCC_493\Debug\Cm0Start.o
                0x00000000                RomVectors
                0x00000001                ASSERT ((. != __cy_interrupt_vector), No interrupt vector)
                0x00000001                ASSERT (CY_APPL_ORIGIN?(SIZEOF (.cybootloader) <= CY_APPL_ORIGIN):0x1, Wrong image location)
                0x00000010                PROVIDE (__cy_reset, Reset)
 *(.text.Reset)
 .text.Reset    0x00000010        0x8 .\CortexM0\ARM_GCC_493\Debug\Cm0Start.o
                0x00000010                Reset
                0x00000001                ASSERT ((. != __cy_reset), No reset code)
 *(.psocinit)
 .psocinit      0x00000018      0x250 .\CortexM0\ARM_GCC_493\Debug\Project1_acc.a(cyfitter_cfg.o)
                0x00000120                cyfitter_cfg
                0x00000268                . = MAX (., 0x100)
 *(.text .text.* .gnu.linkonce.t.*)
 .text          0x00000268       0x60 c:/program files (x86)/cypress/psoc creator/3.3/psoc creator/import/gnu/arm/4.9.3/bin/../lib/gcc/arm-none-eabi/4.9.3/armv6-m/crtbegin.o
 .text.Initialize_System
                0x000002c8       0x20 .\CortexM0\ARM_GCC_493\Debug\main.o
                0x000002c8                Initialize_System
 .text.main     0x000002e8       0x1c .\CortexM0\ARM_GCC_493\Debug\main.o
                0x000002e8                main
 .text.I2cInterruptHandler
                0x00000304       0x24 .\CortexM0\ARM_GCC_493\Debug\mpu_i2c.o
                0x00000304                I2cInterruptHandler
 .text.Read_accelerometer_values
                0x00000328       0x58 .\CortexM0\ARM_GCC_493\Debug\mpu_i2c.o
                0x00000328                Read_accelerometer_values
 .text.get_i2c_flag
                0x00000380        0xc .\CortexM0\ARM_GCC_493\Debug\mpu_i2c.o
                0x00000380                get_i2c_flag
 .text.set_i2c_flag
                0x0000038c        0xc .\CortexM0\ARM_GCC_493\Debug\mpu_i2c.o
                0x0000038c                set_i2c_flag
 .text.Init_MPU
                0x00000398       0x30 .\CortexM0\ARM_GCC_493\Debug\mpu_i2c.o
                0x00000398                Init_MPU
 .text.IntDefaultHandler
                0x000003c8        0x4 .\CortexM0\ARM_GCC_493\Debug\Cm0Start.o
                0x000003c8                IntDefaultHandler
 .text.Start_c  0x000003cc       0x48 .\CortexM0\ARM_GCC_493\Debug\Cm0Start.o
                0x000003cc                Start_c
 .text.initialize_psoc
                0x00000414       0x54 .\CortexM0\ARM_GCC_493\Debug\Cm0Start.o
                0x00000414                initialize_psoc
 .text.cfg_write_bytes32
                0x00000468       0x34 .\CortexM0\ARM_GCC_493\Debug\Project1_acc.a(cyfitter_cfg.o)
 .text.AnalogSetDefault
                0x0000049c       0x20 .\CortexM0\ARM_GCC_493\Debug\Project1_acc.a(cyfitter_cfg.o)
 .text.CYMEMZERO
                0x000004bc        0xc .\CortexM0\ARM_GCC_493\Debug\Project1_acc.a(cyfitter_cfg.o)
 .text.DEBUG_ScbModePostEnable
                0x000004c8        0x8 .\CortexM0\ARM_GCC_493\Debug\Project1_acc.a(DEBUG.o)
 .text.DEBUG_Init
                0x000004d0        0x8 .\CortexM0\ARM_GCC_493\Debug\Project1_acc.a(DEBUG.o)
                0x000004d0                DEBUG_Init
 .text.DEBUG_Enable
                0x000004d8       0x18 .\CortexM0\ARM_GCC_493\Debug\Project1_acc.a(DEBUG.o)
                0x000004d8                DEBUG_Enable
 .text.DEBUG_Start
                0x000004f0       0x20 .\CortexM0\ARM_GCC_493\Debug\Project1_acc.a(DEBUG.o)
                0x000004f0                DEBUG_Start
 .text.DEBUG_UartInit
                0x00000510       0x98 .\CortexM0\ARM_GCC_493\Debug\Project1_acc.a(DEBUG_UART.o)
                0x00000510                DEBUG_UartInit
 .text.DEBUG_UartPostEnable
                0x000005a8       0x1c .\CortexM0\ARM_GCC_493\Debug\Project1_acc.a(DEBUG_UART.o)
                0x000005a8                DEBUG_UartPostEnable
 .text.I2C_ScbEnableIntr
                0x000005c4        0xc .\CortexM0\ARM_GCC_493\Debug\Project1_acc.a(I2C.o)
 .text.I2C_Init
                0x000005d0        0x8 .\CortexM0\ARM_GCC_493\Debug\Project1_acc.a(I2C.o)
                0x000005d0                I2C_Init
 .text.I2C_Enable
                0x000005d8       0x18 .\CortexM0\ARM_GCC_493\Debug\Project1_acc.a(I2C.o)
                0x000005d8                I2C_Enable
 .text.I2C_Start
                0x000005f0       0x20 .\CortexM0\ARM_GCC_493\Debug\Project1_acc.a(I2C.o)
                0x000005f0                I2C_Start
 .text.I2C_I2CInit
                0x00000610       0xbc .\CortexM0\ARM_GCC_493\Debug\Project1_acc.a(I2C_I2C.o)
                0x00000610                I2C_I2CInit
 .text.I2C_I2CMasterSendStart
                0x000006cc       0xd8 .\CortexM0\ARM_GCC_493\Debug\Project1_acc.a(I2C_I2C_MASTER.o)
                0x000006cc                I2C_I2CMasterSendStart
 .text.I2C_I2CMasterSendStop
                0x000007a4       0x8c .\CortexM0\ARM_GCC_493\Debug\Project1_acc.a(I2C_I2C_MASTER.o)
                0x000007a4                I2C_I2CMasterSendStop
 .text.I2C_I2CMasterWriteByte
                0x00000830       0x98 .\CortexM0\ARM_GCC_493\Debug\Project1_acc.a(I2C_I2C_MASTER.o)
                0x00000830                I2C_I2CMasterWriteByte
 .text.I2C_I2CReStartGeneration
                0x000008c8       0x20 .\CortexM0\ARM_GCC_493\Debug\Project1_acc.a(I2C_I2C_MASTER.o)
                0x000008c8                I2C_I2CReStartGeneration
 .text.I2C_I2CMasterReadBuf
                0x000008e8       0xfc .\CortexM0\ARM_GCC_493\Debug\Project1_acc.a(I2C_I2C_MASTER.o)
                0x000008e8                I2C_I2CMasterReadBuf
 .text.CySysClkWriteImoFreq
                0x000009e4       0x64 .\CortexM0\ARM_GCC_493\Debug\Project1_acc.a(CyLib.o)
                0x000009e4                CySysClkWriteImoFreq
 .text.CySysClkEcoReadStatus
                0x00000a48       0x10 .\CortexM0\ARM_GCC_493\Debug\Project1_acc.a(CyLib.o)
                0x00000a48                CySysClkEcoReadStatus
 .text.CyIntEnable
                0x00000a58       0x14 .\CortexM0\ARM_GCC_493\Debug\Project1_acc.a(CyLib.o)
                0x00000a58                CyIntEnable
 .text.CyIntDisable
                0x00000a6c       0x14 .\CortexM0\ARM_GCC_493\Debug\Project1_acc.a(CyLib.o)
                0x00000a6c                CyIntDisable
 .text.CyHalt   0x00000a80        0x4 .\CortexM0\ARM_GCC_493\Debug\Project1_acc.a(CyLib.o)
                0x00000a80                CyHalt
 .text.CyIntSetVector
                0x00000a84       0x24 .\CortexM0\ARM_GCC_493\Debug\Project1_acc.a(CyLib.o)
                0x00000a84                CyIntSetVector
 .text.CyIntSetPriority
                0x00000aa8       0x4c .\CortexM0\ARM_GCC_493\Debug\Project1_acc.a(CyLib.o)
                0x00000aa8                CyIntSetPriority
 .text.CyDelay  0x00000af4       0x30 .\CortexM0\ARM_GCC_493\Debug\Project1_acc.a(CyLib.o)
                0x00000af4                CyDelay
 .text.CyDelayUs
                0x00000b24       0x14 .\CortexM0\ARM_GCC_493\Debug\Project1_acc.a(CyLib.o)
                0x00000b24                CyDelayUs
 .text.CySysClkEcoStart
                0x00000b38       0x54 .\CortexM0\ARM_GCC_493\Debug\Project1_acc.a(CyLib.o)
                0x00000b38                CySysClkEcoStart
 .text.CySysWdtLocked
                0x00000b8c       0x14 .\CortexM0\ARM_GCC_493\Debug\Project1_acc.a(CyLFClk.o)
 .text.CySysClkWcoStart
                0x00000ba0       0x40 .\CortexM0\ARM_GCC_493\Debug\Project1_acc.a(CyLFClk.o)
                0x00000ba0                CySysClkWcoStart
 .text.CySysClkWcoSetPowerMode
                0x00000be0       0x80 .\CortexM0\ARM_GCC_493\Debug\Project1_acc.a(CyLFClk.o)
                0x00000be0                CySysClkWcoSetPowerMode
 .text.CySysWdtLock
                0x00000c60       0x1c .\CortexM0\ARM_GCC_493\Debug\Project1_acc.a(CyLFClk.o)
                0x00000c60                CySysWdtLock
 .text.CySysWdtUnlock
                0x00000c7c       0x30 .\CortexM0\ARM_GCC_493\Debug\Project1_acc.a(CyLFClk.o)
                0x00000c7c                CySysWdtUnlock
 .text.CySysWdtClearInterrupt
                0x00000cac       0x4c .\CortexM0\ARM_GCC_493\Debug\Project1_acc.a(CyLFClk.o)
                0x00000cac                CySysWdtClearInterrupt
 .text.CySysWdtIsr
                0x00000cf8       0xa4 .\CortexM0\ARM_GCC_493\Debug\Project1_acc.a(CyLFClk.o)
                0x00000cf8                CySysWdtIsr
 .text.GPIO_0_Write
                0x00000d9c       0x18 .\CortexM0\ARM_GCC_493\Debug\Project1_acc.a(GPIO_0.o)
                0x00000d9c                GPIO_0_Write
 .text.GPIO_0_Read
                0x00000db4       0x10 .\CortexM0\ARM_GCC_493\Debug\Project1_acc.a(GPIO_0.o)
                0x00000db4                GPIO_0_Read
 .text.Timer_i2c_isr_WriteCounter
                0x00000dc4       0x10 .\CortexM0\ARM_GCC_493\Debug\Project1_acc.a(Timer_i2c_isr.o)
                0x00000dc4                Timer_i2c_isr_WriteCounter
 .text.Timer_i2c_isr_WritePeriod
                0x00000dd4       0x10 .\CortexM0\ARM_GCC_493\Debug\Project1_acc.a(Timer_i2c_isr.o)
                0x00000dd4                Timer_i2c_isr_WritePeriod
 .text.Timer_i2c_isr_TriggerCommand
                0x00000de4       0x1c .\CortexM0\ARM_GCC_493\Debug\Project1_acc.a(Timer_i2c_isr.o)
                0x00000de4                Timer_i2c_isr_TriggerCommand
 .text.Timer_i2c_isr_Enable
                0x00000e00       0x24 .\CortexM0\ARM_GCC_493\Debug\Project1_acc.a(Timer_i2c_isr.o)
                0x00000e00                Timer_i2c_isr_Enable
 .text.Timer_i2c_isr_SetInterruptMode
                0x00000e24        0xc .\CortexM0\ARM_GCC_493\Debug\Project1_acc.a(Timer_i2c_isr.o)
                0x00000e24                Timer_i2c_isr_SetInterruptMode
 .text.Timer_i2c_isr_Init
                0x00000e30       0x30 .\CortexM0\ARM_GCC_493\Debug\Project1_acc.a(Timer_i2c_isr.o)
                0x00000e30                Timer_i2c_isr_Init
 .text.Timer_i2c_isr_Start
                0x00000e60       0x20 .\CortexM0\ARM_GCC_493\Debug\Project1_acc.a(Timer_i2c_isr.o)
                0x00000e60                Timer_i2c_isr_Start
 .text.Timer_i2c_isr_ClearInterrupt
                0x00000e80        0xc .\CortexM0\ARM_GCC_493\Debug\Project1_acc.a(Timer_i2c_isr.o)
                0x00000e80                Timer_i2c_isr_ClearInterrupt
 .text.i2c_isr_SetVector
                0x00000e8c        0xc .\CortexM0\ARM_GCC_493\Debug\Project1_acc.a(i2c_isr.o)
                0x00000e8c                i2c_isr_SetVector
 .text.i2c_isr_SetPriority
                0x00000e98       0x24 .\CortexM0\ARM_GCC_493\Debug\Project1_acc.a(i2c_isr.o)
                0x00000e98                i2c_isr_SetPriority
 .text.i2c_isr_Enable
                0x00000ebc       0x10 .\CortexM0\ARM_GCC_493\Debug\Project1_acc.a(i2c_isr.o)
                0x00000ebc                i2c_isr_Enable
 .text.i2c_isr_Disable
                0x00000ecc       0x10 .\CortexM0\ARM_GCC_493\Debug\Project1_acc.a(i2c_isr.o)
                0x00000ecc                i2c_isr_Disable
 .text.i2c_isr_StartEx
                0x00000edc       0x1c .\CortexM0\ARM_GCC_493\Debug\Project1_acc.a(i2c_isr.o)
                0x00000edc                i2c_isr_StartEx
 .text.i2c_isr_ClearPending
                0x00000ef8       0x10 .\CortexM0\ARM_GCC_493\Debug\Project1_acc.a(i2c_isr.o)
                0x00000ef8                i2c_isr_ClearPending
 .text.I2C_I2C_ISR
                0x00000f08      0x374 .\CortexM0\ARM_GCC_493\Debug\Project1_acc.a(I2C_I2C_INT.o)
                0x00000f08                I2C_I2C_ISR
 *fill*         0x0000127c        0x4 
 .text          0x00001280       0x20 .\CortexM0\ARM_GCC_493\Debug\Project1_acc.a(CyBootAsmGnu.o)
                0x00001280                CyDelayCycles
                0x00001292                CyEnterCriticalSection
                0x0000129a                CyExitCriticalSection
 .text.__libc_init_array
                0x000012a0       0x4c c:/program files (x86)/cypress/psoc creator/3.3/psoc creator/import/gnu/arm/4.9.3/bin/../lib/gcc/arm-none-eabi/4.9.3/../../../../arm-none-eabi/lib/armv6-m\libg_nano.a(lib_a-init.o)
                0x000012a0                __libc_init_array
 .text.memset   0x000012ec       0x10 c:/program files (x86)/cypress/psoc creator/3.3/psoc creator/import/gnu/arm/4.9.3/bin/../lib/gcc/arm-none-eabi/4.9.3/../../../../arm-none-eabi/lib/armv6-m\libg_nano.a(lib_a-memset.o)
                0x000012ec                memset
 *(.plt)
 *(.gnu.warning)
 *(.glue_7t)
 .glue_7t       0x00000000        0x0 linker stubs
 *(.glue_7)
 .glue_7        0x00000000        0x0 linker stubs
 *(.vfp11_veneer)
 .vfp11_veneer  0x00000000        0x0 linker stubs
 *(.bootloader)
 *(.ARM.extab* .gnu.linkonce.armextab.*)
 *(.gcc_except_table)

.v4_bx          0x000012fc        0x0
 .v4_bx         0x00000000        0x0 linker stubs

.iplt           0x000012fc        0x0
 .iplt          0x00000000        0x0 c:/program files (x86)/cypress/psoc creator/3.3/psoc creator/import/gnu/arm/4.9.3/bin/../lib/gcc/arm-none-eabi/4.9.3/armv6-m/crtbegin.o

.eh_frame_hdr
 *(.eh_frame_hdr)

.eh_frame       0x000012fc        0x4
 *(.eh_frame)
 .eh_frame      0x000012fc        0x0 c:/program files (x86)/cypress/psoc creator/3.3/psoc creator/import/gnu/arm/4.9.3/bin/../lib/gcc/arm-none-eabi/4.9.3/armv6-m/crtbegin.o
 .eh_frame      0x000012fc        0x4 c:/program files (x86)/cypress/psoc creator/3.3/psoc creator/import/gnu/arm/4.9.3/bin/../lib/gcc/arm-none-eabi/4.9.3/armv6-m/crtend.o
                0x00001300                PROVIDE (__exidx_start, .)

.ARM.exidx
 *(.ARM.exidx* .gnu.linkonce.armexidx.*)
                0x00001300                __exidx_end = .

.rodata         0x00001300      0x140
 *(.rodata .rodata.* .gnu.linkonce.r.*)
 .rodata        0x00001300       0xd8 .\CortexM0\ARM_GCC_493\Debug\Project1_acc.a(cyfitter_cfg.o)
 .rodata        0x000013d8       0x30 .\CortexM0\ARM_GCC_493\Debug\Project1_acc.a(CyLib.o)
                0x000013d8                cyImoFreqMhz2Reg
                0x00001408                . = ALIGN (0x4)
 *(.init)
 .init          0x00001408        0x4 c:/program files (x86)/cypress/psoc creator/3.3/psoc creator/import/gnu/arm/4.9.3/bin/../lib/gcc/arm-none-eabi/4.9.3/armv6-m/crti.o
                0x00001408                _init
 .init          0x0000140c        0x8 c:/program files (x86)/cypress/psoc creator/3.3/psoc creator/import/gnu/arm/4.9.3/bin/../lib/gcc/arm-none-eabi/4.9.3/armv6-m/crtn.o
                0x00001414                . = ALIGN (0x4)
                0x00001414                __preinit_array_start = .
 *(.preinit_array)
                0x00001414                __preinit_array_end = .
                0x00001414                . = ALIGN (0x4)
                0x00001414                __init_array_start = .
 *(SORT(.init_array.*))
 *(.init_array)
 .init_array    0x00001414        0x4 c:/program files (x86)/cypress/psoc creator/3.3/psoc creator/import/gnu/arm/4.9.3/bin/../lib/gcc/arm-none-eabi/4.9.3/armv6-m/crtbegin.o
 .init_array    0x00001418        0x4 .\CortexM0\ARM_GCC_493\Debug\Cm0Start.o
                0x0000141c                __init_array_end = .
                0x0000141c                . = ALIGN (0x4)
 *(.fini)
 .fini          0x0000141c        0x4 c:/program files (x86)/cypress/psoc creator/3.3/psoc creator/import/gnu/arm/4.9.3/bin/../lib/gcc/arm-none-eabi/4.9.3/armv6-m/crti.o
                0x0000141c                _fini
 .fini          0x00001420        0x8 c:/program files (x86)/cypress/psoc creator/3.3/psoc creator/import/gnu/arm/4.9.3/bin/../lib/gcc/arm-none-eabi/4.9.3/armv6-m/crtn.o
                0x00001428                . = ALIGN (0x4)
                0x00001428                __fini_array_start = .
 *(.fini_array)
 .fini_array    0x00001428        0x4 c:/program files (x86)/cypress/psoc creator/3.3/psoc creator/import/gnu/arm/4.9.3/bin/../lib/gcc/arm-none-eabi/4.9.3/armv6-m/crtbegin.o
 *(SORT(.fini_array.*))
                0x0000142c                __fini_array_end = .
                0x0000142c                . = ALIGN (0x4)
 *crtbegin.o(.ctors)
 *(EXCLUDE_FILE(*crtend.o) .ctors)
 *(SORT(.ctors.*))
 *crtend.o(.ctors)
                0x0000142c                . = ALIGN (0x4)
 *crtbegin.o(.dtors)
 *(EXCLUDE_FILE(*crtend.o) .dtors)
 *(SORT(.dtors.*))
 *crtend.o(.dtors)
                0x0000142c                . = ALIGN (0x4)
                0x0000142c                __cy_regions = .
                0x0000142c        0x4 LONG 0x1440 __cy_region_init_ram
                0x00001430        0x4 LONG 0x200000c8 __cy_region_start_data
                0x00001434        0x4 LONG 0x18 __cy_region_init_size_ram
                0x00001438        0x4 LONG 0x78 __cy_region_zero_size_ram
                0x0000143c                __cy_regions_end = .
                0x00001440                . = ALIGN (0x8)
 *fill*         0x0000143c        0x4 
                0x00001440                _etext = .

.ramvectors     0x20000000       0xc0
                0x20000000                __cy_region_start_ram = .
 *(.ramvectors)
 .ramvectors    0x20000000       0xc0 .\CortexM0\ARM_GCC_493\Debug\Cm0Start.o
                0x20000000                CyRamVectors

.noinit         0x200000c0        0x4
 *(.noinit)
 .noinit        0x200000c0        0x4 .\CortexM0\ARM_GCC_493\Debug\Cm0Start.o

.data           0x200000c8       0x18 load address 0x00001440
                0x200000c8                __cy_region_start_data = .
 *(.jcr)
 .jcr           0x200000c8        0x0 c:/program files (x86)/cypress/psoc creator/3.3/psoc creator/import/gnu/arm/4.9.3/bin/../lib/gcc/arm-none-eabi/4.9.3/armv6-m/crtbegin.o
 .jcr           0x200000c8        0x4 c:/program files (x86)/cypress/psoc creator/3.3/psoc creator/import/gnu/arm/4.9.3/bin/../lib/gcc/arm-none-eabi/4.9.3/armv6-m/crtend.o
 *(.got.plt)
 *(.got)
 *(.shdata)
 *(.data .data.* .gnu.linkonce.d.*)
 .data          0x200000cc       0x10 .\CortexM0\ARM_GCC_493\Debug\Project1_acc.a(CyLib.o)
                0x200000cc                cydelay32kMs
                0x200000d0                cydelayFreqKhz
                0x200000d4                cydelayFreqMhz
                0x200000d8                cydelayFreqHz
 .data          0x200000dc        0x4 .\CortexM0\ARM_GCC_493\Debug\Project1_acc.a(CyLFClk.o)
                0x200000e0                . = ALIGN (0x8)
 *(.ram)
                0x200000e0                _edata = .

.igot.plt       0x200000e0        0x0 load address 0x00001458
 .igot.plt      0x00000000        0x0 c:/program files (x86)/cypress/psoc creator/3.3/psoc creator/import/gnu/arm/4.9.3/bin/../lib/gcc/arm-none-eabi/4.9.3/armv6-m/crtbegin.o

.bss            0x200000e0       0x78 load address 0x00001458
                0x200000e0                PROVIDE (__bss_start__, .)
 *(.shbss)
 *(.bss .bss.* .gnu.linkonce.b.*)
 .bss           0x200000e0       0x1c c:/program files (x86)/cypress/psoc creator/3.3/psoc creator/import/gnu/arm/4.9.3/bin/../lib/gcc/arm-none-eabi/4.9.3/armv6-m/crtbegin.o
 .bss           0x200000fc        0x8 .\CortexM0\ARM_GCC_493\Debug\mpu_i2c.o
                0x200000fc                i2c_flag
                0x200000fe                acX
                0x20000100                acY
                0x20000102                acZ
 .bss           0x20000104        0x1 .\CortexM0\ARM_GCC_493\Debug\Project1_acc.a(DEBUG.o)
                0x20000104                DEBUG_initVar
 *fill*         0x20000105        0x3 
 .bss           0x20000108        0x8 .\CortexM0\ARM_GCC_493\Debug\Project1_acc.a(I2C.o)
                0x20000108                I2C_initVar
                0x2000010c                I2C_customIntrHandler
 .bss           0x20000110       0x1c .\CortexM0\ARM_GCC_493\Debug\Project1_acc.a(CyLFClk.o)
 .bss           0x2000012c        0x1 .\CortexM0\ARM_GCC_493\Debug\Project1_acc.a(Timer_i2c_isr.o)
                0x2000012c                Timer_i2c_isr_initVar
 *(COMMON)
 COMMON         0x2000012d        0x1 .\CortexM0\ARM_GCC_493\Debug\Project1_acc.a(I2C_I2C.o)
                0x2000012d                I2C_state
 *fill*         0x2000012e        0x2 
 COMMON         0x20000130       0x24 .\CortexM0\ARM_GCC_493\Debug\Project1_acc.a(I2C_I2C_MASTER.o)
                0x20000130                I2C_mstrWrBufIndexTmp
                0x20000134                I2C_mstrWrBufIndex
                0x20000138                I2C_mstrWrBufSize
                0x2000013c                I2C_mstrStatus
                0x20000140                I2C_mstrRdBufPtr
                0x20000144                I2C_mstrControl
                0x20000148                I2C_mstrRdBufSize
                0x2000014c                I2C_mstrRdBufIndex
                0x20000150                I2C_mstrWrBufPtr
                0x20000158                . = ALIGN (0x8)
 *fill*         0x20000154        0x4 
 *(.ram.b)
                0x20000158                _end = .
                0x20000158                __end = .
                0x20000158                PROVIDE (end, .)
                0x20000158                PROVIDE (__bss_end__, .)
                0x00001440                __cy_region_init_ram = LOADADDR (.data)
                0x00000018                __cy_region_init_size_ram = (_edata - ADDR (.data))
                0x00000078                __cy_region_zero_size_ram = (_end - _edata)

.heap           0x20000158       0x80 load address 0x00001458
                0x20000158                . = _end
                0x200001d8                . = (. + 0x80)
 *fill*         0x20000158       0x80 
                0x200001d8                __cy_heap_limit = .

.stack          0x20003c00      0x400
                0x20003c00                __cy_stack_limit = .
                0x20004000                . = (. + 0x400)
 *fill*         0x20003c00      0x400 
                0x00000001                ASSERT ((__cy_stack_limit >= __cy_heap_limit), region RAM overflowed with stack)

.cyloadermeta
 *(.cyloadermeta)

.cyloadablemeta
 *(.cyloadablemeta)

.cyflashprotect
                0x90400000       0x80
 *(.cyflashprotect)
 .cyflashprotect
                0x90400000       0x80 .\CortexM0\ARM_GCC_493\Debug\cymetadata.o
                0x90400000                cy_meta_flashprotect

.cymeta         0x90500000        0xc
 *(.cymeta)
 .cymeta        0x90500000        0xc .\CortexM0\ARM_GCC_493\Debug\cymetadata.o
                0x90500000                cy_metadata

.cychipprotect  0x90600000        0x4
 *(.cychipprotect)
 .cychipprotect
                0x90600000        0x4 .\CortexM0\ARM_GCC_493\Debug\cymetadata.o
                0x90600000                cy_meta_chipprotect

.rel.dyn        0x00001458        0x0 load address 0x90600004
 .rel.iplt      0x00000000        0x0 c:/program files (x86)/cypress/psoc creator/3.3/psoc creator/import/gnu/arm/4.9.3/bin/../lib/gcc/arm-none-eabi/4.9.3/armv6-m/crtbegin.o

.stab
 *(.stab)

.stabstr
 *(.stabstr)

.debug
 *(.debug)

.line
 *(.line)

.debug_srcinfo
 *(.debug_srcinfo)

.debug_sfnames
 *(.debug_sfnames)

.debug_aranges  0x00000000      0xee0
 *(.debug_aranges)
 .debug_aranges
                0x00000000       0x28 .\CortexM0\ARM_GCC_493\Debug\main.o
 .debug_aranges
                0x00000028       0x58 .\CortexM0\ARM_GCC_493\Debug\mpu_i2c.o
 .debug_aranges
                0x00000080       0x40 .\CortexM0\ARM_GCC_493\Debug\leds_disp.o
 .debug_aranges
                0x000000c0       0x30 .\CortexM0\ARM_GCC_493\Debug\motor_control.o
 .debug_aranges
                0x000000f0       0x18 .\CortexM0\ARM_GCC_493\Debug\cymetadata.o
 .debug_aranges
                0x00000108       0x48 .\CortexM0\ARM_GCC_493\Debug\Cm0Start.o
 .debug_aranges
                0x00000150       0x40 .\CortexM0\ARM_GCC_493\Debug\Project1_acc.a(cyfitter_cfg.o)
 .debug_aranges
                0x00000190       0x58 .\CortexM0\ARM_GCC_493\Debug\Project1_acc.a(DEBUG.o)
 .debug_aranges
                0x000001e8       0x88 .\CortexM0\ARM_GCC_493\Debug\Project1_acc.a(DEBUG_UART.o)
 .debug_aranges
                0x00000270       0x60 .\CortexM0\ARM_GCC_493\Debug\Project1_acc.a(I2C.o)
 .debug_aranges
                0x000002d0       0x28 .\CortexM0\ARM_GCC_493\Debug\Project1_acc.a(I2C_I2C.o)
 .debug_aranges
                0x000002f8       0x88 .\CortexM0\ARM_GCC_493\Debug\Project1_acc.a(I2C_I2C_MASTER.o)
 .debug_aranges
                0x00000380       0x40 .\CortexM0\ARM_GCC_493\Debug\Project1_acc.a(DEBUG_tx.o)
 .debug_aranges
                0x000003c0      0x198 .\CortexM0\ARM_GCC_493\Debug\Project1_acc.a(CyLib.o)
 .debug_aranges
                0x00000558      0x150 .\CortexM0\ARM_GCC_493\Debug\Project1_acc.a(CyLFClk.o)
 .debug_aranges
                0x000006a8       0x40 .\CortexM0\ARM_GCC_493\Debug\Project1_acc.a(LED0.o)
 .debug_aranges
                0x000006e8       0x40 .\CortexM0\ARM_GCC_493\Debug\Project1_acc.a(LED1.o)
 .debug_aranges
                0x00000728       0x40 .\CortexM0\ARM_GCC_493\Debug\Project1_acc.a(LED2.o)
 .debug_aranges
                0x00000768       0x40 .\CortexM0\ARM_GCC_493\Debug\Project1_acc.a(LED3.o)
 .debug_aranges
                0x000007a8       0x40 .\CortexM0\ARM_GCC_493\Debug\Project1_acc.a(LED4.o)
 .debug_aranges
                0x000007e8       0x40 .\CortexM0\ARM_GCC_493\Debug\Project1_acc.a(LED5.o)
 .debug_aranges
                0x00000828       0x40 .\CortexM0\ARM_GCC_493\Debug\Project1_acc.a(LED6.o)
 .debug_aranges
                0x00000868       0x40 .\CortexM0\ARM_GCC_493\Debug\Project1_acc.a(MOTOR1_1.o)
 .debug_aranges
                0x000008a8       0x40 .\CortexM0\ARM_GCC_493\Debug\Project1_acc.a(MOTOR1_2.o)
 .debug_aranges
                0x000008e8       0x40 .\CortexM0\ARM_GCC_493\Debug\Project1_acc.a(MOTOR2_1.o)
 .debug_aranges
                0x00000928       0x40 .\CortexM0\ARM_GCC_493\Debug\Project1_acc.a(MOTOR2_2.o)
 .debug_aranges
                0x00000968       0x40 .\CortexM0\ARM_GCC_493\Debug\Project1_acc.a(GPIO_0.o)
 .debug_aranges
                0x000009a8       0x40 .\CortexM0\ARM_GCC_493\Debug\Project1_acc.a(GPIO_1.o)
 .debug_aranges
                0x000009e8      0x158 .\CortexM0\ARM_GCC_493\Debug\Project1_acc.a(Timer_i2c_isr.o)
 .debug_aranges
                0x00000b40       0x80 .\CortexM0\ARM_GCC_493\Debug\Project1_acc.a(i2c_isr.o)
 .debug_aranges
                0x00000bc0      0x158 .\CortexM0\ARM_GCC_493\Debug\Project1_acc.a(Timer_led_isr.o)
 .debug_aranges
                0x00000d18       0x80 .\CortexM0\ARM_GCC_493\Debug\Project1_acc.a(led_isr.o)
 .debug_aranges
                0x00000d98       0xa8 .\CortexM0\ARM_GCC_493\Debug\Project1_acc.a(PWM_MOTOR.o)
 .debug_aranges
                0x00000e40       0x60 .\CortexM0\ARM_GCC_493\Debug\Project1_acc.a(DEBUG_SPI_UART.o)
 .debug_aranges
                0x00000ea0       0x20 .\CortexM0\ARM_GCC_493\Debug\Project1_acc.a(I2C_I2C_INT.o)
 .debug_aranges
                0x00000ec0       0x20 .\CortexM0\ARM_GCC_493\Debug\Project1_acc.a(CyBootAsmGnu.o)

.debug_pubnames
 *(.debug_pubnames)

.debug_info     0x00000000     0x70b6
 *(.debug_info .gnu.linkonce.wi.*)
 .debug_info    0x00000000      0x1a7 .\CortexM0\ARM_GCC_493\Debug\main.o
 .debug_info    0x000001a7      0x4b3 .\CortexM0\ARM_GCC_493\Debug\mpu_i2c.o
 .debug_info    0x0000065a      0x4b3 .\CortexM0\ARM_GCC_493\Debug\leds_disp.o
 .debug_info    0x00000b0d      0x2c4 .\CortexM0\ARM_GCC_493\Debug\motor_control.o
 .debug_info    0x00000dd1       0xfd .\CortexM0\ARM_GCC_493\Debug\cymetadata.o
 .debug_info    0x00000ece      0x38a .\CortexM0\ARM_GCC_493\Debug\Cm0Start.o
 .debug_info    0x00001258      0x47a .\CortexM0\ARM_GCC_493\Debug\Project1_acc.a(cyfitter_cfg.o)
 .debug_info    0x000016d2      0x208 .\CortexM0\ARM_GCC_493\Debug\Project1_acc.a(DEBUG.o)
 .debug_info    0x000018da      0x350 .\CortexM0\ARM_GCC_493\Debug\Project1_acc.a(DEBUG_UART.o)
 .debug_info    0x00001c2a      0x295 .\CortexM0\ARM_GCC_493\Debug\Project1_acc.a(I2C.o)
 .debug_info    0x00001ebf      0x1a8 .\CortexM0\ARM_GCC_493\Debug\Project1_acc.a(I2C_I2C.o)
 .debug_info    0x00002067      0x5a0 .\CortexM0\ARM_GCC_493\Debug\Project1_acc.a(I2C_I2C_MASTER.o)
 .debug_info    0x00002607      0x150 .\CortexM0\ARM_GCC_493\Debug\Project1_acc.a(DEBUG_tx.o)
 .debug_info    0x00002757      0xb1c .\CortexM0\ARM_GCC_493\Debug\Project1_acc.a(CyLib.o)
 .debug_info    0x00003273      0xdba .\CortexM0\ARM_GCC_493\Debug\Project1_acc.a(CyLFClk.o)
 .debug_info    0x0000402d      0x14e .\CortexM0\ARM_GCC_493\Debug\Project1_acc.a(LED0.o)
 .debug_info    0x0000417b      0x150 .\CortexM0\ARM_GCC_493\Debug\Project1_acc.a(LED1.o)
 .debug_info    0x000042cb      0x150 .\CortexM0\ARM_GCC_493\Debug\Project1_acc.a(LED2.o)
 .debug_info    0x0000441b      0x150 .\CortexM0\ARM_GCC_493\Debug\Project1_acc.a(LED3.o)
 .debug_info    0x0000456b      0x150 .\CortexM0\ARM_GCC_493\Debug\Project1_acc.a(LED4.o)
 .debug_info    0x000046bb      0x150 .\CortexM0\ARM_GCC_493\Debug\Project1_acc.a(LED5.o)
 .debug_info    0x0000480b      0x14e .\CortexM0\ARM_GCC_493\Debug\Project1_acc.a(LED6.o)
 .debug_info    0x00004959      0x150 .\CortexM0\ARM_GCC_493\Debug\Project1_acc.a(MOTOR1_1.o)
 .debug_info    0x00004aa9      0x150 .\CortexM0\ARM_GCC_493\Debug\Project1_acc.a(MOTOR1_2.o)
 .debug_info    0x00004bf9      0x150 .\CortexM0\ARM_GCC_493\Debug\Project1_acc.a(MOTOR2_1.o)
 .debug_info    0x00004d49      0x150 .\CortexM0\ARM_GCC_493\Debug\Project1_acc.a(MOTOR2_2.o)
 .debug_info    0x00004e99      0x150 .\CortexM0\ARM_GCC_493\Debug\Project1_acc.a(GPIO_0.o)
 .debug_info    0x00004fe9      0x150 .\CortexM0\ARM_GCC_493\Debug\Project1_acc.a(GPIO_1.o)
 .debug_info    0x00005139      0x8ed .\CortexM0\ARM_GCC_493\Debug\Project1_acc.a(Timer_i2c_isr.o)
 .debug_info    0x00005a26      0x2fe .\CortexM0\ARM_GCC_493\Debug\Project1_acc.a(i2c_isr.o)
 .debug_info    0x00005d24      0x8ed .\CortexM0\ARM_GCC_493\Debug\Project1_acc.a(Timer_led_isr.o)
 .debug_info    0x00006611      0x2fe .\CortexM0\ARM_GCC_493\Debug\Project1_acc.a(led_isr.o)
 .debug_info    0x0000690f      0x37b .\CortexM0\ARM_GCC_493\Debug\Project1_acc.a(PWM_MOTOR.o)
 .debug_info    0x00006c8a      0x215 .\CortexM0\ARM_GCC_493\Debug\Project1_acc.a(DEBUG_SPI_UART.o)
 .debug_info    0x00006e9f      0x18a .\CortexM0\ARM_GCC_493\Debug\Project1_acc.a(I2C_I2C_INT.o)
 .debug_info    0x00007029       0x8d .\CortexM0\ARM_GCC_493\Debug\Project1_acc.a(CyBootAsmGnu.o)

.debug_abbrev   0x00000000     0x274d
 *(.debug_abbrev)
 .debug_abbrev  0x00000000       0xf0 .\CortexM0\ARM_GCC_493\Debug\main.o
 .debug_abbrev  0x000000f0      0x1cb .\CortexM0\ARM_GCC_493\Debug\mpu_i2c.o
 .debug_abbrev  0x000002bb      0x124 .\CortexM0\ARM_GCC_493\Debug\leds_disp.o
 .debug_abbrev  0x000003df       0xf2 .\CortexM0\ARM_GCC_493\Debug\motor_control.o
 .debug_abbrev  0x000004d1       0x5d .\CortexM0\ARM_GCC_493\Debug\cymetadata.o
 .debug_abbrev  0x0000052e      0x1fe .\CortexM0\ARM_GCC_493\Debug\Cm0Start.o
 .debug_abbrev  0x0000072c      0x1fc .\CortexM0\ARM_GCC_493\Debug\Project1_acc.a(cyfitter_cfg.o)
 .debug_abbrev  0x00000928       0xe2 .\CortexM0\ARM_GCC_493\Debug\Project1_acc.a(DEBUG.o)
 .debug_abbrev  0x00000a0a      0x148 .\CortexM0\ARM_GCC_493\Debug\Project1_acc.a(DEBUG_UART.o)
 .debug_abbrev  0x00000b52      0x150 .\CortexM0\ARM_GCC_493\Debug\Project1_acc.a(I2C.o)
 .debug_abbrev  0x00000ca2      0x100 .\CortexM0\ARM_GCC_493\Debug\Project1_acc.a(I2C_I2C.o)
 .debug_abbrev  0x00000da2      0x196 .\CortexM0\ARM_GCC_493\Debug\Project1_acc.a(I2C_I2C_MASTER.o)
 .debug_abbrev  0x00000f38       0xb7 .\CortexM0\ARM_GCC_493\Debug\Project1_acc.a(DEBUG_tx.o)
 .debug_abbrev  0x00000fef      0x20d .\CortexM0\ARM_GCC_493\Debug\Project1_acc.a(CyLib.o)
 .debug_abbrev  0x000011fc      0x26d .\CortexM0\ARM_GCC_493\Debug\Project1_acc.a(CyLFClk.o)
 .debug_abbrev  0x00001469       0xc6 .\CortexM0\ARM_GCC_493\Debug\Project1_acc.a(LED0.o)
 .debug_abbrev  0x0000152f       0xb7 .\CortexM0\ARM_GCC_493\Debug\Project1_acc.a(LED1.o)
 .debug_abbrev  0x000015e6       0xb7 .\CortexM0\ARM_GCC_493\Debug\Project1_acc.a(LED2.o)
 .debug_abbrev  0x0000169d       0xb7 .\CortexM0\ARM_GCC_493\Debug\Project1_acc.a(LED3.o)
 .debug_abbrev  0x00001754       0xb7 .\CortexM0\ARM_GCC_493\Debug\Project1_acc.a(LED4.o)
 .debug_abbrev  0x0000180b       0xb7 .\CortexM0\ARM_GCC_493\Debug\Project1_acc.a(LED5.o)
 .debug_abbrev  0x000018c2       0xc6 .\CortexM0\ARM_GCC_493\Debug\Project1_acc.a(LED6.o)
 .debug_abbrev  0x00001988       0xb7 .\CortexM0\ARM_GCC_493\Debug\Project1_acc.a(MOTOR1_1.o)
 .debug_abbrev  0x00001a3f       0xb7 .\CortexM0\ARM_GCC_493\Debug\Project1_acc.a(MOTOR1_2.o)
 .debug_abbrev  0x00001af6       0xb7 .\CortexM0\ARM_GCC_493\Debug\Project1_acc.a(MOTOR2_1.o)
 .debug_abbrev  0x00001bad       0xb7 .\CortexM0\ARM_GCC_493\Debug\Project1_acc.a(MOTOR2_2.o)
 .debug_abbrev  0x00001c64       0xb7 .\CortexM0\ARM_GCC_493\Debug\Project1_acc.a(GPIO_0.o)
 .debug_abbrev  0x00001d1b       0xb7 .\CortexM0\ARM_GCC_493\Debug\Project1_acc.a(GPIO_1.o)
 .debug_abbrev  0x00001dd2      0x140 .\CortexM0\ARM_GCC_493\Debug\Project1_acc.a(Timer_i2c_isr.o)
 .debug_abbrev  0x00001f12      0x1c1 .\CortexM0\ARM_GCC_493\Debug\Project1_acc.a(i2c_isr.o)
 .debug_abbrev  0x000020d3      0x140 .\CortexM0\ARM_GCC_493\Debug\Project1_acc.a(Timer_led_isr.o)
 .debug_abbrev  0x00002213      0x1c1 .\CortexM0\ARM_GCC_493\Debug\Project1_acc.a(led_isr.o)
 .debug_abbrev  0x000023d4      0x15a .\CortexM0\ARM_GCC_493\Debug\Project1_acc.a(PWM_MOTOR.o)
 .debug_abbrev  0x0000252e      0x176 .\CortexM0\ARM_GCC_493\Debug\Project1_acc.a(DEBUG_SPI_UART.o)
 .debug_abbrev  0x000026a4       0x95 .\CortexM0\ARM_GCC_493\Debug\Project1_acc.a(I2C_I2C_INT.o)
 .debug_abbrev  0x00002739       0x14 .\CortexM0\ARM_GCC_493\Debug\Project1_acc.a(CyBootAsmGnu.o)

.debug_line     0x00000000     0x3156
 *(.debug_line)
 .debug_line    0x00000000       0xbf .\CortexM0\ARM_GCC_493\Debug\main.o
 .debug_line    0x000000bf      0x148 .\CortexM0\ARM_GCC_493\Debug\mpu_i2c.o
 .debug_line    0x00000207      0x153 .\CortexM0\ARM_GCC_493\Debug\leds_disp.o
 .debug_line    0x0000035a       0xe5 .\CortexM0\ARM_GCC_493\Debug\motor_control.o
 .debug_line    0x0000043f       0x53 .\CortexM0\ARM_GCC_493\Debug\cymetadata.o
 .debug_line    0x00000492      0x247 .\CortexM0\ARM_GCC_493\Debug\Cm0Start.o
 .debug_line    0x000006d9      0x19d .\CortexM0\ARM_GCC_493\Debug\Project1_acc.a(cyfitter_cfg.o)
 .debug_line    0x00000876      0x123 .\CortexM0\ARM_GCC_493\Debug\Project1_acc.a(DEBUG.o)
 .debug_line    0x00000999      0x1b8 .\CortexM0\ARM_GCC_493\Debug\Project1_acc.a(DEBUG_UART.o)
 .debug_line    0x00000b51      0x13d .\CortexM0\ARM_GCC_493\Debug\Project1_acc.a(I2C.o)
 .debug_line    0x00000c8e       0xbe .\CortexM0\ARM_GCC_493\Debug\Project1_acc.a(I2C_I2C.o)
 .debug_line    0x00000d4c      0x2ae .\CortexM0\ARM_GCC_493\Debug\Project1_acc.a(I2C_I2C_MASTER.o)
 .debug_line    0x00000ffa       0xae .\CortexM0\ARM_GCC_493\Debug\Project1_acc.a(DEBUG_tx.o)
 .debug_line    0x000010a8      0x483 .\CortexM0\ARM_GCC_493\Debug\Project1_acc.a(CyLib.o)
 .debug_line    0x0000152b      0x4cf .\CortexM0\ARM_GCC_493\Debug\Project1_acc.a(CyLFClk.o)
 .debug_line    0x000019fa       0xa9 .\CortexM0\ARM_GCC_493\Debug\Project1_acc.a(LED0.o)
 .debug_line    0x00001aa3       0xaa .\CortexM0\ARM_GCC_493\Debug\Project1_acc.a(LED1.o)
 .debug_line    0x00001b4d       0xaa .\CortexM0\ARM_GCC_493\Debug\Project1_acc.a(LED2.o)
 .debug_line    0x00001bf7       0xaa .\CortexM0\ARM_GCC_493\Debug\Project1_acc.a(LED3.o)
 .debug_line    0x00001ca1       0xaa .\CortexM0\ARM_GCC_493\Debug\Project1_acc.a(LED4.o)
 .debug_line    0x00001d4b       0xaa .\CortexM0\ARM_GCC_493\Debug\Project1_acc.a(LED5.o)
 .debug_line    0x00001df5       0xa9 .\CortexM0\ARM_GCC_493\Debug\Project1_acc.a(LED6.o)
 .debug_line    0x00001e9e       0xae .\CortexM0\ARM_GCC_493\Debug\Project1_acc.a(MOTOR1_1.o)
 .debug_line    0x00001f4c       0xae .\CortexM0\ARM_GCC_493\Debug\Project1_acc.a(MOTOR1_2.o)
 .debug_line    0x00001ffa       0xae .\CortexM0\ARM_GCC_493\Debug\Project1_acc.a(MOTOR2_1.o)
 .debug_line    0x000020a8       0xae .\CortexM0\ARM_GCC_493\Debug\Project1_acc.a(MOTOR2_2.o)
 .debug_line    0x00002156       0xac .\CortexM0\ARM_GCC_493\Debug\Project1_acc.a(GPIO_0.o)
 .debug_line    0x00002202       0xac .\CortexM0\ARM_GCC_493\Debug\Project1_acc.a(GPIO_1.o)
 .debug_line    0x000022ae      0x381 .\CortexM0\ARM_GCC_493\Debug\Project1_acc.a(Timer_i2c_isr.o)
 .debug_line    0x0000262f      0x16c .\CortexM0\ARM_GCC_493\Debug\Project1_acc.a(i2c_isr.o)
 .debug_line    0x0000279b      0x381 .\CortexM0\ARM_GCC_493\Debug\Project1_acc.a(Timer_led_isr.o)
 .debug_line    0x00002b1c      0x16c .\CortexM0\ARM_GCC_493\Debug\Project1_acc.a(led_isr.o)
 .debug_line    0x00002c88      0x1b9 .\CortexM0\ARM_GCC_493\Debug\Project1_acc.a(PWM_MOTOR.o)
 .debug_line    0x00002e41      0x134 .\CortexM0\ARM_GCC_493\Debug\Project1_acc.a(DEBUG_SPI_UART.o)
 .debug_line    0x00002f75      0x179 .\CortexM0\ARM_GCC_493\Debug\Project1_acc.a(I2C_I2C_INT.o)
 .debug_line    0x000030ee       0x68 .\CortexM0\ARM_GCC_493\Debug\Project1_acc.a(CyBootAsmGnu.o)

.debug_frame    0x00000000     0x2160
 *(.debug_frame)
 .debug_frame   0x00000000       0x48 .\CortexM0\ARM_GCC_493\Debug\main.o
 .debug_frame   0x00000048       0xcc .\CortexM0\ARM_GCC_493\Debug\mpu_i2c.o
 .debug_frame   0x00000114       0x9c .\CortexM0\ARM_GCC_493\Debug\leds_disp.o
 .debug_frame   0x000001b0       0x64 .\CortexM0\ARM_GCC_493\Debug\motor_control.o
 .debug_frame   0x00000214       0xb0 .\CortexM0\ARM_GCC_493\Debug\Cm0Start.o
 .debug_frame   0x000002c4       0x98 .\CortexM0\ARM_GCC_493\Debug\Project1_acc.a(cyfitter_cfg.o)
 .debug_frame   0x0000035c       0xd8 .\CortexM0\ARM_GCC_493\Debug\Project1_acc.a(DEBUG.o)
 .debug_frame   0x00000434      0x130 .\CortexM0\ARM_GCC_493\Debug\Project1_acc.a(DEBUG_UART.o)
 .debug_frame   0x00000564       0xe8 .\CortexM0\ARM_GCC_493\Debug\Project1_acc.a(I2C.o)
 .debug_frame   0x0000064c       0x3c .\CortexM0\ARM_GCC_493\Debug\Project1_acc.a(I2C_I2C.o)
 .debug_frame   0x00000688      0x16c .\CortexM0\ARM_GCC_493\Debug\Project1_acc.a(I2C_I2C_MASTER.o)
 .debug_frame   0x000007f4       0x60 .\CortexM0\ARM_GCC_493\Debug\Project1_acc.a(DEBUG_tx.o)
 .debug_frame   0x00000854      0x408 .\CortexM0\ARM_GCC_493\Debug\Project1_acc.a(CyLib.o)
 .debug_frame   0x00000c5c      0x400 .\CortexM0\ARM_GCC_493\Debug\Project1_acc.a(CyLFClk.o)
 .debug_frame   0x0000105c       0x60 .\CortexM0\ARM_GCC_493\Debug\Project1_acc.a(LED0.o)
 .debug_frame   0x000010bc       0x60 .\CortexM0\ARM_GCC_493\Debug\Project1_acc.a(LED1.o)
 .debug_frame   0x0000111c       0x60 .\CortexM0\ARM_GCC_493\Debug\Project1_acc.a(LED2.o)
 .debug_frame   0x0000117c       0x60 .\CortexM0\ARM_GCC_493\Debug\Project1_acc.a(LED3.o)
 .debug_frame   0x000011dc       0x60 .\CortexM0\ARM_GCC_493\Debug\Project1_acc.a(LED4.o)
 .debug_frame   0x0000123c       0x60 .\CortexM0\ARM_GCC_493\Debug\Project1_acc.a(LED5.o)
 .debug_frame   0x0000129c       0x60 .\CortexM0\ARM_GCC_493\Debug\Project1_acc.a(LED6.o)
 .debug_frame   0x000012fc       0x60 .\CortexM0\ARM_GCC_493\Debug\Project1_acc.a(MOTOR1_1.o)
 .debug_frame   0x0000135c       0x60 .\CortexM0\ARM_GCC_493\Debug\Project1_acc.a(MOTOR1_2.o)
 .debug_frame   0x000013bc       0x60 .\CortexM0\ARM_GCC_493\Debug\Project1_acc.a(MOTOR2_1.o)
 .debug_frame   0x0000141c       0x60 .\CortexM0\ARM_GCC_493\Debug\Project1_acc.a(MOTOR2_2.o)
 .debug_frame   0x0000147c       0x60 .\CortexM0\ARM_GCC_493\Debug\Project1_acc.a(GPIO_0.o)
 .debug_frame   0x000014dc       0x60 .\CortexM0\ARM_GCC_493\Debug\Project1_acc.a(GPIO_1.o)
 .debug_frame   0x0000153c      0x390 .\CortexM0\ARM_GCC_493\Debug\Project1_acc.a(Timer_i2c_isr.o)
 .debug_frame   0x000018cc      0x110 .\CortexM0\ARM_GCC_493\Debug\Project1_acc.a(i2c_isr.o)
 .debug_frame   0x000019dc      0x390 .\CortexM0\ARM_GCC_493\Debug\Project1_acc.a(Timer_led_isr.o)
 .debug_frame   0x00001d6c      0x110 .\CortexM0\ARM_GCC_493\Debug\Project1_acc.a(led_isr.o)
 .debug_frame   0x00001e7c      0x154 .\CortexM0\ARM_GCC_493\Debug\Project1_acc.a(PWM_MOTOR.o)
 .debug_frame   0x00001fd0       0xb0 .\CortexM0\ARM_GCC_493\Debug\Project1_acc.a(DEBUG_SPI_UART.o)
 .debug_frame   0x00002080       0x2c .\CortexM0\ARM_GCC_493\Debug\Project1_acc.a(I2C_I2C_INT.o)
 .debug_frame   0x000020ac       0x20 c:/program files (x86)/cypress/psoc creator/3.3/psoc creator/import/gnu/arm/4.9.3/bin/../lib/gcc/arm-none-eabi/4.9.3/armv6-m\libgcc.a(_udivsi3.o)
 .debug_frame   0x000020cc       0x20 c:/program files (x86)/cypress/psoc creator/3.3/psoc creator/import/gnu/arm/4.9.3/bin/../lib/gcc/arm-none-eabi/4.9.3/../../../../arm-none-eabi/lib/armv6-m\libg_nano.a(lib_a-errno.o)
 .debug_frame   0x000020ec       0x28 c:/program files (x86)/cypress/psoc creator/3.3/psoc creator/import/gnu/arm/4.9.3/bin/../lib/gcc/arm-none-eabi/4.9.3/../../../../arm-none-eabi/lib/armv6-m\libg_nano.a(lib_a-exit.o)
 .debug_frame   0x00002114       0x2c c:/program files (x86)/cypress/psoc creator/3.3/psoc creator/import/gnu/arm/4.9.3/bin/../lib/gcc/arm-none-eabi/4.9.3/../../../../arm-none-eabi/lib/armv6-m\libg_nano.a(lib_a-init.o)
 .debug_frame   0x00002140       0x20 c:/program files (x86)/cypress/psoc creator/3.3/psoc creator/import/gnu/arm/4.9.3/bin/../lib/gcc/arm-none-eabi/4.9.3/../../../../arm-none-eabi/lib/armv6-m\libg_nano.a(lib_a-memset.o)

.debug_str      0x00000000     0x2ada
 *(.debug_str)
 .debug_str     0x00000000      0x1cb .\CortexM0\ARM_GCC_493\Debug\main.o
                                0x204 (size before relaxing)
 .debug_str     0x000001cb      0x162 .\CortexM0\ARM_GCC_493\Debug\mpu_i2c.o
                                0x331 (size before relaxing)
 .debug_str     0x0000032d       0xfd .\CortexM0\ARM_GCC_493\Debug\leds_disp.o
                                0x28e (size before relaxing)
 .debug_str     0x0000042a       0xd2 .\CortexM0\ARM_GCC_493\Debug\motor_control.o
                                0x242 (size before relaxing)
 .debug_str     0x000004fc       0x5b .\CortexM0\ARM_GCC_493\Debug\cymetadata.o
                                0x1cb (size before relaxing)
 .debug_str     0x00000557      0x14f .\CortexM0\ARM_GCC_493\Debug\Cm0Start.o
                                0x2f2 (size before relaxing)
 .debug_str     0x000006a6      0x159 .\CortexM0\ARM_GCC_493\Debug\Project1_acc.a(cyfitter_cfg.o)
                                0x327 (size before relaxing)
 .debug_str     0x000007ff       0xe6 .\CortexM0\ARM_GCC_493\Debug\Project1_acc.a(DEBUG.o)
                                0x27e (size before relaxing)
 .debug_str     0x000008e5      0x1c2 .\CortexM0\ARM_GCC_493\Debug\Project1_acc.a(DEBUG_UART.o)
                                0x37a (size before relaxing)
 .debug_str     0x00000aa7      0x100 .\CortexM0\ARM_GCC_493\Debug\Project1_acc.a(I2C.o)
                                0x2af (size before relaxing)
 .debug_str     0x00000ba7       0x73 .\CortexM0\ARM_GCC_493\Debug\Project1_acc.a(I2C_I2C.o)
                                0x238 (size before relaxing)
 .debug_str     0x00000c1a      0x1d8 .\CortexM0\ARM_GCC_493\Debug\Project1_acc.a(I2C_I2C_MASTER.o)
                                0x414 (size before relaxing)
 .debug_str     0x00000df2       0x88 .\CortexM0\ARM_GCC_493\Debug\Project1_acc.a(DEBUG_tx.o)
                                0x216 (size before relaxing)
 .debug_str     0x00000e7a      0x45a .\CortexM0\ARM_GCC_493\Debug\Project1_acc.a(CyLib.o)
                                0x6a7 (size before relaxing)
 .debug_str     0x000012d4      0x50c .\CortexM0\ARM_GCC_493\Debug\Project1_acc.a(CyLFClk.o)
                                0x71b (size before relaxing)
 .debug_str     0x000017e0       0x61 .\CortexM0\ARM_GCC_493\Debug\Project1_acc.a(LED0.o)
                                0x1fe (size before relaxing)
 .debug_str     0x00001841       0x61 .\CortexM0\ARM_GCC_493\Debug\Project1_acc.a(LED1.o)
                                0x1fe (size before relaxing)
 .debug_str     0x000018a2       0x61 .\CortexM0\ARM_GCC_493\Debug\Project1_acc.a(LED2.o)
                                0x1fe (size before relaxing)
 .debug_str     0x00001903       0x61 .\CortexM0\ARM_GCC_493\Debug\Project1_acc.a(LED3.o)
                                0x1fe (size before relaxing)
 .debug_str     0x00001964       0x61 .\CortexM0\ARM_GCC_493\Debug\Project1_acc.a(LED4.o)
                                0x1fe (size before relaxing)
 .debug_str     0x000019c5       0x61 .\CortexM0\ARM_GCC_493\Debug\Project1_acc.a(LED5.o)
                                0x1fe (size before relaxing)
 .debug_str     0x00001a26       0x61 .\CortexM0\ARM_GCC_493\Debug\Project1_acc.a(LED6.o)
                                0x1fe (size before relaxing)
 .debug_str     0x00001a87       0x75 .\CortexM0\ARM_GCC_493\Debug\Project1_acc.a(MOTOR1_1.o)
                                0x216 (size before relaxing)
 .debug_str     0x00001afc       0x75 .\CortexM0\ARM_GCC_493\Debug\Project1_acc.a(MOTOR1_2.o)
                                0x216 (size before relaxing)
 .debug_str     0x00001b71       0x75 .\CortexM0\ARM_GCC_493\Debug\Project1_acc.a(MOTOR2_1.o)
                                0x216 (size before relaxing)
 .debug_str     0x00001be6       0x75 .\CortexM0\ARM_GCC_493\Debug\Project1_acc.a(MOTOR2_2.o)
                                0x216 (size before relaxing)
 .debug_str     0x00001c5b       0x5f .\CortexM0\ARM_GCC_493\Debug\Project1_acc.a(GPIO_0.o)
                                0x20a (size before relaxing)
 .debug_str     0x00001cba       0x6b .\CortexM0\ARM_GCC_493\Debug\Project1_acc.a(GPIO_1.o)
                                0x20a (size before relaxing)
 .debug_str     0x00001d25      0x507 .\CortexM0\ARM_GCC_493\Debug\Project1_acc.a(Timer_i2c_isr.o)
                                0x6f2 (size before relaxing)
 .debug_str     0x0000222c       0xc4 .\CortexM0\ARM_GCC_493\Debug\Project1_acc.a(i2c_isr.o)
                                0x2f7 (size before relaxing)
 .debug_str     0x000022f0      0x448 .\CortexM0\ARM_GCC_493\Debug\Project1_acc.a(Timer_led_isr.o)
                                0x6f2 (size before relaxing)
 .debug_str     0x00002738       0xb5 .\CortexM0\ARM_GCC_493\Debug\Project1_acc.a(led_isr.o)
                                0x2f7 (size before relaxing)
 .debug_str     0x000027ed      0x1b8 .\CortexM0\ARM_GCC_493\Debug\Project1_acc.a(PWM_MOTOR.o)
                                0x3bf (size before relaxing)
 .debug_str     0x000029a5       0xec .\CortexM0\ARM_GCC_493\Debug\Project1_acc.a(DEBUG_SPI_UART.o)
                                0x2c9 (size before relaxing)
 .debug_str     0x00002a91       0x49 .\CortexM0\ARM_GCC_493\Debug\Project1_acc.a(I2C_I2C_INT.o)
                                0x29b (size before relaxing)

.debug_loc      0x00000000     0x30e1
 *(.debug_loc)
 .debug_loc     0x00000000       0x21 .\CortexM0\ARM_GCC_493\Debug\leds_disp.o
 .debug_loc     0x00000021      0x166 .\CortexM0\ARM_GCC_493\Debug\motor_control.o
 .debug_loc     0x00000187      0x14f .\CortexM0\ARM_GCC_493\Debug\Cm0Start.o
 .debug_loc     0x000002d6      0x118 .\CortexM0\ARM_GCC_493\Debug\Project1_acc.a(cyfitter_cfg.o)
 .debug_loc     0x000003ee       0x7e .\CortexM0\ARM_GCC_493\Debug\Project1_acc.a(DEBUG.o)
 .debug_loc     0x0000046c      0x1b2 .\CortexM0\ARM_GCC_493\Debug\Project1_acc.a(DEBUG_UART.o)
 .debug_loc     0x0000061e       0x7e .\CortexM0\ARM_GCC_493\Debug\Project1_acc.a(I2C.o)
 .debug_loc     0x0000069c      0x88e .\CortexM0\ARM_GCC_493\Debug\Project1_acc.a(I2C_I2C_MASTER.o)
 .debug_loc     0x00000f2a       0x81 .\CortexM0\ARM_GCC_493\Debug\Project1_acc.a(DEBUG_tx.o)
 .debug_loc     0x00000fab      0x4ef .\CortexM0\ARM_GCC_493\Debug\Project1_acc.a(CyLib.o)
 .debug_loc     0x0000149a      0x8a2 .\CortexM0\ARM_GCC_493\Debug\Project1_acc.a(CyLFClk.o)
 .debug_loc     0x00001d3c       0x60 .\CortexM0\ARM_GCC_493\Debug\Project1_acc.a(LED0.o)
 .debug_loc     0x00001d9c       0x81 .\CortexM0\ARM_GCC_493\Debug\Project1_acc.a(LED1.o)
 .debug_loc     0x00001e1d       0x81 .\CortexM0\ARM_GCC_493\Debug\Project1_acc.a(LED2.o)
 .debug_loc     0x00001e9e       0x81 .\CortexM0\ARM_GCC_493\Debug\Project1_acc.a(LED3.o)
 .debug_loc     0x00001f1f       0x81 .\CortexM0\ARM_GCC_493\Debug\Project1_acc.a(LED4.o)
 .debug_loc     0x00001fa0       0x81 .\CortexM0\ARM_GCC_493\Debug\Project1_acc.a(LED5.o)
 .debug_loc     0x00002021       0x60 .\CortexM0\ARM_GCC_493\Debug\Project1_acc.a(LED6.o)
 .debug_loc     0x00002081       0x81 .\CortexM0\ARM_GCC_493\Debug\Project1_acc.a(MOTOR1_1.o)
 .debug_loc     0x00002102       0x81 .\CortexM0\ARM_GCC_493\Debug\Project1_acc.a(MOTOR1_2.o)
 .debug_loc     0x00002183       0x81 .\CortexM0\ARM_GCC_493\Debug\Project1_acc.a(MOTOR2_1.o)
 .debug_loc     0x00002204       0x81 .\CortexM0\ARM_GCC_493\Debug\Project1_acc.a(MOTOR2_2.o)
 .debug_loc     0x00002285       0x81 .\CortexM0\ARM_GCC_493\Debug\Project1_acc.a(GPIO_0.o)
 .debug_loc     0x00002306       0x81 .\CortexM0\ARM_GCC_493\Debug\Project1_acc.a(GPIO_1.o)
 .debug_loc     0x00002387      0x547 .\CortexM0\ARM_GCC_493\Debug\Project1_acc.a(Timer_i2c_isr.o)
 .debug_loc     0x000028ce       0x82 .\CortexM0\ARM_GCC_493\Debug\Project1_acc.a(i2c_isr.o)
 .debug_loc     0x00002950      0x547 .\CortexM0\ARM_GCC_493\Debug\Project1_acc.a(Timer_led_isr.o)
 .debug_loc     0x00002e97       0x82 .\CortexM0\ARM_GCC_493\Debug\Project1_acc.a(led_isr.o)
 .debug_loc     0x00002f19       0x26 .\CortexM0\ARM_GCC_493\Debug\Project1_acc.a(PWM_MOTOR.o)
 .debug_loc     0x00002f3f       0x96 .\CortexM0\ARM_GCC_493\Debug\Project1_acc.a(DEBUG_SPI_UART.o)
 .debug_loc     0x00002fd5      0x10c .\CortexM0\ARM_GCC_493\Debug\Project1_acc.a(I2C_I2C_INT.o)

.debug_macinfo
 *(.debug_macinfo)

.debug_ranges   0x00000000      0xc88
 *(.debug_ranges)
 .debug_ranges  0x00000000       0x18 .\CortexM0\ARM_GCC_493\Debug\main.o
 .debug_ranges  0x00000018       0x48 .\CortexM0\ARM_GCC_493\Debug\mpu_i2c.o
 .debug_ranges  0x00000060       0x30 .\CortexM0\ARM_GCC_493\Debug\leds_disp.o
 .debug_ranges  0x00000090       0x20 .\CortexM0\ARM_GCC_493\Debug\motor_control.o
 .debug_ranges  0x000000b0       0x38 .\CortexM0\ARM_GCC_493\Debug\Cm0Start.o
 .debug_ranges  0x000000e8       0x30 .\CortexM0\ARM_GCC_493\Debug\Project1_acc.a(cyfitter_cfg.o)
 .debug_ranges  0x00000118       0x48 .\CortexM0\ARM_GCC_493\Debug\Project1_acc.a(DEBUG.o)
 .debug_ranges  0x00000160       0x78 .\CortexM0\ARM_GCC_493\Debug\Project1_acc.a(DEBUG_UART.o)
 .debug_ranges  0x000001d8       0x50 .\CortexM0\ARM_GCC_493\Debug\Project1_acc.a(I2C.o)
 .debug_ranges  0x00000228       0x18 .\CortexM0\ARM_GCC_493\Debug\Project1_acc.a(I2C_I2C.o)
 .debug_ranges  0x00000240       0x78 .\CortexM0\ARM_GCC_493\Debug\Project1_acc.a(I2C_I2C_MASTER.o)
 .debug_ranges  0x000002b8       0x30 .\CortexM0\ARM_GCC_493\Debug\Project1_acc.a(DEBUG_tx.o)
 .debug_ranges  0x000002e8      0x188 .\CortexM0\ARM_GCC_493\Debug\Project1_acc.a(CyLib.o)
 .debug_ranges  0x00000470      0x140 .\CortexM0\ARM_GCC_493\Debug\Project1_acc.a(CyLFClk.o)
 .debug_ranges  0x000005b0       0x30 .\CortexM0\ARM_GCC_493\Debug\Project1_acc.a(LED0.o)
 .debug_ranges  0x000005e0       0x30 .\CortexM0\ARM_GCC_493\Debug\Project1_acc.a(LED1.o)
 .debug_ranges  0x00000610       0x30 .\CortexM0\ARM_GCC_493\Debug\Project1_acc.a(LED2.o)
 .debug_ranges  0x00000640       0x30 .\CortexM0\ARM_GCC_493\Debug\Project1_acc.a(LED3.o)
 .debug_ranges  0x00000670       0x30 .\CortexM0\ARM_GCC_493\Debug\Project1_acc.a(LED4.o)
 .debug_ranges  0x000006a0       0x30 .\CortexM0\ARM_GCC_493\Debug\Project1_acc.a(LED5.o)
 .debug_ranges  0x000006d0       0x30 .\CortexM0\ARM_GCC_493\Debug\Project1_acc.a(LED6.o)
 .debug_ranges  0x00000700       0x30 .\CortexM0\ARM_GCC_493\Debug\Project1_acc.a(MOTOR1_1.o)
 .debug_ranges  0x00000730       0x30 .\CortexM0\ARM_GCC_493\Debug\Project1_acc.a(MOTOR1_2.o)
 .debug_ranges  0x00000760       0x30 .\CortexM0\ARM_GCC_493\Debug\Project1_acc.a(MOTOR2_1.o)
 .debug_ranges  0x00000790       0x30 .\CortexM0\ARM_GCC_493\Debug\Project1_acc.a(MOTOR2_2.o)
 .debug_ranges  0x000007c0       0x30 .\CortexM0\ARM_GCC_493\Debug\Project1_acc.a(GPIO_0.o)
 .debug_ranges  0x000007f0       0x30 .\CortexM0\ARM_GCC_493\Debug\Project1_acc.a(GPIO_1.o)
 .debug_ranges  0x00000820      0x148 .\CortexM0\ARM_GCC_493\Debug\Project1_acc.a(Timer_i2c_isr.o)
 .debug_ranges  0x00000968       0x70 .\CortexM0\ARM_GCC_493\Debug\Project1_acc.a(i2c_isr.o)
 .debug_ranges  0x000009d8      0x148 .\CortexM0\ARM_GCC_493\Debug\Project1_acc.a(Timer_led_isr.o)
 .debug_ranges  0x00000b20       0x70 .\CortexM0\ARM_GCC_493\Debug\Project1_acc.a(led_isr.o)
 .debug_ranges  0x00000b90       0x98 .\CortexM0\ARM_GCC_493\Debug\Project1_acc.a(PWM_MOTOR.o)
 .debug_ranges  0x00000c28       0x50 .\CortexM0\ARM_GCC_493\Debug\Project1_acc.a(DEBUG_SPI_UART.o)
 .debug_ranges  0x00000c78       0x10 .\CortexM0\ARM_GCC_493\Debug\Project1_acc.a(I2C_I2C_INT.o)

.comment        0x00000000       0x70
 .comment       0x00000000       0x70 .\CortexM0\ARM_GCC_493\Debug\main.o
                                 0x71 (size before relaxing)
 .comment       0x00000000       0x71 .\CortexM0\ARM_GCC_493\Debug\mpu_i2c.o
 .comment       0x00000000       0x71 .\CortexM0\ARM_GCC_493\Debug\leds_disp.o
 .comment       0x00000000       0x71 .\CortexM0\ARM_GCC_493\Debug\motor_control.o
 .comment       0x00000000       0x71 .\CortexM0\ARM_GCC_493\Debug\cymetadata.o
 .comment       0x00000000       0x71 .\CortexM0\ARM_GCC_493\Debug\Cm0Start.o
 .comment       0x00000000       0x71 .\CortexM0\ARM_GCC_493\Debug\Project1_acc.a(cyfitter_cfg.o)
 .comment       0x00000000       0x71 .\CortexM0\ARM_GCC_493\Debug\Project1_acc.a(DEBUG.o)
 .comment       0x00000000       0x71 .\CortexM0\ARM_GCC_493\Debug\Project1_acc.a(DEBUG_UART.o)
 .comment       0x00000000       0x71 .\CortexM0\ARM_GCC_493\Debug\Project1_acc.a(I2C.o)
 .comment       0x00000000       0x71 .\CortexM0\ARM_GCC_493\Debug\Project1_acc.a(I2C_I2C.o)
 .comment       0x00000000       0x71 .\CortexM0\ARM_GCC_493\Debug\Project1_acc.a(I2C_I2C_MASTER.o)
 .comment       0x00000000       0x71 .\CortexM0\ARM_GCC_493\Debug\Project1_acc.a(DEBUG_tx.o)
 .comment       0x00000000       0x71 .\CortexM0\ARM_GCC_493\Debug\Project1_acc.a(CyLib.o)
 .comment       0x00000000       0x71 .\CortexM0\ARM_GCC_493\Debug\Project1_acc.a(CyLFClk.o)
 .comment       0x00000000       0x71 .\CortexM0\ARM_GCC_493\Debug\Project1_acc.a(LED0.o)
 .comment       0x00000000       0x71 .\CortexM0\ARM_GCC_493\Debug\Project1_acc.a(LED1.o)
 .comment       0x00000000       0x71 .\CortexM0\ARM_GCC_493\Debug\Project1_acc.a(LED2.o)
 .comment       0x00000000       0x71 .\CortexM0\ARM_GCC_493\Debug\Project1_acc.a(LED3.o)
 .comment       0x00000000       0x71 .\CortexM0\ARM_GCC_493\Debug\Project1_acc.a(LED4.o)
 .comment       0x00000000       0x71 .\CortexM0\ARM_GCC_493\Debug\Project1_acc.a(LED5.o)
 .comment       0x00000000       0x71 .\CortexM0\ARM_GCC_493\Debug\Project1_acc.a(LED6.o)
 .comment       0x00000000       0x71 .\CortexM0\ARM_GCC_493\Debug\Project1_acc.a(MOTOR1_1.o)
 .comment       0x00000000       0x71 .\CortexM0\ARM_GCC_493\Debug\Project1_acc.a(MOTOR1_2.o)
 .comment       0x00000000       0x71 .\CortexM0\ARM_GCC_493\Debug\Project1_acc.a(MOTOR2_1.o)
 .comment       0x00000000       0x71 .\CortexM0\ARM_GCC_493\Debug\Project1_acc.a(MOTOR2_2.o)
 .comment       0x00000000       0x71 .\CortexM0\ARM_GCC_493\Debug\Project1_acc.a(GPIO_0.o)
 .comment       0x00000000       0x71 .\CortexM0\ARM_GCC_493\Debug\Project1_acc.a(GPIO_1.o)
 .comment       0x00000000       0x71 .\CortexM0\ARM_GCC_493\Debug\Project1_acc.a(Timer_i2c_isr.o)
 .comment       0x00000000       0x71 .\CortexM0\ARM_GCC_493\Debug\Project1_acc.a(i2c_isr.o)
 .comment       0x00000000       0x71 .\CortexM0\ARM_GCC_493\Debug\Project1_acc.a(Timer_led_isr.o)
 .comment       0x00000000       0x71 .\CortexM0\ARM_GCC_493\Debug\Project1_acc.a(led_isr.o)
 .comment       0x00000000       0x71 .\CortexM0\ARM_GCC_493\Debug\Project1_acc.a(PWM_MOTOR.o)
 .comment       0x00000000       0x71 .\CortexM0\ARM_GCC_493\Debug\Project1_acc.a(DEBUG_SPI_UART.o)
 .comment       0x00000000       0x71 .\CortexM0\ARM_GCC_493\Debug\Project1_acc.a(I2C_I2C_INT.o)

.debug_weaknames
 *(.debug_weaknames)

.debug_funcnames
 *(.debug_funcnames)

.debug_typenames
 *(.debug_typenames)

.debug_varnames
 *(.debug_varnames)

.note.gnu.arm.ident
 *(.note.gnu.arm.ident)

.ARM.attributes
                0x00000000       0x28
 *(.ARM.attributes)
 .ARM.attributes
                0x00000000       0x1e c:/program files (x86)/cypress/psoc creator/3.3/psoc creator/import/gnu/arm/4.9.3/bin/../lib/gcc/arm-none-eabi/4.9.3/armv6-m/crti.o
 .ARM.attributes
                0x0000001e       0x2c c:/program files (x86)/cypress/psoc creator/3.3/psoc creator/import/gnu/arm/4.9.3/bin/../lib/gcc/arm-none-eabi/4.9.3/armv6-m/crtbegin.o
 .ARM.attributes
                0x0000004a       0x1b c:/program files (x86)/cypress/psoc creator/3.3/psoc creator/import/gnu/arm/4.9.3/bin/../lib/gcc/arm-none-eabi/4.9.3/../../../../arm-none-eabi/lib/armv6-m/crt0.o
 .ARM.attributes
                0x00000065       0x31 .\CortexM0\ARM_GCC_493\Debug\main.o
 .ARM.attributes
                0x00000096       0x31 .\CortexM0\ARM_GCC_493\Debug\mpu_i2c.o
 .ARM.attributes
                0x000000c7       0x31 .\CortexM0\ARM_GCC_493\Debug\leds_disp.o
 .ARM.attributes
                0x000000f8       0x31 .\CortexM0\ARM_GCC_493\Debug\motor_control.o
 .ARM.attributes
                0x00000129       0x31 .\CortexM0\ARM_GCC_493\Debug\cymetadata.o
 .ARM.attributes
                0x0000015a       0x31 .\CortexM0\ARM_GCC_493\Debug\Cm0Start.o
 .ARM.attributes
                0x0000018b       0x31 .\CortexM0\ARM_GCC_493\Debug\Project1_acc.a(cyfitter_cfg.o)
 .ARM.attributes
                0x000001bc       0x31 .\CortexM0\ARM_GCC_493\Debug\Project1_acc.a(DEBUG.o)
 .ARM.attributes
                0x000001ed       0x31 .\CortexM0\ARM_GCC_493\Debug\Project1_acc.a(DEBUG_UART.o)
 .ARM.attributes
                0x0000021e       0x31 .\CortexM0\ARM_GCC_493\Debug\Project1_acc.a(I2C.o)
 .ARM.attributes
                0x0000024f       0x31 .\CortexM0\ARM_GCC_493\Debug\Project1_acc.a(I2C_I2C.o)
 .ARM.attributes
                0x00000280       0x31 .\CortexM0\ARM_GCC_493\Debug\Project1_acc.a(I2C_I2C_MASTER.o)
 .ARM.attributes
                0x000002b1       0x31 .\CortexM0\ARM_GCC_493\Debug\Project1_acc.a(DEBUG_tx.o)
 .ARM.attributes
                0x000002e2       0x31 .\CortexM0\ARM_GCC_493\Debug\Project1_acc.a(CyLib.o)
 .ARM.attributes
                0x00000313       0x31 .\CortexM0\ARM_GCC_493\Debug\Project1_acc.a(CyLFClk.o)
 .ARM.attributes
                0x00000344       0x31 .\CortexM0\ARM_GCC_493\Debug\Project1_acc.a(LED0.o)
 .ARM.attributes
                0x00000375       0x31 .\CortexM0\ARM_GCC_493\Debug\Project1_acc.a(LED1.o)
 .ARM.attributes
                0x000003a6       0x31 .\CortexM0\ARM_GCC_493\Debug\Project1_acc.a(LED2.o)
 .ARM.attributes
                0x000003d7       0x31 .\CortexM0\ARM_GCC_493\Debug\Project1_acc.a(LED3.o)
 .ARM.attributes
                0x00000408       0x31 .\CortexM0\ARM_GCC_493\Debug\Project1_acc.a(LED4.o)
 .ARM.attributes
                0x00000439       0x31 .\CortexM0\ARM_GCC_493\Debug\Project1_acc.a(LED5.o)
 .ARM.attributes
                0x0000046a       0x31 .\CortexM0\ARM_GCC_493\Debug\Project1_acc.a(LED6.o)
 .ARM.attributes
                0x0000049b       0x31 .\CortexM0\ARM_GCC_493\Debug\Project1_acc.a(MOTOR1_1.o)
 .ARM.attributes
                0x000004cc       0x31 .\CortexM0\ARM_GCC_493\Debug\Project1_acc.a(MOTOR1_2.o)
 .ARM.attributes
                0x000004fd       0x31 .\CortexM0\ARM_GCC_493\Debug\Project1_acc.a(MOTOR2_1.o)
 .ARM.attributes
                0x0000052e       0x31 .\CortexM0\ARM_GCC_493\Debug\Project1_acc.a(MOTOR2_2.o)
 .ARM.attributes
                0x0000055f       0x31 .\CortexM0\ARM_GCC_493\Debug\Project1_acc.a(GPIO_0.o)
 .ARM.attributes
                0x00000590       0x31 .\CortexM0\ARM_GCC_493\Debug\Project1_acc.a(GPIO_1.o)
 .ARM.attributes
                0x000005c1       0x31 .\CortexM0\ARM_GCC_493\Debug\Project1_acc.a(Timer_i2c_isr.o)
 .ARM.attributes
                0x000005f2       0x31 .\CortexM0\ARM_GCC_493\Debug\Project1_acc.a(i2c_isr.o)
 .ARM.attributes
                0x00000623       0x31 .\CortexM0\ARM_GCC_493\Debug\Project1_acc.a(Timer_led_isr.o)
 .ARM.attributes
                0x00000654       0x31 .\CortexM0\ARM_GCC_493\Debug\Project1_acc.a(led_isr.o)
 .ARM.attributes
                0x00000685       0x31 .\CortexM0\ARM_GCC_493\Debug\Project1_acc.a(PWM_MOTOR.o)
 .ARM.attributes
                0x000006b6       0x31 .\CortexM0\ARM_GCC_493\Debug\Project1_acc.a(DEBUG_SPI_UART.o)
 .ARM.attributes
                0x000006e7       0x31 .\CortexM0\ARM_GCC_493\Debug\Project1_acc.a(I2C_I2C_INT.o)
 .ARM.attributes
                0x00000718       0x21 .\CortexM0\ARM_GCC_493\Debug\Project1_acc.a(CyBootAsmGnu.o)
 .ARM.attributes
                0x00000739       0x1e c:/program files (x86)/cypress/psoc creator/3.3/psoc creator/import/gnu/arm/4.9.3/bin/../lib/gcc/arm-none-eabi/4.9.3/armv6-m\libgcc.a(_udivsi3.o)
 .ARM.attributes
                0x00000757       0x1e c:/program files (x86)/cypress/psoc creator/3.3/psoc creator/import/gnu/arm/4.9.3/bin/../lib/gcc/arm-none-eabi/4.9.3/armv6-m\libgcc.a(_dvmd_tls.o)
 .ARM.attributes
                0x00000775       0x2c c:/program files (x86)/cypress/psoc creator/3.3/psoc creator/import/gnu/arm/4.9.3/bin/../lib/gcc/arm-none-eabi/4.9.3/../../../../arm-none-eabi/lib/armv6-m\libg_nano.a(lib_a-errno.o)
 .ARM.attributes
                0x000007a1       0x2c c:/program files (x86)/cypress/psoc creator/3.3/psoc creator/import/gnu/arm/4.9.3/bin/../lib/gcc/arm-none-eabi/4.9.3/../../../../arm-none-eabi/lib/armv6-m\libg_nano.a(lib_a-exit.o)
 .ARM.attributes
                0x000007cd       0x2c c:/program files (x86)/cypress/psoc creator/3.3/psoc creator/import/gnu/arm/4.9.3/bin/../lib/gcc/arm-none-eabi/4.9.3/../../../../arm-none-eabi/lib/armv6-m\libg_nano.a(lib_a-impure.o)
 .ARM.attributes
                0x000007f9       0x2c c:/program files (x86)/cypress/psoc creator/3.3/psoc creator/import/gnu/arm/4.9.3/bin/../lib/gcc/arm-none-eabi/4.9.3/../../../../arm-none-eabi/lib/armv6-m\libg_nano.a(lib_a-init.o)
 .ARM.attributes
                0x00000825       0x2c c:/program files (x86)/cypress/psoc creator/3.3/psoc creator/import/gnu/arm/4.9.3/bin/../lib/gcc/arm-none-eabi/4.9.3/../../../../arm-none-eabi/lib/armv6-m\libg_nano.a(lib_a-memset.o)
 .ARM.attributes
                0x00000851       0x2c c:/program files (x86)/cypress/psoc creator/3.3/psoc creator/import/gnu/arm/4.9.3/bin/../lib/gcc/arm-none-eabi/4.9.3/armv6-m/crtend.o
 .ARM.attributes
                0x0000087d       0x1e c:/program files (x86)/cypress/psoc creator/3.3/psoc creator/import/gnu/arm/4.9.3/bin/../lib/gcc/arm-none-eabi/4.9.3/armv6-m/crtn.o

/DISCARD/
 *(.note.GNU-stack)
OUTPUT(.\CortexM0\ARM_GCC_493\Debug\Project1_acc.elf elf32-littlearm)
