ARM GAS  C:\Users\Kombajny\AppData\Local\Temp\ccPFaCYm.s 			page 1


   1              		.cpu cortex-m0
   2              		.fpu softvfp
   3              		.eabi_attribute 20, 1
   4              		.eabi_attribute 21, 1
   5              		.eabi_attribute 23, 3
   6              		.eabi_attribute 24, 1
   7              		.eabi_attribute 25, 1
   8              		.eabi_attribute 26, 1
   9              		.eabi_attribute 30, 1
  10              		.eabi_attribute 34, 0
  11              		.eabi_attribute 18, 4
  12              		.code	16
  13              		.file	"cyfitter_cfg.c"
  14              		.text
  15              	.Ltext0:
  16              		.cfi_sections	.debug_frame
  17              		.section	.text.AnalogSetDefault,"ax",%progbits
  18              		.align	2
  19              		.code	16
  20              		.thumb_func
  21              		.type	AnalogSetDefault, %function
  22              	AnalogSetDefault:
  23              	.LFB6:
  24              		.file 1 ".\\Generated_Source\\PSoC4\\cyfitter_cfg.c"
   1:.\Generated_Source\PSoC4/cyfitter_cfg.c **** /*******************************************************************************
   2:.\Generated_Source\PSoC4/cyfitter_cfg.c **** * FILENAME: cyfitter_cfg.c
   3:.\Generated_Source\PSoC4/cyfitter_cfg.c **** * 
   4:.\Generated_Source\PSoC4/cyfitter_cfg.c **** * PSoC Creator  3.2
   5:.\Generated_Source\PSoC4/cyfitter_cfg.c **** *
   6:.\Generated_Source\PSoC4/cyfitter_cfg.c **** * DESCRIPTION:
   7:.\Generated_Source\PSoC4/cyfitter_cfg.c **** * This file contains device initialization code.
   8:.\Generated_Source\PSoC4/cyfitter_cfg.c **** * Except for the user defined sections in CyClockStartupError(), this file should not be modified.
   9:.\Generated_Source\PSoC4/cyfitter_cfg.c **** * This file is automatically generated by PSoC Creator.
  10:.\Generated_Source\PSoC4/cyfitter_cfg.c **** *
  11:.\Generated_Source\PSoC4/cyfitter_cfg.c **** ********************************************************************************
  12:.\Generated_Source\PSoC4/cyfitter_cfg.c **** * Copyright (c) 2007-2015 Cypress Semiconductor.  All rights reserved.
  13:.\Generated_Source\PSoC4/cyfitter_cfg.c **** * You may use this file only in accordance with the license, terms, conditions, 
  14:.\Generated_Source\PSoC4/cyfitter_cfg.c **** * disclaimers, and limitations in the end user license agreement accompanying 
  15:.\Generated_Source\PSoC4/cyfitter_cfg.c **** * the software package with which this file was provided.
  16:.\Generated_Source\PSoC4/cyfitter_cfg.c **** ********************************************************************************/
  17:.\Generated_Source\PSoC4/cyfitter_cfg.c **** 
  18:.\Generated_Source\PSoC4/cyfitter_cfg.c **** #include <string.h>
  19:.\Generated_Source\PSoC4/cyfitter_cfg.c **** #include "cytypes.h"
  20:.\Generated_Source\PSoC4/cyfitter_cfg.c **** #include "cydevice_trm.h"
  21:.\Generated_Source\PSoC4/cyfitter_cfg.c **** #include "cyfitter.h"
  22:.\Generated_Source\PSoC4/cyfitter_cfg.c **** #include "CyLib.h"
  23:.\Generated_Source\PSoC4/cyfitter_cfg.c **** #include "CyLFClk.h"
  24:.\Generated_Source\PSoC4/cyfitter_cfg.c **** #include "cyfitter_cfg.h"
  25:.\Generated_Source\PSoC4/cyfitter_cfg.c **** 
  26:.\Generated_Source\PSoC4/cyfitter_cfg.c **** 
  27:.\Generated_Source\PSoC4/cyfitter_cfg.c **** #if defined(__GNUC__) || defined(__ARMCC_VERSION)
  28:.\Generated_Source\PSoC4/cyfitter_cfg.c ****     #define CYPACKED 
  29:.\Generated_Source\PSoC4/cyfitter_cfg.c ****     #define CYPACKED_ATTR __attribute__ ((packed))
  30:.\Generated_Source\PSoC4/cyfitter_cfg.c ****     #define CYALIGNED __attribute__ ((aligned))
  31:.\Generated_Source\PSoC4/cyfitter_cfg.c ****     #define CY_CFG_UNUSED __attribute__ ((unused))
  32:.\Generated_Source\PSoC4/cyfitter_cfg.c ****     #define CY_CFG_SECTION __attribute__ ((section(".psocinit")))
  33:.\Generated_Source\PSoC4/cyfitter_cfg.c ****     
ARM GAS  C:\Users\Kombajny\AppData\Local\Temp\ccPFaCYm.s 			page 2


  34:.\Generated_Source\PSoC4/cyfitter_cfg.c ****     #if defined(__ARMCC_VERSION)
  35:.\Generated_Source\PSoC4/cyfitter_cfg.c ****         #define CY_CFG_MEMORY_BARRIER() __memory_changed()
  36:.\Generated_Source\PSoC4/cyfitter_cfg.c ****     #else
  37:.\Generated_Source\PSoC4/cyfitter_cfg.c ****         #define CY_CFG_MEMORY_BARRIER() __sync_synchronize()
  38:.\Generated_Source\PSoC4/cyfitter_cfg.c ****     #endif
  39:.\Generated_Source\PSoC4/cyfitter_cfg.c ****     
  40:.\Generated_Source\PSoC4/cyfitter_cfg.c **** #elif defined(__ICCARM__)
  41:.\Generated_Source\PSoC4/cyfitter_cfg.c ****     #include <intrinsics.h>
  42:.\Generated_Source\PSoC4/cyfitter_cfg.c **** 
  43:.\Generated_Source\PSoC4/cyfitter_cfg.c ****     #define CYPACKED __packed
  44:.\Generated_Source\PSoC4/cyfitter_cfg.c ****     #define CYPACKED_ATTR 
  45:.\Generated_Source\PSoC4/cyfitter_cfg.c ****     #define CYALIGNED _Pragma("data_alignment=4")
  46:.\Generated_Source\PSoC4/cyfitter_cfg.c ****     #define CY_CFG_UNUSED _Pragma("diag_suppress=Pe177")
  47:.\Generated_Source\PSoC4/cyfitter_cfg.c ****     #define CY_CFG_SECTION _Pragma("location=\".psocinit\"")
  48:.\Generated_Source\PSoC4/cyfitter_cfg.c ****     
  49:.\Generated_Source\PSoC4/cyfitter_cfg.c ****     #define CY_CFG_MEMORY_BARRIER() __DMB()
  50:.\Generated_Source\PSoC4/cyfitter_cfg.c ****     
  51:.\Generated_Source\PSoC4/cyfitter_cfg.c **** #else
  52:.\Generated_Source\PSoC4/cyfitter_cfg.c ****     #error Unsupported toolchain
  53:.\Generated_Source\PSoC4/cyfitter_cfg.c **** #endif
  54:.\Generated_Source\PSoC4/cyfitter_cfg.c **** 
  55:.\Generated_Source\PSoC4/cyfitter_cfg.c **** 
  56:.\Generated_Source\PSoC4/cyfitter_cfg.c **** CY_CFG_UNUSED
  57:.\Generated_Source\PSoC4/cyfitter_cfg.c **** static void CYMEMZERO(void *s, size_t n);
  58:.\Generated_Source\PSoC4/cyfitter_cfg.c **** CY_CFG_UNUSED
  59:.\Generated_Source\PSoC4/cyfitter_cfg.c **** static void CYMEMZERO(void *s, size_t n)
  60:.\Generated_Source\PSoC4/cyfitter_cfg.c **** {
  61:.\Generated_Source\PSoC4/cyfitter_cfg.c **** 	(void)memset(s, 0, n);
  62:.\Generated_Source\PSoC4/cyfitter_cfg.c **** }
  63:.\Generated_Source\PSoC4/cyfitter_cfg.c **** CY_CFG_UNUSED
  64:.\Generated_Source\PSoC4/cyfitter_cfg.c **** static void CYCONFIGCPY(void *dest, const void *src, size_t n);
  65:.\Generated_Source\PSoC4/cyfitter_cfg.c **** CY_CFG_UNUSED
  66:.\Generated_Source\PSoC4/cyfitter_cfg.c **** static void CYCONFIGCPY(void *dest, const void *src, size_t n)
  67:.\Generated_Source\PSoC4/cyfitter_cfg.c **** {
  68:.\Generated_Source\PSoC4/cyfitter_cfg.c **** 	(void)memcpy(dest, src, n);
  69:.\Generated_Source\PSoC4/cyfitter_cfg.c **** }
  70:.\Generated_Source\PSoC4/cyfitter_cfg.c **** CY_CFG_UNUSED
  71:.\Generated_Source\PSoC4/cyfitter_cfg.c **** static void CYCONFIGCPYCODE(void *dest, const void *src, size_t n);
  72:.\Generated_Source\PSoC4/cyfitter_cfg.c **** CY_CFG_UNUSED
  73:.\Generated_Source\PSoC4/cyfitter_cfg.c **** static void CYCONFIGCPYCODE(void *dest, const void *src, size_t n)
  74:.\Generated_Source\PSoC4/cyfitter_cfg.c **** {
  75:.\Generated_Source\PSoC4/cyfitter_cfg.c **** 	(void)memcpy(dest, src, n);
  76:.\Generated_Source\PSoC4/cyfitter_cfg.c **** }
  77:.\Generated_Source\PSoC4/cyfitter_cfg.c **** 
  78:.\Generated_Source\PSoC4/cyfitter_cfg.c **** 
  79:.\Generated_Source\PSoC4/cyfitter_cfg.c **** 
  80:.\Generated_Source\PSoC4/cyfitter_cfg.c **** /* Clock startup error codes                                                   */
  81:.\Generated_Source\PSoC4/cyfitter_cfg.c **** #define CYCLOCKSTART_NO_ERROR    0u
  82:.\Generated_Source\PSoC4/cyfitter_cfg.c **** #define CYCLOCKSTART_XTAL_ERROR  1u
  83:.\Generated_Source\PSoC4/cyfitter_cfg.c **** #define CYCLOCKSTART_32KHZ_ERROR 2u
  84:.\Generated_Source\PSoC4/cyfitter_cfg.c **** #define CYCLOCKSTART_PLL_ERROR   3u
  85:.\Generated_Source\PSoC4/cyfitter_cfg.c **** 
  86:.\Generated_Source\PSoC4/cyfitter_cfg.c **** #ifdef CY_NEED_CYCLOCKSTARTUPERROR
  87:.\Generated_Source\PSoC4/cyfitter_cfg.c **** /*******************************************************************************
  88:.\Generated_Source\PSoC4/cyfitter_cfg.c **** * Function Name: CyClockStartupError
  89:.\Generated_Source\PSoC4/cyfitter_cfg.c **** ********************************************************************************
  90:.\Generated_Source\PSoC4/cyfitter_cfg.c **** * Summary:
ARM GAS  C:\Users\Kombajny\AppData\Local\Temp\ccPFaCYm.s 			page 3


  91:.\Generated_Source\PSoC4/cyfitter_cfg.c **** *  If an error is encountered during clock configuration (crystal startup error,
  92:.\Generated_Source\PSoC4/cyfitter_cfg.c **** *  PLL lock error, etc.), the system will end up here.  Unless reimplemented by
  93:.\Generated_Source\PSoC4/cyfitter_cfg.c **** *  the customer, this function will stop in an infinite loop.
  94:.\Generated_Source\PSoC4/cyfitter_cfg.c **** *
  95:.\Generated_Source\PSoC4/cyfitter_cfg.c **** * Parameters:
  96:.\Generated_Source\PSoC4/cyfitter_cfg.c **** *   void
  97:.\Generated_Source\PSoC4/cyfitter_cfg.c **** *
  98:.\Generated_Source\PSoC4/cyfitter_cfg.c **** * Return:
  99:.\Generated_Source\PSoC4/cyfitter_cfg.c **** *   void
 100:.\Generated_Source\PSoC4/cyfitter_cfg.c **** *
 101:.\Generated_Source\PSoC4/cyfitter_cfg.c **** *******************************************************************************/
 102:.\Generated_Source\PSoC4/cyfitter_cfg.c **** CY_CFG_UNUSED
 103:.\Generated_Source\PSoC4/cyfitter_cfg.c **** static void CyClockStartupError(uint8 errorCode);
 104:.\Generated_Source\PSoC4/cyfitter_cfg.c **** CY_CFG_UNUSED
 105:.\Generated_Source\PSoC4/cyfitter_cfg.c **** static void CyClockStartupError(uint8 errorCode)
 106:.\Generated_Source\PSoC4/cyfitter_cfg.c **** {
 107:.\Generated_Source\PSoC4/cyfitter_cfg.c ****     /* To remove the compiler warning if errorCode not used.                */
 108:.\Generated_Source\PSoC4/cyfitter_cfg.c ****     errorCode = errorCode;
 109:.\Generated_Source\PSoC4/cyfitter_cfg.c **** 
 110:.\Generated_Source\PSoC4/cyfitter_cfg.c ****     /* `#START CyClockStartupError` */
 111:.\Generated_Source\PSoC4/cyfitter_cfg.c **** 
 112:.\Generated_Source\PSoC4/cyfitter_cfg.c ****     /* If we have a clock startup error (bad MHz crystal, PLL lock, etc.),  */
 113:.\Generated_Source\PSoC4/cyfitter_cfg.c ****     /* we will end up here to allow the customer to implement something to  */
 114:.\Generated_Source\PSoC4/cyfitter_cfg.c ****     /* deal with the clock condition.                                       */
 115:.\Generated_Source\PSoC4/cyfitter_cfg.c **** 
 116:.\Generated_Source\PSoC4/cyfitter_cfg.c ****     /* `#END` */
 117:.\Generated_Source\PSoC4/cyfitter_cfg.c **** 
 118:.\Generated_Source\PSoC4/cyfitter_cfg.c ****     /* If nothing else, stop here since the clocks have not started         */
 119:.\Generated_Source\PSoC4/cyfitter_cfg.c ****     /* correctly.                                                           */
 120:.\Generated_Source\PSoC4/cyfitter_cfg.c ****     while(1) {}
 121:.\Generated_Source\PSoC4/cyfitter_cfg.c **** }
 122:.\Generated_Source\PSoC4/cyfitter_cfg.c **** #endif
 123:.\Generated_Source\PSoC4/cyfitter_cfg.c **** 
 124:.\Generated_Source\PSoC4/cyfitter_cfg.c **** 
 125:.\Generated_Source\PSoC4/cyfitter_cfg.c **** 
 126:.\Generated_Source\PSoC4/cyfitter_cfg.c **** /*******************************************************************************
 127:.\Generated_Source\PSoC4/cyfitter_cfg.c **** * Function Name: ClockSetup
 128:.\Generated_Source\PSoC4/cyfitter_cfg.c **** ********************************************************************************
 129:.\Generated_Source\PSoC4/cyfitter_cfg.c **** *
 130:.\Generated_Source\PSoC4/cyfitter_cfg.c **** * Summary:
 131:.\Generated_Source\PSoC4/cyfitter_cfg.c **** *   Performs the initialization of all of the clocks in the device based on the
 132:.\Generated_Source\PSoC4/cyfitter_cfg.c **** *   settings in the Clock tab of the DWR.  This includes enabling the requested
 133:.\Generated_Source\PSoC4/cyfitter_cfg.c **** *   clocks and setting the necessary dividers to produce the desired frequency. 
 134:.\Generated_Source\PSoC4/cyfitter_cfg.c **** *
 135:.\Generated_Source\PSoC4/cyfitter_cfg.c **** * Parameters:
 136:.\Generated_Source\PSoC4/cyfitter_cfg.c **** *   void
 137:.\Generated_Source\PSoC4/cyfitter_cfg.c **** *
 138:.\Generated_Source\PSoC4/cyfitter_cfg.c **** * Return:
 139:.\Generated_Source\PSoC4/cyfitter_cfg.c **** *   void
 140:.\Generated_Source\PSoC4/cyfitter_cfg.c **** *
 141:.\Generated_Source\PSoC4/cyfitter_cfg.c **** *******************************************************************************/
 142:.\Generated_Source\PSoC4/cyfitter_cfg.c **** static void ClockSetup(void);
 143:.\Generated_Source\PSoC4/cyfitter_cfg.c **** CY_CFG_SECTION
 144:.\Generated_Source\PSoC4/cyfitter_cfg.c **** static void ClockSetup(void)
 145:.\Generated_Source\PSoC4/cyfitter_cfg.c **** {
 146:.\Generated_Source\PSoC4/cyfitter_cfg.c **** 
 147:.\Generated_Source\PSoC4/cyfitter_cfg.c **** 	/* Set Flash Cycles based on max possible frequency in case a glitch occurs during ClockSetup(). *
ARM GAS  C:\Users\Kombajny\AppData\Local\Temp\ccPFaCYm.s 			page 4


 148:.\Generated_Source\PSoC4/cyfitter_cfg.c **** 	CY_SET_REG32((void CYXDATA *)(CYREG_CPUSS_FLASH_CTL), (0x0012u));
 149:.\Generated_Source\PSoC4/cyfitter_cfg.c **** 
 150:.\Generated_Source\PSoC4/cyfitter_cfg.c **** 	/* Start the WCO */
 151:.\Generated_Source\PSoC4/cyfitter_cfg.c **** 	CySysClkWcoStart();
 152:.\Generated_Source\PSoC4/cyfitter_cfg.c **** 	(void)CySysClkWcoSetPowerMode(CY_SYS_CLK_WCO_LPM);    /* Switch to the low power mode */
 153:.\Generated_Source\PSoC4/cyfitter_cfg.c **** 
 154:.\Generated_Source\PSoC4/cyfitter_cfg.c **** 	/* Setup and trim IMO based on desired frequency. */
 155:.\Generated_Source\PSoC4/cyfitter_cfg.c **** 	CySysClkWriteImoFreq(24u);
 156:.\Generated_Source\PSoC4/cyfitter_cfg.c **** 	/* CYDEV_CLK_ILO_CONFIG Starting address: CYDEV_CLK_ILO_CONFIG */
 157:.\Generated_Source\PSoC4/cyfitter_cfg.c **** 	CY_SET_XTND_REG32((void CYFAR *)(CYREG_CLK_ILO_CONFIG), 0x80000006u);
 158:.\Generated_Source\PSoC4/cyfitter_cfg.c **** 
 159:.\Generated_Source\PSoC4/cyfitter_cfg.c **** 
 160:.\Generated_Source\PSoC4/cyfitter_cfg.c **** 	/* Enable fast start mode for XO */
 161:.\Generated_Source\PSoC4/cyfitter_cfg.c **** 	CY_SET_REG32((void*)CYREG_BLE_BLERD_BB_XO, CY_GET_REG32((void*)CYREG_BLE_BLERD_BB_XO) | (uint32)0x
 162:.\Generated_Source\PSoC4/cyfitter_cfg.c **** 	CY_SET_XTND_REG32((void CYFAR *)(CYREG_BLE_BLERD_BB_XO_CAPTRIM), 0x00003E2Du);
 163:.\Generated_Source\PSoC4/cyfitter_cfg.c **** 	/* Disable Crystal Stable Interrupt before enabling ECO */
 164:.\Generated_Source\PSoC4/cyfitter_cfg.c **** 	CY_SET_REG32((void*)CYREG_BLE_BLESS_LL_DSM_CTRL, CY_GET_REG32((void*)CYREG_BLE_BLESS_LL_DSM_CTRL) 
 165:.\Generated_Source\PSoC4/cyfitter_cfg.c **** 	/* Start the ECO and do not check status since it is not needed for HFCLK */
 166:.\Generated_Source\PSoC4/cyfitter_cfg.c **** 	(void)CySysClkEcoStart(2000u);
 167:.\Generated_Source\PSoC4/cyfitter_cfg.c **** 	CyDelayUs(1500u); /* Wait to stabalize */
 168:.\Generated_Source\PSoC4/cyfitter_cfg.c **** 
 169:.\Generated_Source\PSoC4/cyfitter_cfg.c **** 	/* Setup phase aligned clocks */
 170:.\Generated_Source\PSoC4/cyfitter_cfg.c **** 	CY_SET_REG32((void *)CYREG_PERI_DIV_16_CTL0, 0x00000E00u);
 171:.\Generated_Source\PSoC4/cyfitter_cfg.c **** 	CY_SET_REG32((void *)CYREG_PERI_DIV_CMD, 0x8000FF40u);
 172:.\Generated_Source\PSoC4/cyfitter_cfg.c **** 	CY_SET_REG32((void *)CYREG_PERI_DIV_16_CTL1, 0x00001000u);
 173:.\Generated_Source\PSoC4/cyfitter_cfg.c **** 	CY_SET_REG32((void *)CYREG_PERI_DIV_CMD, 0x8000FF41u);
 174:.\Generated_Source\PSoC4/cyfitter_cfg.c **** 
 175:.\Generated_Source\PSoC4/cyfitter_cfg.c **** 	/* CYDEV_CLK_IMO_CONFIG Starting address: CYDEV_CLK_IMO_CONFIG */
 176:.\Generated_Source\PSoC4/cyfitter_cfg.c **** 	CY_SET_XTND_REG32((void CYFAR *)(CYREG_CLK_IMO_CONFIG), 0x80000000u);
 177:.\Generated_Source\PSoC4/cyfitter_cfg.c **** 
 178:.\Generated_Source\PSoC4/cyfitter_cfg.c **** 	/* CYDEV_PERI_PCLK_CTL2 Starting address: CYDEV_PERI_PCLK_CTL2 */
 179:.\Generated_Source\PSoC4/cyfitter_cfg.c **** 	CY_SET_XTND_REG32((void CYFAR *)(CYREG_PERI_PCLK_CTL2), 0x00000040u);
 180:.\Generated_Source\PSoC4/cyfitter_cfg.c **** 
 181:.\Generated_Source\PSoC4/cyfitter_cfg.c **** 	/* CYDEV_PERI_PCLK_CTL1 Starting address: CYDEV_PERI_PCLK_CTL1 */
 182:.\Generated_Source\PSoC4/cyfitter_cfg.c **** 	CY_SET_XTND_REG32((void CYFAR *)(CYREG_PERI_PCLK_CTL1), 0x00000041u);
 183:.\Generated_Source\PSoC4/cyfitter_cfg.c **** 
 184:.\Generated_Source\PSoC4/cyfitter_cfg.c **** 	(void)CyIntSetVector(8u, &CySysWdtIsr);
 185:.\Generated_Source\PSoC4/cyfitter_cfg.c **** 	CyIntEnable(8u);
 186:.\Generated_Source\PSoC4/cyfitter_cfg.c **** 	CY_SET_XTND_REG32((void CYFAR *)(CYREG_WDT_CONFIG), 0x00000000u);
 187:.\Generated_Source\PSoC4/cyfitter_cfg.c **** 	/* Set Flash Cycles based on newly configured 24.00MHz HFCLK. */
 188:.\Generated_Source\PSoC4/cyfitter_cfg.c **** 	CY_SET_REG32((void CYXDATA *)(CYREG_CPUSS_FLASH_CTL), (0x0011u));
 189:.\Generated_Source\PSoC4/cyfitter_cfg.c **** }
 190:.\Generated_Source\PSoC4/cyfitter_cfg.c **** 
 191:.\Generated_Source\PSoC4/cyfitter_cfg.c **** 
 192:.\Generated_Source\PSoC4/cyfitter_cfg.c **** /* Analog API Functions */
 193:.\Generated_Source\PSoC4/cyfitter_cfg.c **** 
 194:.\Generated_Source\PSoC4/cyfitter_cfg.c **** 
 195:.\Generated_Source\PSoC4/cyfitter_cfg.c **** /*******************************************************************************
 196:.\Generated_Source\PSoC4/cyfitter_cfg.c **** * Function Name: AnalogSetDefault
 197:.\Generated_Source\PSoC4/cyfitter_cfg.c **** ********************************************************************************
 198:.\Generated_Source\PSoC4/cyfitter_cfg.c **** *
 199:.\Generated_Source\PSoC4/cyfitter_cfg.c **** * Summary:
 200:.\Generated_Source\PSoC4/cyfitter_cfg.c **** *  Sets up the analog portions of the chip to default values based on chip
 201:.\Generated_Source\PSoC4/cyfitter_cfg.c **** *  configuration options from the project.
 202:.\Generated_Source\PSoC4/cyfitter_cfg.c **** *
 203:.\Generated_Source\PSoC4/cyfitter_cfg.c **** * Parameters:
 204:.\Generated_Source\PSoC4/cyfitter_cfg.c **** *  void
ARM GAS  C:\Users\Kombajny\AppData\Local\Temp\ccPFaCYm.s 			page 5


 205:.\Generated_Source\PSoC4/cyfitter_cfg.c **** *
 206:.\Generated_Source\PSoC4/cyfitter_cfg.c **** * Return:
 207:.\Generated_Source\PSoC4/cyfitter_cfg.c **** *  void
 208:.\Generated_Source\PSoC4/cyfitter_cfg.c **** *
 209:.\Generated_Source\PSoC4/cyfitter_cfg.c **** *******************************************************************************/
 210:.\Generated_Source\PSoC4/cyfitter_cfg.c **** static void AnalogSetDefault(void);
 211:.\Generated_Source\PSoC4/cyfitter_cfg.c **** static void AnalogSetDefault(void)
 212:.\Generated_Source\PSoC4/cyfitter_cfg.c **** {
  25              		.loc 1 212 0
  26              		.cfi_startproc
 213:.\Generated_Source\PSoC4/cyfitter_cfg.c **** 	CY_SET_XTND_REG32((void CYFAR *)CYREG_CTBM0_DFT_CTRL, 0x00000003u);
  27              		.loc 1 213 0
  28 0000 0323     		mov	r3, #3
  29 0002 044A     		ldr	r2, .L2
  30 0004 1360     		str	r3, [r2]
 214:.\Generated_Source\PSoC4/cyfitter_cfg.c **** 	CY_SET_XTND_REG32((void CYFAR *)CYREG_CTBM1_DFT_CTRL, 0x00000003u);
  31              		.loc 1 214 0
  32 0006 044A     		ldr	r2, .L2+4
  33 0008 1360     		str	r3, [r2]
 215:.\Generated_Source\PSoC4/cyfitter_cfg.c **** 	CY_SET_XTND_REG32((void CYFAR *)CYREG_PASS_DSAB_DSAB_CTRL, 0x00000000u);
  34              		.loc 1 215 0
  35 000a 0022     		mov	r2, #0
  36 000c 034B     		ldr	r3, .L2+8
  37 000e 1A60     		str	r2, [r3]
 216:.\Generated_Source\PSoC4/cyfitter_cfg.c **** }
  38              		.loc 1 216 0
  39              		@ sp needed
  40 0010 7047     		bx	lr
  41              	.L3:
  42 0012 C046     		.align	2
  43              	.L2:
  44 0014 30003040 		.word	1076887600
  45 0018 30003140 		.word	1076953136
  46 001c 000E3F40 		.word	1077874176
  47              		.cfi_endproc
  48              	.LFE6:
  49              		.size	AnalogSetDefault, .-AnalogSetDefault
  50              		.section	.text.CYMEMZERO,"ax",%progbits
  51              		.align	2
  52              		.code	16
  53              		.thumb_func
  54              		.type	CYMEMZERO, %function
  55              	CYMEMZERO:
  56              	.LFB2:
  60:.\Generated_Source\PSoC4/cyfitter_cfg.c **** {
  57              		.loc 1 60 0
  58              		.cfi_startproc
  59              	.LVL0:
  60 0000 08B5     		push	{r3, lr}
  61              		.cfi_def_cfa_offset 8
  62              		.cfi_offset 3, -8
  63              		.cfi_offset 14, -4
  64 0002 0A1C     		mov	r2, r1
  61:.\Generated_Source\PSoC4/cyfitter_cfg.c **** 	(void)memset(s, 0, n);
  65              		.loc 1 61 0
  66 0004 0021     		mov	r1, #0
  67              	.LVL1:
ARM GAS  C:\Users\Kombajny\AppData\Local\Temp\ccPFaCYm.s 			page 6


  68 0006 FFF7FEFF 		bl	memset
  69              	.LVL2:
  62:.\Generated_Source\PSoC4/cyfitter_cfg.c **** }
  70              		.loc 1 62 0
  71              		@ sp needed
  72 000a 08BD     		pop	{r3, pc}
  73              		.cfi_endproc
  74              	.LFE2:
  75              		.size	CYMEMZERO, .-CYMEMZERO
  76              		.section	.psocinit,"ax",%progbits
  77              		.align	2
  78              		.code	16
  79              		.thumb_func
  80              		.type	ClockSetup, %function
  81              	ClockSetup:
  82              	.LFB5:
 145:.\Generated_Source\PSoC4/cyfitter_cfg.c **** {
  83              		.loc 1 145 0
  84              		.cfi_startproc
  85 0000 10B5     		push	{r4, lr}
  86              		.cfi_def_cfa_offset 8
  87              		.cfi_offset 4, -8
  88              		.cfi_offset 14, -4
 148:.\Generated_Source\PSoC4/cyfitter_cfg.c **** 	CY_SET_REG32((void CYXDATA *)(CYREG_CPUSS_FLASH_CTL), (0x0012u));
  89              		.loc 1 148 0
  90 0002 234C     		ldr	r4, .L6
  91 0004 1223     		mov	r3, #18
  92 0006 2360     		str	r3, [r4]
 151:.\Generated_Source\PSoC4/cyfitter_cfg.c **** 	CySysClkWcoStart();
  93              		.loc 1 151 0
  94 0008 FFF7FEFF 		bl	CySysClkWcoStart
  95              	.LVL3:
 152:.\Generated_Source\PSoC4/cyfitter_cfg.c **** 	(void)CySysClkWcoSetPowerMode(CY_SYS_CLK_WCO_LPM);    /* Switch to the low power mode */
  96              		.loc 1 152 0
  97 000c 0120     		mov	r0, #1
  98 000e FFF7FEFF 		bl	CySysClkWcoSetPowerMode
  99              	.LVL4:
 155:.\Generated_Source\PSoC4/cyfitter_cfg.c **** 	CySysClkWriteImoFreq(24u);
 100              		.loc 1 155 0
 101 0012 1820     		mov	r0, #24
 102 0014 FFF7FEFF 		bl	CySysClkWriteImoFreq
 103              	.LVL5:
 157:.\Generated_Source\PSoC4/cyfitter_cfg.c **** 	CY_SET_XTND_REG32((void CYFAR *)(CYREG_CLK_ILO_CONFIG), 0x80000006u);
 104              		.loc 1 157 0
 105 0018 1E4A     		ldr	r2, .L6+4
 106 001a 1F4B     		ldr	r3, .L6+8
 107 001c 1A60     		str	r2, [r3]
 161:.\Generated_Source\PSoC4/cyfitter_cfg.c **** 	CY_SET_REG32((void*)CYREG_BLE_BLERD_BB_XO, CY_GET_REG32((void*)CYREG_BLE_BLERD_BB_XO) | (uint32)0x
 108              		.loc 1 161 0
 109 001e 1F4B     		ldr	r3, .L6+12
 110 0020 1968     		ldr	r1, [r3]
 111 0022 0222     		mov	r2, #2
 112 0024 0A43     		orr	r2, r1
 113 0026 1A60     		str	r2, [r3]
 162:.\Generated_Source\PSoC4/cyfitter_cfg.c **** 	CY_SET_XTND_REG32((void CYFAR *)(CYREG_BLE_BLERD_BB_XO_CAPTRIM), 0x00003E2Du);
 114              		.loc 1 162 0
 115 0028 1D4A     		ldr	r2, .L6+16
ARM GAS  C:\Users\Kombajny\AppData\Local\Temp\ccPFaCYm.s 			page 7


 116 002a 1E4B     		ldr	r3, .L6+20
 117 002c 1A60     		str	r2, [r3]
 164:.\Generated_Source\PSoC4/cyfitter_cfg.c **** 	CY_SET_REG32((void*)CYREG_BLE_BLESS_LL_DSM_CTRL, CY_GET_REG32((void*)CYREG_BLE_BLESS_LL_DSM_CTRL) 
 118              		.loc 1 164 0
 119 002e 1E4B     		ldr	r3, .L6+24
 120 0030 1A68     		ldr	r2, [r3]
 121 0032 0821     		mov	r1, #8
 122 0034 8A43     		bic	r2, r1
 123 0036 1A60     		str	r2, [r3]
 166:.\Generated_Source\PSoC4/cyfitter_cfg.c **** 	(void)CySysClkEcoStart(2000u);
 124              		.loc 1 166 0
 125 0038 FA20     		mov	r0, #250
 126 003a C000     		lsl	r0, r0, #3
 127 003c FFF7FEFF 		bl	CySysClkEcoStart
 128              	.LVL6:
 167:.\Generated_Source\PSoC4/cyfitter_cfg.c **** 	CyDelayUs(1500u); /* Wait to stabalize */
 129              		.loc 1 167 0
 130 0040 1A48     		ldr	r0, .L6+28
 131 0042 FFF7FEFF 		bl	CyDelayUs
 132              	.LVL7:
 170:.\Generated_Source\PSoC4/cyfitter_cfg.c **** 	CY_SET_REG32((void *)CYREG_PERI_DIV_16_CTL0, 0x00000E00u);
 133              		.loc 1 170 0
 134 0046 E022     		mov	r2, #224
 135 0048 1201     		lsl	r2, r2, #4
 136 004a 194B     		ldr	r3, .L6+32
 137 004c 1A60     		str	r2, [r3]
 171:.\Generated_Source\PSoC4/cyfitter_cfg.c **** 	CY_SET_REG32((void *)CYREG_PERI_DIV_CMD, 0x8000FF40u);
 138              		.loc 1 171 0
 139 004e 194B     		ldr	r3, .L6+36
 140 0050 194A     		ldr	r2, .L6+40
 141 0052 1A60     		str	r2, [r3]
 172:.\Generated_Source\PSoC4/cyfitter_cfg.c **** 	CY_SET_REG32((void *)CYREG_PERI_DIV_16_CTL1, 0x00001000u);
 142              		.loc 1 172 0
 143 0054 8021     		mov	r1, #128
 144 0056 4901     		lsl	r1, r1, #5
 145 0058 184A     		ldr	r2, .L6+44
 146 005a 1160     		str	r1, [r2]
 173:.\Generated_Source\PSoC4/cyfitter_cfg.c **** 	CY_SET_REG32((void *)CYREG_PERI_DIV_CMD, 0x8000FF41u);
 147              		.loc 1 173 0
 148 005c 184A     		ldr	r2, .L6+48
 149 005e 1A60     		str	r2, [r3]
 176:.\Generated_Source\PSoC4/cyfitter_cfg.c **** 	CY_SET_XTND_REG32((void CYFAR *)(CYREG_CLK_IMO_CONFIG), 0x80000000u);
 150              		.loc 1 176 0
 151 0060 8022     		mov	r2, #128
 152 0062 1206     		lsl	r2, r2, #24
 153 0064 174B     		ldr	r3, .L6+52
 154 0066 1A60     		str	r2, [r3]
 179:.\Generated_Source\PSoC4/cyfitter_cfg.c **** 	CY_SET_XTND_REG32((void CYFAR *)(CYREG_PERI_PCLK_CTL2), 0x00000040u);
 155              		.loc 1 179 0
 156 0068 4022     		mov	r2, #64
 157 006a 174B     		ldr	r3, .L6+56
 158 006c 1A60     		str	r2, [r3]
 182:.\Generated_Source\PSoC4/cyfitter_cfg.c **** 	CY_SET_XTND_REG32((void CYFAR *)(CYREG_PERI_PCLK_CTL1), 0x00000041u);
 159              		.loc 1 182 0
 160 006e 4122     		mov	r2, #65
 161 0070 164B     		ldr	r3, .L6+60
 162 0072 1A60     		str	r2, [r3]
ARM GAS  C:\Users\Kombajny\AppData\Local\Temp\ccPFaCYm.s 			page 8


 184:.\Generated_Source\PSoC4/cyfitter_cfg.c **** 	(void)CyIntSetVector(8u, &CySysWdtIsr);
 163              		.loc 1 184 0
 164 0074 0820     		mov	r0, #8
 165 0076 1649     		ldr	r1, .L6+64
 166 0078 FFF7FEFF 		bl	CyIntSetVector
 167              	.LVL8:
 185:.\Generated_Source\PSoC4/cyfitter_cfg.c **** 	CyIntEnable(8u);
 168              		.loc 1 185 0
 169 007c 0820     		mov	r0, #8
 170 007e FFF7FEFF 		bl	CyIntEnable
 171              	.LVL9:
 186:.\Generated_Source\PSoC4/cyfitter_cfg.c **** 	CY_SET_XTND_REG32((void CYFAR *)(CYREG_WDT_CONFIG), 0x00000000u);
 172              		.loc 1 186 0
 173 0082 0022     		mov	r2, #0
 174 0084 134B     		ldr	r3, .L6+68
 175 0086 1A60     		str	r2, [r3]
 188:.\Generated_Source\PSoC4/cyfitter_cfg.c **** 	CY_SET_REG32((void CYXDATA *)(CYREG_CPUSS_FLASH_CTL), (0x0011u));
 176              		.loc 1 188 0
 177 0088 1123     		mov	r3, #17
 178 008a 2360     		str	r3, [r4]
 189:.\Generated_Source\PSoC4/cyfitter_cfg.c **** }
 179              		.loc 1 189 0
 180              		@ sp needed
 181 008c 10BD     		pop	{r4, pc}
 182              	.L7:
 183 008e C046     		.align	2
 184              	.L6:
 185 0090 30001040 		.word	1074790448
 186 0094 06000080 		.word	-2147483642
 187 0098 04010B40 		.word	1074462980
 188 009c 78002E40 		.word	1076756600
 189 00a0 2D3E0000 		.word	15917
 190 00a4 7C002E40 		.word	1076756604
 191 00a8 6CF02E40 		.word	1076818028
 192 00ac DC050000 		.word	1500
 193 00b0 00030140 		.word	1073808128
 194 00b4 00000140 		.word	1073807360
 195 00b8 40FF0080 		.word	-2147418304
 196 00bc 04030140 		.word	1073808132
 197 00c0 41FF0080 		.word	-2147418303
 198 00c4 08010B40 		.word	1074462984
 199 00c8 08010140 		.word	1073807624
 200 00cc 04010140 		.word	1073807620
 201 00d0 00000000 		.word	CySysWdtIsr
 202 00d4 0C020B40 		.word	1074463244
 203              		.cfi_endproc
 204              	.LFE5:
 205              		.size	ClockSetup, .-ClockSetup
 206              		.align	2
 207              		.global	cyfitter_cfg
 208              		.code	16
 209              		.thumb_func
 210              		.type	cyfitter_cfg, %function
 211              	cyfitter_cfg:
 212              	.LFB7:
 217:.\Generated_Source\PSoC4/cyfitter_cfg.c **** 
 218:.\Generated_Source\PSoC4/cyfitter_cfg.c **** #define CY_AMUX_UNUSED CYREG_CM0_ROM_DWT
ARM GAS  C:\Users\Kombajny\AppData\Local\Temp\ccPFaCYm.s 			page 9


 219:.\Generated_Source\PSoC4/cyfitter_cfg.c **** 
 220:.\Generated_Source\PSoC4/cyfitter_cfg.c **** 
 221:.\Generated_Source\PSoC4/cyfitter_cfg.c **** /*******************************************************************************
 222:.\Generated_Source\PSoC4/cyfitter_cfg.c **** * Function Name: cyfitter_cfg
 223:.\Generated_Source\PSoC4/cyfitter_cfg.c **** ********************************************************************************
 224:.\Generated_Source\PSoC4/cyfitter_cfg.c **** * Summary:
 225:.\Generated_Source\PSoC4/cyfitter_cfg.c **** *  This function is called by the start-up code for the selected device. It
 226:.\Generated_Source\PSoC4/cyfitter_cfg.c **** *  performs all of the necessary device configuration based on the design
 227:.\Generated_Source\PSoC4/cyfitter_cfg.c **** *  settings.  This includes settings from the Design Wide Resources (DWR) such
 228:.\Generated_Source\PSoC4/cyfitter_cfg.c **** *  as Clocks and Pins as well as any component configuration that is necessary.
 229:.\Generated_Source\PSoC4/cyfitter_cfg.c **** *
 230:.\Generated_Source\PSoC4/cyfitter_cfg.c **** * Parameters:  
 231:.\Generated_Source\PSoC4/cyfitter_cfg.c **** *   void
 232:.\Generated_Source\PSoC4/cyfitter_cfg.c **** *
 233:.\Generated_Source\PSoC4/cyfitter_cfg.c **** * Return:
 234:.\Generated_Source\PSoC4/cyfitter_cfg.c **** *   void
 235:.\Generated_Source\PSoC4/cyfitter_cfg.c **** *
 236:.\Generated_Source\PSoC4/cyfitter_cfg.c **** *******************************************************************************/
 237:.\Generated_Source\PSoC4/cyfitter_cfg.c **** CY_CFG_SECTION
 238:.\Generated_Source\PSoC4/cyfitter_cfg.c **** void cyfitter_cfg(void)
 239:.\Generated_Source\PSoC4/cyfitter_cfg.c **** {
 213              		.loc 1 239 0
 214              		.cfi_startproc
 215 00d8 38B5     		push	{r3, r4, r5, lr}
 216              		.cfi_def_cfa_offset 16
 217              		.cfi_offset 3, -16
 218              		.cfi_offset 4, -12
 219              		.cfi_offset 5, -8
 220              		.cfi_offset 14, -4
 240:.\Generated_Source\PSoC4/cyfitter_cfg.c **** 	/* Disable interrupts by default. Let user enable if/when they want. */
 241:.\Generated_Source\PSoC4/cyfitter_cfg.c **** 	CyGlobalIntDisable;
 221              		.loc 1 241 0
 222              	@ 241 ".\Generated_Source\PSoC4\cyfitter_cfg.c" 1
 223 00da 72B6     		CPSID   i
 224              	@ 0 "" 2
 242:.\Generated_Source\PSoC4/cyfitter_cfg.c **** 
 243:.\Generated_Source\PSoC4/cyfitter_cfg.c **** 	CY_SET_XTND_REG32((void CYFAR *)(CYREG_BLE_BLESS_LL_DSM_CTRL), 0x00000000u);
 225              		.loc 1 243 0
 226              		.code	16
 227 00dc 0022     		mov	r2, #0
 228 00de 274B     		ldr	r3, .L11
 229 00e0 1A60     		str	r2, [r3]
 230              	.LVL10:
 231              	.LBB2:
 244:.\Generated_Source\PSoC4/cyfitter_cfg.c **** 
 245:.\Generated_Source\PSoC4/cyfitter_cfg.c **** 	{
 246:.\Generated_Source\PSoC4/cyfitter_cfg.c **** 
 247:.\Generated_Source\PSoC4/cyfitter_cfg.c **** 		CYPACKED typedef struct {
 248:.\Generated_Source\PSoC4/cyfitter_cfg.c **** 			void CYFAR *address;
 249:.\Generated_Source\PSoC4/cyfitter_cfg.c **** 			uint16 size;
 250:.\Generated_Source\PSoC4/cyfitter_cfg.c **** 		} CYPACKED_ATTR cfg_memset_t;
 251:.\Generated_Source\PSoC4/cyfitter_cfg.c **** 
 252:.\Generated_Source\PSoC4/cyfitter_cfg.c **** 		static const cfg_memset_t CYCODE cfg_memset_list [] = {
 253:.\Generated_Source\PSoC4/cyfitter_cfg.c **** 			/* address, size */
 254:.\Generated_Source\PSoC4/cyfitter_cfg.c **** 			{(void CYFAR *)(CYDEV_UDB_P0_U0_BASE), 1024u},
 255:.\Generated_Source\PSoC4/cyfitter_cfg.c **** 			{(void CYFAR *)(CYDEV_UDB_DSI0_BASE), 1024u},
 256:.\Generated_Source\PSoC4/cyfitter_cfg.c **** 		};
ARM GAS  C:\Users\Kombajny\AppData\Local\Temp\ccPFaCYm.s 			page 10


 257:.\Generated_Source\PSoC4/cyfitter_cfg.c **** 
 258:.\Generated_Source\PSoC4/cyfitter_cfg.c **** 		uint8 CYDATA i;
 259:.\Generated_Source\PSoC4/cyfitter_cfg.c **** 
 260:.\Generated_Source\PSoC4/cyfitter_cfg.c **** 		/* Zero out critical memory blocks before beginning configuration */
 261:.\Generated_Source\PSoC4/cyfitter_cfg.c **** 		for (i = 0u; i < (sizeof(cfg_memset_list)/sizeof(cfg_memset_list[0])); i++)
 232              		.loc 1 261 0
 233 00e2 0024     		mov	r4, #0
 234              	.LBB3:
 262:.\Generated_Source\PSoC4/cyfitter_cfg.c **** 		{
 263:.\Generated_Source\PSoC4/cyfitter_cfg.c **** 			const cfg_memset_t CYCODE * CYDATA ms = &cfg_memset_list[i];
 235              		.loc 1 263 0
 236 00e4 264D     		ldr	r5, .L11+4
 237              	.LBE3:
 261:.\Generated_Source\PSoC4/cyfitter_cfg.c **** 		for (i = 0u; i < (sizeof(cfg_memset_list)/sizeof(cfg_memset_list[0])); i++)
 238              		.loc 1 261 0
 239 00e6 0CE0     		b	.L9
 240              	.LVL11:
 241              	.L10:
 242              	.LBB4:
 243              		.loc 1 263 0 discriminator 2
 244 00e8 6300     		lsl	r3, r4, #1
 245 00ea 1B19     		add	r3, r3, r4
 246 00ec 5B00     		lsl	r3, r3, #1
 247 00ee EB18     		add	r3, r5, r3
 248              	.LVL12:
 264:.\Generated_Source\PSoC4/cyfitter_cfg.c **** 			CYMEMZERO(ms->address, (size_t)(uint32)(ms->size));
 249              		.loc 1 264 0 discriminator 2
 250 00f0 9988     		ldrh	r1, [r3, #4]
 251 00f2 1A88     		ldrh	r2, [r3]
 252 00f4 5888     		ldrh	r0, [r3, #2]
 253 00f6 0004     		lsl	r0, r0, #16
 254 00f8 1043     		orr	r0, r2
 255 00fa FFF7FEFF 		bl	CYMEMZERO
 256              	.LVL13:
 257              	.LBE4:
 261:.\Generated_Source\PSoC4/cyfitter_cfg.c **** 		for (i = 0u; i < (sizeof(cfg_memset_list)/sizeof(cfg_memset_list[0])); i++)
 258              		.loc 1 261 0 discriminator 2
 259 00fe 0134     		add	r4, r4, #1
 260              	.LVL14:
 261 0100 E4B2     		uxtb	r4, r4
 262              	.LVL15:
 263              	.L9:
 261:.\Generated_Source\PSoC4/cyfitter_cfg.c **** 		for (i = 0u; i < (sizeof(cfg_memset_list)/sizeof(cfg_memset_list[0])); i++)
 264              		.loc 1 261 0 is_stmt 0 discriminator 1
 265 0102 012C     		cmp	r4, #1
 266 0104 F0D9     		bls	.L10
 265:.\Generated_Source\PSoC4/cyfitter_cfg.c **** 		}
 266:.\Generated_Source\PSoC4/cyfitter_cfg.c **** 
 267:.\Generated_Source\PSoC4/cyfitter_cfg.c **** 		/* HSIOM Starting address: CYDEV_HSIOM_BASE */
 268:.\Generated_Source\PSoC4/cyfitter_cfg.c **** 		CY_SET_XTND_REG32((void CYFAR *)(CYDEV_HSIOM_BASE), 0xEE000000u);
 267              		.loc 1 268 0 is_stmt 1
 268 0106 EE22     		mov	r2, #238
 269 0108 1206     		lsl	r2, r2, #24
 270 010a 1E4B     		ldr	r3, .L11+8
 271 010c 1A60     		str	r2, [r3]
 269:.\Generated_Source\PSoC4/cyfitter_cfg.c **** 		CY_SET_XTND_REG32((void CYFAR *)(CYREG_HSIOM_PORT_SEL1), 0x00990000u);
 272              		.loc 1 269 0
ARM GAS  C:\Users\Kombajny\AppData\Local\Temp\ccPFaCYm.s 			page 11


 273 010e 9923     		mov	r3, #153
 274 0110 1B04     		lsl	r3, r3, #16
 275 0112 1D4A     		ldr	r2, .L11+12
 276 0114 1360     		str	r3, [r2]
 270:.\Generated_Source\PSoC4/cyfitter_cfg.c **** 		CY_SET_XTND_REG32((void CYFAR *)(CYREG_HSIOM_PORT_SEL3), 0x00EE0000u);
 277              		.loc 1 270 0
 278 0116 EE21     		mov	r1, #238
 279 0118 0904     		lsl	r1, r1, #16
 280 011a 1C4A     		ldr	r2, .L11+16
 281 011c 1160     		str	r1, [r2]
 271:.\Generated_Source\PSoC4/cyfitter_cfg.c **** 
 272:.\Generated_Source\PSoC4/cyfitter_cfg.c **** 		/* UDB_PA_0 Starting address: CYDEV_UDB_PA0_BASE */
 273:.\Generated_Source\PSoC4/cyfitter_cfg.c **** 		CY_SET_XTND_REG32((void CYFAR *)(CYDEV_UDB_PA0_BASE), 0x00990000u);
 282              		.loc 1 273 0
 283 011e 1C4A     		ldr	r2, .L11+20
 284 0120 1360     		str	r3, [r2]
 274:.\Generated_Source\PSoC4/cyfitter_cfg.c **** 
 275:.\Generated_Source\PSoC4/cyfitter_cfg.c **** 		/* UDB_PA_1 Starting address: CYDEV_UDB_PA1_BASE */
 276:.\Generated_Source\PSoC4/cyfitter_cfg.c **** 		CY_SET_XTND_REG32((void CYFAR *)(CYDEV_UDB_PA1_BASE), 0x00990000u);
 285              		.loc 1 276 0
 286 0122 1C4A     		ldr	r2, .L11+24
 287 0124 1360     		str	r3, [r2]
 277:.\Generated_Source\PSoC4/cyfitter_cfg.c **** 
 278:.\Generated_Source\PSoC4/cyfitter_cfg.c **** 		/* UDB_PA_3 Starting address: CYDEV_UDB_PA3_BASE */
 279:.\Generated_Source\PSoC4/cyfitter_cfg.c **** 		CY_SET_XTND_REG32((void CYFAR *)(CYDEV_UDB_PA3_BASE), 0x00990000u);
 288              		.loc 1 279 0
 289 0126 1C4A     		ldr	r2, .L11+28
 290 0128 1360     		str	r3, [r2]
 280:.\Generated_Source\PSoC4/cyfitter_cfg.c **** 
 281:.\Generated_Source\PSoC4/cyfitter_cfg.c **** 		/* Enable digital routing */
 282:.\Generated_Source\PSoC4/cyfitter_cfg.c **** 		CY_SET_XTND_REG8((void *)CYREG_UDB_UDBIF_BANK_CTL, CY_GET_XTND_REG8((void *)CYREG_UDB_UDBIF_BANK_
 291              		.loc 1 282 0
 292 012a 1C4B     		ldr	r3, .L11+32
 293 012c 1978     		ldrb	r1, [r3]
 294 012e 0222     		mov	r2, #2
 295 0130 0A43     		orr	r2, r1
 296 0132 1A70     		strb	r2, [r3]
 283:.\Generated_Source\PSoC4/cyfitter_cfg.c **** 
 284:.\Generated_Source\PSoC4/cyfitter_cfg.c **** 		/* Enable UDB array */
 285:.\Generated_Source\PSoC4/cyfitter_cfg.c **** 		CY_SET_XTND_REG8((void *)CYREG_UDB_UDBIF_WAIT_CFG, (uint8)((CY_GET_XTND_REG8((void *)CYREG_UDB_UD
 297              		.loc 1 285 0
 298 0134 1A4A     		ldr	r2, .L11+36
 299 0136 1178     		ldrb	r1, [r2]
 300 0138 3C20     		mov	r0, #60
 301 013a 8143     		bic	r1, r0
 302 013c 1420     		mov	r0, #20
 303 013e 0143     		orr	r1, r0
 304 0140 1170     		strb	r1, [r2]
 286:.\Generated_Source\PSoC4/cyfitter_cfg.c **** 		CY_SET_XTND_REG8((void *)CYREG_UDB_UDBIF_BANK_CTL, (uint8)(CY_GET_XTND_REG8((void *)CYREG_UDB_UDB
 305              		.loc 1 286 0
 306 0142 1978     		ldrb	r1, [r3]
 307 0144 1622     		mov	r2, #22
 308 0146 0A43     		orr	r2, r1
 309 0148 1A70     		strb	r2, [r3]
 310              	.LBE2:
 287:.\Generated_Source\PSoC4/cyfitter_cfg.c **** 	}
 288:.\Generated_Source\PSoC4/cyfitter_cfg.c **** 
ARM GAS  C:\Users\Kombajny\AppData\Local\Temp\ccPFaCYm.s 			page 12


 289:.\Generated_Source\PSoC4/cyfitter_cfg.c **** 	/* Perform second pass device configuration. These items must be configured in specific order afte
 290:.\Generated_Source\PSoC4/cyfitter_cfg.c **** 	/* IOPINS0_0 Starting address: CYDEV_GPIO_PRT0_DR */
 291:.\Generated_Source\PSoC4/cyfitter_cfg.c **** 	CY_SET_XTND_REG32((void CYFAR *)(CYREG_GPIO_PRT0_PC), 0x00D80000u);
 311              		.loc 1 291 0
 312 014a D822     		mov	r2, #216
 313 014c 1204     		lsl	r2, r2, #16
 314 014e 154B     		ldr	r3, .L11+40
 315 0150 1A60     		str	r2, [r3]
 292:.\Generated_Source\PSoC4/cyfitter_cfg.c **** 
 293:.\Generated_Source\PSoC4/cyfitter_cfg.c **** 	/* IOPINS0_1 Starting address: CYDEV_GPIO_PRT1_DR */
 294:.\Generated_Source\PSoC4/cyfitter_cfg.c **** 	CY_SET_XTND_REG32((void CYFAR *)(CYREG_GPIO_PRT1_DR), 0x00000020u);
 316              		.loc 1 294 0
 317 0152 2023     		mov	r3, #32
 318 0154 144A     		ldr	r2, .L11+44
 319 0156 1360     		str	r3, [r2]
 295:.\Generated_Source\PSoC4/cyfitter_cfg.c **** 	CY_SET_XTND_REG32((void CYFAR *)(CYREG_GPIO_PRT1_PC), 0x00031000u);
 320              		.loc 1 295 0
 321 0158 C421     		mov	r1, #196
 322 015a 8902     		lsl	r1, r1, #10
 323 015c 134A     		ldr	r2, .L11+48
 324 015e 1160     		str	r1, [r2]
 296:.\Generated_Source\PSoC4/cyfitter_cfg.c **** 	CY_SET_XTND_REG32((void CYFAR *)(CYREG_GPIO_PRT1_PC2), 0x00000020u);
 325              		.loc 1 296 0
 326 0160 134A     		ldr	r2, .L11+52
 327 0162 1360     		str	r3, [r2]
 297:.\Generated_Source\PSoC4/cyfitter_cfg.c **** 
 298:.\Generated_Source\PSoC4/cyfitter_cfg.c **** 	/* IOPINS0_3 Starting address: CYDEV_GPIO_PRT3_DR */
 299:.\Generated_Source\PSoC4/cyfitter_cfg.c **** 	CY_SET_XTND_REG32((void CYFAR *)(CYREG_GPIO_PRT3_DR), 0x00000030u);
 328              		.loc 1 299 0
 329 0164 3022     		mov	r2, #48
 330 0166 134B     		ldr	r3, .L11+56
 331 0168 1A60     		str	r2, [r3]
 300:.\Generated_Source\PSoC4/cyfitter_cfg.c **** 	CY_SET_XTND_REG32((void CYFAR *)(CYREG_GPIO_PRT3_PC), 0x00024000u);
 332              		.loc 1 300 0
 333 016a 9022     		mov	r2, #144
 334 016c 9202     		lsl	r2, r2, #10
 335 016e 124B     		ldr	r3, .L11+60
 336 0170 1A60     		str	r2, [r3]
 301:.\Generated_Source\PSoC4/cyfitter_cfg.c **** 
 302:.\Generated_Source\PSoC4/cyfitter_cfg.c **** 	/* Setup clocks based on selections from Clock DWR */
 303:.\Generated_Source\PSoC4/cyfitter_cfg.c **** 	ClockSetup();
 337              		.loc 1 303 0
 338 0172 FFF745FF 		bl	ClockSetup
 339              	.LVL16:
 304:.\Generated_Source\PSoC4/cyfitter_cfg.c **** 
 305:.\Generated_Source\PSoC4/cyfitter_cfg.c **** 	/* Perform basic analog initialization to defaults */
 306:.\Generated_Source\PSoC4/cyfitter_cfg.c **** 	AnalogSetDefault();
 340              		.loc 1 306 0
 341 0176 FFF7FEFF 		bl	AnalogSetDefault
 342              	.LVL17:
 307:.\Generated_Source\PSoC4/cyfitter_cfg.c **** 
 308:.\Generated_Source\PSoC4/cyfitter_cfg.c **** }
 343              		.loc 1 308 0
 344              		@ sp needed
 345              	.LVL18:
 346 017a 38BD     		pop	{r3, r4, r5, pc}
 347              	.L12:
ARM GAS  C:\Users\Kombajny\AppData\Local\Temp\ccPFaCYm.s 			page 13


 348              		.align	2
 349              	.L11:
 350 017c 6CF02E40 		.word	1076818028
 351 0180 00000000 		.word	.LANCHOR0
 352 0184 00000240 		.word	1073872896
 353 0188 00010240 		.word	1073873152
 354 018c 00030240 		.word	1073873664
 355 0190 00500F40 		.word	1074745344
 356 0194 10500F40 		.word	1074745360
 357 0198 30500F40 		.word	1074745392
 358 019c 00700F40 		.word	1074753536
 359 01a0 01700F40 		.word	1074753537
 360 01a4 08000440 		.word	1074003976
 361 01a8 00010440 		.word	1074004224
 362 01ac 08010440 		.word	1074004232
 363 01b0 18010440 		.word	1074004248
 364 01b4 00030440 		.word	1074004736
 365 01b8 08030440 		.word	1074004744
 366              		.cfi_endproc
 367              	.LFE7:
 368              		.size	cyfitter_cfg, .-cyfitter_cfg
 369              		.section	.rodata
 370              		.align	2
 371              		.set	.LANCHOR0,. + 0
 372              		.type	cfg_memset_list.4745, %object
 373              		.size	cfg_memset_list.4745, 12
 374              	cfg_memset_list.4745:
 375 0000 00300F40 		.word	1074737152
 376 0004 0004     		.short	1024
 377 0006 00400F40 		.4byte	1074741248
 378 000a 0004     		.short	1024
 379              		.text
 380              	.Letext0:
 381              		.file 2 "c:\\program files (x86)\\cypress\\psoc creator\\3.2\\psoc creator\\import\\gnu\\arm\\4.8.
 382              		.file 3 ".\\Generated_Source\\PSoC4\\cytypes.h"
 383              		.file 4 ".\\Generated_Source\\PSoC4\\CyLFClk.h"
 384              		.file 5 ".\\Generated_Source\\PSoC4\\CyLib.h"
 385              		.section	.debug_info,"",%progbits
 386              	.Ldebug_info0:
 387 0000 38030000 		.4byte	0x338
 388 0004 0400     		.2byte	0x4
 389 0006 00000000 		.4byte	.Ldebug_abbrev0
 390 000a 04       		.byte	0x4
 391 000b 01       		.uleb128 0x1
 392 000c 56010000 		.4byte	.LASF33
 393 0010 01       		.byte	0x1
 394 0011 EC010000 		.4byte	.LASF34
 395 0015 1E000000 		.4byte	.LASF35
 396 0019 18000000 		.4byte	.Ldebug_ranges0+0x18
 397 001d 00000000 		.4byte	0
 398 0021 00000000 		.4byte	.Ldebug_line0
 399 0025 02       		.uleb128 0x2
 400 0026 04       		.byte	0x4
 401 0027 05       		.byte	0x5
 402 0028 696E7400 		.ascii	"int\000"
 403 002c 03       		.uleb128 0x3
 404 002d 06000000 		.4byte	.LASF11
ARM GAS  C:\Users\Kombajny\AppData\Local\Temp\ccPFaCYm.s 			page 14


 405 0031 02       		.byte	0x2
 406 0032 D4       		.byte	0xd4
 407 0033 37000000 		.4byte	0x37
 408 0037 04       		.uleb128 0x4
 409 0038 04       		.byte	0x4
 410 0039 07       		.byte	0x7
 411 003a 1D010000 		.4byte	.LASF0
 412 003e 04       		.uleb128 0x4
 413 003f 01       		.byte	0x1
 414 0040 06       		.byte	0x6
 415 0041 73020000 		.4byte	.LASF1
 416 0045 04       		.uleb128 0x4
 417 0046 01       		.byte	0x1
 418 0047 08       		.byte	0x8
 419 0048 DE000000 		.4byte	.LASF2
 420 004c 04       		.uleb128 0x4
 421 004d 02       		.byte	0x2
 422 004e 05       		.byte	0x5
 423 004f 4B020000 		.4byte	.LASF3
 424 0053 04       		.uleb128 0x4
 425 0054 02       		.byte	0x2
 426 0055 07       		.byte	0x7
 427 0056 70000000 		.4byte	.LASF4
 428 005a 04       		.uleb128 0x4
 429 005b 04       		.byte	0x4
 430 005c 05       		.byte	0x5
 431 005d 6A020000 		.4byte	.LASF5
 432 0061 04       		.uleb128 0x4
 433 0062 04       		.byte	0x4
 434 0063 07       		.byte	0x7
 435 0064 AB000000 		.4byte	.LASF6
 436 0068 04       		.uleb128 0x4
 437 0069 08       		.byte	0x8
 438 006a 05       		.byte	0x5
 439 006b 1D020000 		.4byte	.LASF7
 440 006f 04       		.uleb128 0x4
 441 0070 08       		.byte	0x8
 442 0071 07       		.byte	0x7
 443 0072 3F010000 		.4byte	.LASF8
 444 0076 04       		.uleb128 0x4
 445 0077 04       		.byte	0x4
 446 0078 07       		.byte	0x7
 447 0079 14020000 		.4byte	.LASF9
 448 007d 05       		.uleb128 0x5
 449 007e 04       		.byte	0x4
 450 007f 06       		.uleb128 0x6
 451 0080 04       		.byte	0x4
 452 0081 85000000 		.4byte	0x85
 453 0085 07       		.uleb128 0x7
 454 0086 04       		.uleb128 0x4
 455 0087 01       		.byte	0x1
 456 0088 08       		.byte	0x8
 457 0089 35020000 		.4byte	.LASF10
 458 008d 03       		.uleb128 0x3
 459 008e BD000000 		.4byte	.LASF12
 460 0092 03       		.byte	0x3
 461 0093 B3       		.byte	0xb3
ARM GAS  C:\Users\Kombajny\AppData\Local\Temp\ccPFaCYm.s 			page 15


 462 0094 45000000 		.4byte	0x45
 463 0098 03       		.uleb128 0x3
 464 0099 06010000 		.4byte	.LASF13
 465 009d 03       		.byte	0x3
 466 009e B4       		.byte	0xb4
 467 009f 53000000 		.4byte	0x53
 468 00a3 03       		.uleb128 0x3
 469 00a4 16010000 		.4byte	.LASF14
 470 00a8 03       		.byte	0x3
 471 00a9 B5       		.byte	0xb5
 472 00aa 61000000 		.4byte	0x61
 473 00ae 04       		.uleb128 0x4
 474 00af 04       		.byte	0x4
 475 00b0 04       		.byte	0x4
 476 00b1 83000000 		.4byte	.LASF15
 477 00b5 04       		.uleb128 0x4
 478 00b6 08       		.byte	0x8
 479 00b7 04       		.byte	0x4
 480 00b8 F3000000 		.4byte	.LASF16
 481 00bc 08       		.uleb128 0x8
 482 00bd 0D010000 		.4byte	.LASF17
 483 00c1 03       		.byte	0x3
 484 00c2 5501     		.2byte	0x155
 485 00c4 61000000 		.4byte	0x61
 486 00c8 08       		.uleb128 0x8
 487 00c9 A6000000 		.4byte	.LASF18
 488 00cd 03       		.byte	0x3
 489 00ce 5D01     		.2byte	0x15d
 490 00d0 D4000000 		.4byte	0xd4
 491 00d4 09       		.uleb128 0x9
 492 00d5 8D000000 		.4byte	0x8d
 493 00d9 08       		.uleb128 0x8
 494 00da 00000000 		.4byte	.LASF19
 495 00de 03       		.byte	0x3
 496 00df 5F01     		.2byte	0x15f
 497 00e1 E5000000 		.4byte	0xe5
 498 00e5 09       		.uleb128 0x9
 499 00e6 A3000000 		.4byte	0xa3
 500 00ea 08       		.uleb128 0x8
 501 00eb D2010000 		.4byte	.LASF20
 502 00ef 03       		.byte	0x3
 503 00f0 6F01     		.2byte	0x16f
 504 00f2 7F000000 		.4byte	0x7f
 505 00f6 0A       		.uleb128 0xa
 506 00f7 0D000000 		.4byte	.LASF36
 507 00fb 01       		.byte	0x1
 508 00fc D3       		.byte	0xd3
 509 00fd 00000000 		.4byte	.LFB6
 510 0101 20000000 		.4byte	.LFE6-.LFB6
 511 0105 01       		.uleb128 0x1
 512 0106 9C       		.byte	0x9c
 513 0107 0B       		.uleb128 0xb
 514 0108 D4000000 		.4byte	.LASF21
 515 010c 01       		.byte	0x1
 516 010d 3B       		.byte	0x3b
 517 010e 00000000 		.4byte	.LFB2
 518 0112 0C000000 		.4byte	.LFE2-.LFB2
ARM GAS  C:\Users\Kombajny\AppData\Local\Temp\ccPFaCYm.s 			page 16


 519 0116 01       		.uleb128 0x1
 520 0117 9C       		.byte	0x9c
 521 0118 54010000 		.4byte	0x154
 522 011c 0C       		.uleb128 0xc
 523 011d 7300     		.ascii	"s\000"
 524 011f 01       		.byte	0x1
 525 0120 3B       		.byte	0x3b
 526 0121 7D000000 		.4byte	0x7d
 527 0125 00000000 		.4byte	.LLST0
 528 0129 0C       		.uleb128 0xc
 529 012a 6E00     		.ascii	"n\000"
 530 012c 01       		.byte	0x1
 531 012d 3B       		.byte	0x3b
 532 012e 2C000000 		.4byte	0x2c
 533 0132 21000000 		.4byte	.LLST1
 534 0136 0D       		.uleb128 0xd
 535 0137 0A000000 		.4byte	.LVL2
 536 013b A4020000 		.4byte	0x2a4
 537 013f 0E       		.uleb128 0xe
 538 0140 01       		.uleb128 0x1
 539 0141 52       		.byte	0x52
 540 0142 03       		.uleb128 0x3
 541 0143 F3       		.byte	0xf3
 542 0144 01       		.uleb128 0x1
 543 0145 51       		.byte	0x51
 544 0146 0E       		.uleb128 0xe
 545 0147 01       		.uleb128 0x1
 546 0148 51       		.byte	0x51
 547 0149 01       		.uleb128 0x1
 548 014a 30       		.byte	0x30
 549 014b 0E       		.uleb128 0xe
 550 014c 01       		.uleb128 0x1
 551 014d 50       		.byte	0x50
 552 014e 03       		.uleb128 0x3
 553 014f F3       		.byte	0xf3
 554 0150 01       		.uleb128 0x1
 555 0151 50       		.byte	0x50
 556 0152 00       		.byte	0
 557 0153 00       		.byte	0
 558 0154 0B       		.uleb128 0xb
 559 0155 65000000 		.4byte	.LASF22
 560 0159 01       		.byte	0x1
 561 015a 90       		.byte	0x90
 562 015b 00000000 		.4byte	.LFB5
 563 015f D8000000 		.4byte	.LFE5-.LFB5
 564 0163 01       		.uleb128 0x1
 565 0164 9C       		.byte	0x9c
 566 0165 E5010000 		.4byte	0x1e5
 567 0169 0F       		.uleb128 0xf
 568 016a 0C000000 		.4byte	.LVL3
 569 016e C1020000 		.4byte	0x2c1
 570 0172 10       		.uleb128 0x10
 571 0173 12000000 		.4byte	.LVL4
 572 0177 C8020000 		.4byte	0x2c8
 573 017b 85010000 		.4byte	0x185
 574 017f 0E       		.uleb128 0xe
 575 0180 01       		.uleb128 0x1
ARM GAS  C:\Users\Kombajny\AppData\Local\Temp\ccPFaCYm.s 			page 17


 576 0181 50       		.byte	0x50
 577 0182 01       		.uleb128 0x1
 578 0183 31       		.byte	0x31
 579 0184 00       		.byte	0
 580 0185 10       		.uleb128 0x10
 581 0186 18000000 		.4byte	.LVL5
 582 018a DD020000 		.4byte	0x2dd
 583 018e 98010000 		.4byte	0x198
 584 0192 0E       		.uleb128 0xe
 585 0193 01       		.uleb128 0x1
 586 0194 50       		.byte	0x50
 587 0195 01       		.uleb128 0x1
 588 0196 48       		.byte	0x48
 589 0197 00       		.byte	0
 590 0198 10       		.uleb128 0x10
 591 0199 40000000 		.4byte	.LVL6
 592 019d EE020000 		.4byte	0x2ee
 593 01a1 AD010000 		.4byte	0x1ad
 594 01a5 0E       		.uleb128 0xe
 595 01a6 01       		.uleb128 0x1
 596 01a7 50       		.byte	0x50
 597 01a8 03       		.uleb128 0x3
 598 01a9 0A       		.byte	0xa
 599 01aa D007     		.2byte	0x7d0
 600 01ac 00       		.byte	0
 601 01ad 10       		.uleb128 0x10
 602 01ae 46000000 		.4byte	.LVL7
 603 01b2 03030000 		.4byte	0x303
 604 01b6 C2010000 		.4byte	0x1c2
 605 01ba 0E       		.uleb128 0xe
 606 01bb 01       		.uleb128 0x1
 607 01bc 50       		.byte	0x50
 608 01bd 03       		.uleb128 0x3
 609 01be 0A       		.byte	0xa
 610 01bf DC05     		.2byte	0x5dc
 611 01c1 00       		.byte	0
 612 01c2 10       		.uleb128 0x10
 613 01c3 7C000000 		.4byte	.LVL8
 614 01c7 14030000 		.4byte	0x314
 615 01cb D5010000 		.4byte	0x1d5
 616 01cf 0E       		.uleb128 0xe
 617 01d0 01       		.uleb128 0x1
 618 01d1 50       		.byte	0x50
 619 01d2 01       		.uleb128 0x1
 620 01d3 38       		.byte	0x38
 621 01d4 00       		.byte	0
 622 01d5 0D       		.uleb128 0xd
 623 01d6 82000000 		.4byte	.LVL9
 624 01da 2E030000 		.4byte	0x32e
 625 01de 0E       		.uleb128 0xe
 626 01df 01       		.uleb128 0x1
 627 01e0 50       		.byte	0x50
 628 01e1 01       		.uleb128 0x1
 629 01e2 38       		.byte	0x38
 630 01e3 00       		.byte	0
 631 01e4 00       		.byte	0
 632 01e5 11       		.uleb128 0x11
ARM GAS  C:\Users\Kombajny\AppData\Local\Temp\ccPFaCYm.s 			page 18


 633 01e6 2A010000 		.4byte	.LASF37
 634 01ea 01       		.byte	0x1
 635 01eb EE       		.byte	0xee
 636 01ec D8000000 		.4byte	.LFB7
 637 01f0 E4000000 		.4byte	.LFE7-.LFB7
 638 01f4 01       		.uleb128 0x1
 639 01f5 9C       		.byte	0x9c
 640 01f6 A4020000 		.4byte	0x2a4
 641 01fa 12       		.uleb128 0x12
 642 01fb E2000000 		.4byte	.LBB2
 643 01ff 68000000 		.4byte	.LBE2-.LBB2
 644 0203 91020000 		.4byte	0x291
 645 0207 13       		.uleb128 0x13
 646 0208 06       		.byte	0x6
 647 0209 01       		.byte	0x1
 648 020a F7       		.byte	0xf7
 649 020b 28020000 		.4byte	0x228
 650 020f 14       		.uleb128 0x14
 651 0210 37010000 		.4byte	.LASF23
 652 0214 01       		.byte	0x1
 653 0215 F8       		.byte	0xf8
 654 0216 7D000000 		.4byte	0x7d
 655 021a 00       		.byte	0
 656 021b 14       		.uleb128 0x14
 657 021c 89000000 		.4byte	.LASF24
 658 0220 01       		.byte	0x1
 659 0221 F9       		.byte	0xf9
 660 0222 98000000 		.4byte	0x98
 661 0226 04       		.byte	0x4
 662 0227 00       		.byte	0
 663 0228 03       		.uleb128 0x3
 664 0229 DF010000 		.4byte	.LASF25
 665 022d 01       		.byte	0x1
 666 022e FA       		.byte	0xfa
 667 022f 07020000 		.4byte	0x207
 668 0233 15       		.uleb128 0x15
 669 0234 28020000 		.4byte	0x228
 670 0238 43020000 		.4byte	0x243
 671 023c 16       		.uleb128 0x16
 672 023d 76000000 		.4byte	0x76
 673 0241 01       		.byte	0x1
 674 0242 00       		.byte	0
 675 0243 17       		.uleb128 0x17
 676 0244 55000000 		.4byte	.LASF26
 677 0248 01       		.byte	0x1
 678 0249 FC       		.byte	0xfc
 679 024a 54020000 		.4byte	0x254
 680 024e 05       		.uleb128 0x5
 681 024f 03       		.byte	0x3
 682 0250 00000000 		.4byte	cfg_memset_list.4745
 683 0254 18       		.uleb128 0x18
 684 0255 33020000 		.4byte	0x233
 685 0259 19       		.uleb128 0x19
 686 025a 6900     		.ascii	"i\000"
 687 025c 01       		.byte	0x1
 688 025d 0201     		.2byte	0x102
 689 025f 8D000000 		.4byte	0x8d
ARM GAS  C:\Users\Kombajny\AppData\Local\Temp\ccPFaCYm.s 			page 19


 690 0263 4D000000 		.4byte	.LLST2
 691 0267 1A       		.uleb128 0x1a
 692 0268 00000000 		.4byte	.Ldebug_ranges0+0
 693 026c 19       		.uleb128 0x19
 694 026d 6D7300   		.ascii	"ms\000"
 695 0270 01       		.byte	0x1
 696 0271 0701     		.2byte	0x107
 697 0273 7B020000 		.4byte	0x27b
 698 0277 84000000 		.4byte	.LLST3
 699 027b 06       		.uleb128 0x6
 700 027c 04       		.byte	0x4
 701 027d 81020000 		.4byte	0x281
 702 0281 18       		.uleb128 0x18
 703 0282 28020000 		.4byte	0x228
 704 0286 0F       		.uleb128 0xf
 705 0287 FE000000 		.4byte	.LVL13
 706 028b 07010000 		.4byte	0x107
 707 028f 00       		.byte	0
 708 0290 00       		.byte	0
 709 0291 0F       		.uleb128 0xf
 710 0292 76010000 		.4byte	.LVL16
 711 0296 54010000 		.4byte	0x154
 712 029a 0F       		.uleb128 0xf
 713 029b 7A010000 		.4byte	.LVL17
 714 029f F6000000 		.4byte	0xf6
 715 02a3 00       		.byte	0
 716 02a4 1B       		.uleb128 0x1b
 717 02a5 EC000000 		.4byte	.LASF27
 718 02a9 7D000000 		.4byte	0x7d
 719 02ad C1020000 		.4byte	0x2c1
 720 02b1 1C       		.uleb128 0x1c
 721 02b2 7D000000 		.4byte	0x7d
 722 02b6 1C       		.uleb128 0x1c
 723 02b7 25000000 		.4byte	0x25
 724 02bb 1C       		.uleb128 0x1c
 725 02bc 76000000 		.4byte	0x76
 726 02c0 00       		.byte	0
 727 02c1 1D       		.uleb128 0x1d
 728 02c2 C3000000 		.4byte	.LASF38
 729 02c6 04       		.byte	0x4
 730 02c7 25       		.byte	0x25
 731 02c8 1E       		.uleb128 0x1e
 732 02c9 8E000000 		.4byte	.LASF29
 733 02cd 04       		.byte	0x4
 734 02ce 27       		.byte	0x27
 735 02cf A3000000 		.4byte	0xa3
 736 02d3 DD020000 		.4byte	0x2dd
 737 02d7 1C       		.uleb128 0x1c
 738 02d8 A3000000 		.4byte	0xa3
 739 02dc 00       		.byte	0
 740 02dd 1F       		.uleb128 0x1f
 741 02de 55020000 		.4byte	.LASF28
 742 02e2 05       		.byte	0x5
 743 02e3 31       		.byte	0x31
 744 02e4 EE020000 		.4byte	0x2ee
 745 02e8 1C       		.uleb128 0x1c
 746 02e9 A3000000 		.4byte	0xa3
ARM GAS  C:\Users\Kombajny\AppData\Local\Temp\ccPFaCYm.s 			page 20


 747 02ed 00       		.byte	0
 748 02ee 1E       		.uleb128 0x1e
 749 02ef 3A020000 		.4byte	.LASF30
 750 02f3 05       		.byte	0x5
 751 02f4 84       		.byte	0x84
 752 02f5 BC000000 		.4byte	0xbc
 753 02f9 03030000 		.4byte	0x303
 754 02fd 1C       		.uleb128 0x1c
 755 02fe A3000000 		.4byte	0xa3
 756 0302 00       		.byte	0
 757 0303 1F       		.uleb128 0x1f
 758 0304 2B020000 		.4byte	.LASF31
 759 0308 05       		.byte	0x5
 760 0309 58       		.byte	0x58
 761 030a 14030000 		.4byte	0x314
 762 030e 1C       		.uleb128 0x1c
 763 030f 98000000 		.4byte	0x98
 764 0313 00       		.byte	0
 765 0314 1E       		.uleb128 0x1e
 766 0315 46000000 		.4byte	.LASF32
 767 0319 05       		.byte	0x5
 768 031a 46       		.byte	0x46
 769 031b EA000000 		.4byte	0xea
 770 031f 2E030000 		.4byte	0x32e
 771 0323 1C       		.uleb128 0x1c
 772 0324 8D000000 		.4byte	0x8d
 773 0328 1C       		.uleb128 0x1c
 774 0329 EA000000 		.4byte	0xea
 775 032d 00       		.byte	0
 776 032e 20       		.uleb128 0x20
 777 032f FA000000 		.4byte	.LASF39
 778 0333 05       		.byte	0x5
 779 0334 4C       		.byte	0x4c
 780 0335 1C       		.uleb128 0x1c
 781 0336 8D000000 		.4byte	0x8d
 782 033a 00       		.byte	0
 783 033b 00       		.byte	0
 784              		.section	.debug_abbrev,"",%progbits
 785              	.Ldebug_abbrev0:
 786 0000 01       		.uleb128 0x1
 787 0001 11       		.uleb128 0x11
 788 0002 01       		.byte	0x1
 789 0003 25       		.uleb128 0x25
 790 0004 0E       		.uleb128 0xe
 791 0005 13       		.uleb128 0x13
 792 0006 0B       		.uleb128 0xb
 793 0007 03       		.uleb128 0x3
 794 0008 0E       		.uleb128 0xe
 795 0009 1B       		.uleb128 0x1b
 796 000a 0E       		.uleb128 0xe
 797 000b 55       		.uleb128 0x55
 798 000c 17       		.uleb128 0x17
 799 000d 11       		.uleb128 0x11
 800 000e 01       		.uleb128 0x1
 801 000f 10       		.uleb128 0x10
 802 0010 17       		.uleb128 0x17
 803 0011 00       		.byte	0
ARM GAS  C:\Users\Kombajny\AppData\Local\Temp\ccPFaCYm.s 			page 21


 804 0012 00       		.byte	0
 805 0013 02       		.uleb128 0x2
 806 0014 24       		.uleb128 0x24
 807 0015 00       		.byte	0
 808 0016 0B       		.uleb128 0xb
 809 0017 0B       		.uleb128 0xb
 810 0018 3E       		.uleb128 0x3e
 811 0019 0B       		.uleb128 0xb
 812 001a 03       		.uleb128 0x3
 813 001b 08       		.uleb128 0x8
 814 001c 00       		.byte	0
 815 001d 00       		.byte	0
 816 001e 03       		.uleb128 0x3
 817 001f 16       		.uleb128 0x16
 818 0020 00       		.byte	0
 819 0021 03       		.uleb128 0x3
 820 0022 0E       		.uleb128 0xe
 821 0023 3A       		.uleb128 0x3a
 822 0024 0B       		.uleb128 0xb
 823 0025 3B       		.uleb128 0x3b
 824 0026 0B       		.uleb128 0xb
 825 0027 49       		.uleb128 0x49
 826 0028 13       		.uleb128 0x13
 827 0029 00       		.byte	0
 828 002a 00       		.byte	0
 829 002b 04       		.uleb128 0x4
 830 002c 24       		.uleb128 0x24
 831 002d 00       		.byte	0
 832 002e 0B       		.uleb128 0xb
 833 002f 0B       		.uleb128 0xb
 834 0030 3E       		.uleb128 0x3e
 835 0031 0B       		.uleb128 0xb
 836 0032 03       		.uleb128 0x3
 837 0033 0E       		.uleb128 0xe
 838 0034 00       		.byte	0
 839 0035 00       		.byte	0
 840 0036 05       		.uleb128 0x5
 841 0037 0F       		.uleb128 0xf
 842 0038 00       		.byte	0
 843 0039 0B       		.uleb128 0xb
 844 003a 0B       		.uleb128 0xb
 845 003b 00       		.byte	0
 846 003c 00       		.byte	0
 847 003d 06       		.uleb128 0x6
 848 003e 0F       		.uleb128 0xf
 849 003f 00       		.byte	0
 850 0040 0B       		.uleb128 0xb
 851 0041 0B       		.uleb128 0xb
 852 0042 49       		.uleb128 0x49
 853 0043 13       		.uleb128 0x13
 854 0044 00       		.byte	0
 855 0045 00       		.byte	0
 856 0046 07       		.uleb128 0x7
 857 0047 15       		.uleb128 0x15
 858 0048 00       		.byte	0
 859 0049 27       		.uleb128 0x27
 860 004a 19       		.uleb128 0x19
ARM GAS  C:\Users\Kombajny\AppData\Local\Temp\ccPFaCYm.s 			page 22


 861 004b 00       		.byte	0
 862 004c 00       		.byte	0
 863 004d 08       		.uleb128 0x8
 864 004e 16       		.uleb128 0x16
 865 004f 00       		.byte	0
 866 0050 03       		.uleb128 0x3
 867 0051 0E       		.uleb128 0xe
 868 0052 3A       		.uleb128 0x3a
 869 0053 0B       		.uleb128 0xb
 870 0054 3B       		.uleb128 0x3b
 871 0055 05       		.uleb128 0x5
 872 0056 49       		.uleb128 0x49
 873 0057 13       		.uleb128 0x13
 874 0058 00       		.byte	0
 875 0059 00       		.byte	0
 876 005a 09       		.uleb128 0x9
 877 005b 35       		.uleb128 0x35
 878 005c 00       		.byte	0
 879 005d 49       		.uleb128 0x49
 880 005e 13       		.uleb128 0x13
 881 005f 00       		.byte	0
 882 0060 00       		.byte	0
 883 0061 0A       		.uleb128 0xa
 884 0062 2E       		.uleb128 0x2e
 885 0063 00       		.byte	0
 886 0064 03       		.uleb128 0x3
 887 0065 0E       		.uleb128 0xe
 888 0066 3A       		.uleb128 0x3a
 889 0067 0B       		.uleb128 0xb
 890 0068 3B       		.uleb128 0x3b
 891 0069 0B       		.uleb128 0xb
 892 006a 27       		.uleb128 0x27
 893 006b 19       		.uleb128 0x19
 894 006c 11       		.uleb128 0x11
 895 006d 01       		.uleb128 0x1
 896 006e 12       		.uleb128 0x12
 897 006f 06       		.uleb128 0x6
 898 0070 40       		.uleb128 0x40
 899 0071 18       		.uleb128 0x18
 900 0072 9742     		.uleb128 0x2117
 901 0074 19       		.uleb128 0x19
 902 0075 00       		.byte	0
 903 0076 00       		.byte	0
 904 0077 0B       		.uleb128 0xb
 905 0078 2E       		.uleb128 0x2e
 906 0079 01       		.byte	0x1
 907 007a 03       		.uleb128 0x3
 908 007b 0E       		.uleb128 0xe
 909 007c 3A       		.uleb128 0x3a
 910 007d 0B       		.uleb128 0xb
 911 007e 3B       		.uleb128 0x3b
 912 007f 0B       		.uleb128 0xb
 913 0080 27       		.uleb128 0x27
 914 0081 19       		.uleb128 0x19
 915 0082 11       		.uleb128 0x11
 916 0083 01       		.uleb128 0x1
 917 0084 12       		.uleb128 0x12
ARM GAS  C:\Users\Kombajny\AppData\Local\Temp\ccPFaCYm.s 			page 23


 918 0085 06       		.uleb128 0x6
 919 0086 40       		.uleb128 0x40
 920 0087 18       		.uleb128 0x18
 921 0088 9742     		.uleb128 0x2117
 922 008a 19       		.uleb128 0x19
 923 008b 01       		.uleb128 0x1
 924 008c 13       		.uleb128 0x13
 925 008d 00       		.byte	0
 926 008e 00       		.byte	0
 927 008f 0C       		.uleb128 0xc
 928 0090 05       		.uleb128 0x5
 929 0091 00       		.byte	0
 930 0092 03       		.uleb128 0x3
 931 0093 08       		.uleb128 0x8
 932 0094 3A       		.uleb128 0x3a
 933 0095 0B       		.uleb128 0xb
 934 0096 3B       		.uleb128 0x3b
 935 0097 0B       		.uleb128 0xb
 936 0098 49       		.uleb128 0x49
 937 0099 13       		.uleb128 0x13
 938 009a 02       		.uleb128 0x2
 939 009b 17       		.uleb128 0x17
 940 009c 00       		.byte	0
 941 009d 00       		.byte	0
 942 009e 0D       		.uleb128 0xd
 943 009f 898201   		.uleb128 0x4109
 944 00a2 01       		.byte	0x1
 945 00a3 11       		.uleb128 0x11
 946 00a4 01       		.uleb128 0x1
 947 00a5 31       		.uleb128 0x31
 948 00a6 13       		.uleb128 0x13
 949 00a7 00       		.byte	0
 950 00a8 00       		.byte	0
 951 00a9 0E       		.uleb128 0xe
 952 00aa 8A8201   		.uleb128 0x410a
 953 00ad 00       		.byte	0
 954 00ae 02       		.uleb128 0x2
 955 00af 18       		.uleb128 0x18
 956 00b0 9142     		.uleb128 0x2111
 957 00b2 18       		.uleb128 0x18
 958 00b3 00       		.byte	0
 959 00b4 00       		.byte	0
 960 00b5 0F       		.uleb128 0xf
 961 00b6 898201   		.uleb128 0x4109
 962 00b9 00       		.byte	0
 963 00ba 11       		.uleb128 0x11
 964 00bb 01       		.uleb128 0x1
 965 00bc 31       		.uleb128 0x31
 966 00bd 13       		.uleb128 0x13
 967 00be 00       		.byte	0
 968 00bf 00       		.byte	0
 969 00c0 10       		.uleb128 0x10
 970 00c1 898201   		.uleb128 0x4109
 971 00c4 01       		.byte	0x1
 972 00c5 11       		.uleb128 0x11
 973 00c6 01       		.uleb128 0x1
 974 00c7 31       		.uleb128 0x31
ARM GAS  C:\Users\Kombajny\AppData\Local\Temp\ccPFaCYm.s 			page 24


 975 00c8 13       		.uleb128 0x13
 976 00c9 01       		.uleb128 0x1
 977 00ca 13       		.uleb128 0x13
 978 00cb 00       		.byte	0
 979 00cc 00       		.byte	0
 980 00cd 11       		.uleb128 0x11
 981 00ce 2E       		.uleb128 0x2e
 982 00cf 01       		.byte	0x1
 983 00d0 3F       		.uleb128 0x3f
 984 00d1 19       		.uleb128 0x19
 985 00d2 03       		.uleb128 0x3
 986 00d3 0E       		.uleb128 0xe
 987 00d4 3A       		.uleb128 0x3a
 988 00d5 0B       		.uleb128 0xb
 989 00d6 3B       		.uleb128 0x3b
 990 00d7 0B       		.uleb128 0xb
 991 00d8 27       		.uleb128 0x27
 992 00d9 19       		.uleb128 0x19
 993 00da 11       		.uleb128 0x11
 994 00db 01       		.uleb128 0x1
 995 00dc 12       		.uleb128 0x12
 996 00dd 06       		.uleb128 0x6
 997 00de 40       		.uleb128 0x40
 998 00df 18       		.uleb128 0x18
 999 00e0 9742     		.uleb128 0x2117
 1000 00e2 19       		.uleb128 0x19
 1001 00e3 01       		.uleb128 0x1
 1002 00e4 13       		.uleb128 0x13
 1003 00e5 00       		.byte	0
 1004 00e6 00       		.byte	0
 1005 00e7 12       		.uleb128 0x12
 1006 00e8 0B       		.uleb128 0xb
 1007 00e9 01       		.byte	0x1
 1008 00ea 11       		.uleb128 0x11
 1009 00eb 01       		.uleb128 0x1
 1010 00ec 12       		.uleb128 0x12
 1011 00ed 06       		.uleb128 0x6
 1012 00ee 01       		.uleb128 0x1
 1013 00ef 13       		.uleb128 0x13
 1014 00f0 00       		.byte	0
 1015 00f1 00       		.byte	0
 1016 00f2 13       		.uleb128 0x13
 1017 00f3 13       		.uleb128 0x13
 1018 00f4 01       		.byte	0x1
 1019 00f5 0B       		.uleb128 0xb
 1020 00f6 0B       		.uleb128 0xb
 1021 00f7 3A       		.uleb128 0x3a
 1022 00f8 0B       		.uleb128 0xb
 1023 00f9 3B       		.uleb128 0x3b
 1024 00fa 0B       		.uleb128 0xb
 1025 00fb 01       		.uleb128 0x1
 1026 00fc 13       		.uleb128 0x13
 1027 00fd 00       		.byte	0
 1028 00fe 00       		.byte	0
 1029 00ff 14       		.uleb128 0x14
 1030 0100 0D       		.uleb128 0xd
 1031 0101 00       		.byte	0
ARM GAS  C:\Users\Kombajny\AppData\Local\Temp\ccPFaCYm.s 			page 25


 1032 0102 03       		.uleb128 0x3
 1033 0103 0E       		.uleb128 0xe
 1034 0104 3A       		.uleb128 0x3a
 1035 0105 0B       		.uleb128 0xb
 1036 0106 3B       		.uleb128 0x3b
 1037 0107 0B       		.uleb128 0xb
 1038 0108 49       		.uleb128 0x49
 1039 0109 13       		.uleb128 0x13
 1040 010a 38       		.uleb128 0x38
 1041 010b 0B       		.uleb128 0xb
 1042 010c 00       		.byte	0
 1043 010d 00       		.byte	0
 1044 010e 15       		.uleb128 0x15
 1045 010f 01       		.uleb128 0x1
 1046 0110 01       		.byte	0x1
 1047 0111 49       		.uleb128 0x49
 1048 0112 13       		.uleb128 0x13
 1049 0113 01       		.uleb128 0x1
 1050 0114 13       		.uleb128 0x13
 1051 0115 00       		.byte	0
 1052 0116 00       		.byte	0
 1053 0117 16       		.uleb128 0x16
 1054 0118 21       		.uleb128 0x21
 1055 0119 00       		.byte	0
 1056 011a 49       		.uleb128 0x49
 1057 011b 13       		.uleb128 0x13
 1058 011c 2F       		.uleb128 0x2f
 1059 011d 0B       		.uleb128 0xb
 1060 011e 00       		.byte	0
 1061 011f 00       		.byte	0
 1062 0120 17       		.uleb128 0x17
 1063 0121 34       		.uleb128 0x34
 1064 0122 00       		.byte	0
 1065 0123 03       		.uleb128 0x3
 1066 0124 0E       		.uleb128 0xe
 1067 0125 3A       		.uleb128 0x3a
 1068 0126 0B       		.uleb128 0xb
 1069 0127 3B       		.uleb128 0x3b
 1070 0128 0B       		.uleb128 0xb
 1071 0129 49       		.uleb128 0x49
 1072 012a 13       		.uleb128 0x13
 1073 012b 02       		.uleb128 0x2
 1074 012c 18       		.uleb128 0x18
 1075 012d 00       		.byte	0
 1076 012e 00       		.byte	0
 1077 012f 18       		.uleb128 0x18
 1078 0130 26       		.uleb128 0x26
 1079 0131 00       		.byte	0
 1080 0132 49       		.uleb128 0x49
 1081 0133 13       		.uleb128 0x13
 1082 0134 00       		.byte	0
 1083 0135 00       		.byte	0
 1084 0136 19       		.uleb128 0x19
 1085 0137 34       		.uleb128 0x34
 1086 0138 00       		.byte	0
 1087 0139 03       		.uleb128 0x3
 1088 013a 08       		.uleb128 0x8
ARM GAS  C:\Users\Kombajny\AppData\Local\Temp\ccPFaCYm.s 			page 26


 1089 013b 3A       		.uleb128 0x3a
 1090 013c 0B       		.uleb128 0xb
 1091 013d 3B       		.uleb128 0x3b
 1092 013e 05       		.uleb128 0x5
 1093 013f 49       		.uleb128 0x49
 1094 0140 13       		.uleb128 0x13
 1095 0141 02       		.uleb128 0x2
 1096 0142 17       		.uleb128 0x17
 1097 0143 00       		.byte	0
 1098 0144 00       		.byte	0
 1099 0145 1A       		.uleb128 0x1a
 1100 0146 0B       		.uleb128 0xb
 1101 0147 01       		.byte	0x1
 1102 0148 55       		.uleb128 0x55
 1103 0149 17       		.uleb128 0x17
 1104 014a 00       		.byte	0
 1105 014b 00       		.byte	0
 1106 014c 1B       		.uleb128 0x1b
 1107 014d 2E       		.uleb128 0x2e
 1108 014e 01       		.byte	0x1
 1109 014f 3F       		.uleb128 0x3f
 1110 0150 19       		.uleb128 0x19
 1111 0151 03       		.uleb128 0x3
 1112 0152 0E       		.uleb128 0xe
 1113 0153 27       		.uleb128 0x27
 1114 0154 19       		.uleb128 0x19
 1115 0155 49       		.uleb128 0x49
 1116 0156 13       		.uleb128 0x13
 1117 0157 34       		.uleb128 0x34
 1118 0158 19       		.uleb128 0x19
 1119 0159 3C       		.uleb128 0x3c
 1120 015a 19       		.uleb128 0x19
 1121 015b 01       		.uleb128 0x1
 1122 015c 13       		.uleb128 0x13
 1123 015d 00       		.byte	0
 1124 015e 00       		.byte	0
 1125 015f 1C       		.uleb128 0x1c
 1126 0160 05       		.uleb128 0x5
 1127 0161 00       		.byte	0
 1128 0162 49       		.uleb128 0x49
 1129 0163 13       		.uleb128 0x13
 1130 0164 00       		.byte	0
 1131 0165 00       		.byte	0
 1132 0166 1D       		.uleb128 0x1d
 1133 0167 2E       		.uleb128 0x2e
 1134 0168 00       		.byte	0
 1135 0169 3F       		.uleb128 0x3f
 1136 016a 19       		.uleb128 0x19
 1137 016b 03       		.uleb128 0x3
 1138 016c 0E       		.uleb128 0xe
 1139 016d 3A       		.uleb128 0x3a
 1140 016e 0B       		.uleb128 0xb
 1141 016f 3B       		.uleb128 0x3b
 1142 0170 0B       		.uleb128 0xb
 1143 0171 27       		.uleb128 0x27
 1144 0172 19       		.uleb128 0x19
 1145 0173 3C       		.uleb128 0x3c
ARM GAS  C:\Users\Kombajny\AppData\Local\Temp\ccPFaCYm.s 			page 27


 1146 0174 19       		.uleb128 0x19
 1147 0175 00       		.byte	0
 1148 0176 00       		.byte	0
 1149 0177 1E       		.uleb128 0x1e
 1150 0178 2E       		.uleb128 0x2e
 1151 0179 01       		.byte	0x1
 1152 017a 3F       		.uleb128 0x3f
 1153 017b 19       		.uleb128 0x19
 1154 017c 03       		.uleb128 0x3
 1155 017d 0E       		.uleb128 0xe
 1156 017e 3A       		.uleb128 0x3a
 1157 017f 0B       		.uleb128 0xb
 1158 0180 3B       		.uleb128 0x3b
 1159 0181 0B       		.uleb128 0xb
 1160 0182 27       		.uleb128 0x27
 1161 0183 19       		.uleb128 0x19
 1162 0184 49       		.uleb128 0x49
 1163 0185 13       		.uleb128 0x13
 1164 0186 3C       		.uleb128 0x3c
 1165 0187 19       		.uleb128 0x19
 1166 0188 01       		.uleb128 0x1
 1167 0189 13       		.uleb128 0x13
 1168 018a 00       		.byte	0
 1169 018b 00       		.byte	0
 1170 018c 1F       		.uleb128 0x1f
 1171 018d 2E       		.uleb128 0x2e
 1172 018e 01       		.byte	0x1
 1173 018f 3F       		.uleb128 0x3f
 1174 0190 19       		.uleb128 0x19
 1175 0191 03       		.uleb128 0x3
 1176 0192 0E       		.uleb128 0xe
 1177 0193 3A       		.uleb128 0x3a
 1178 0194 0B       		.uleb128 0xb
 1179 0195 3B       		.uleb128 0x3b
 1180 0196 0B       		.uleb128 0xb
 1181 0197 27       		.uleb128 0x27
 1182 0198 19       		.uleb128 0x19
 1183 0199 3C       		.uleb128 0x3c
 1184 019a 19       		.uleb128 0x19
 1185 019b 01       		.uleb128 0x1
 1186 019c 13       		.uleb128 0x13
 1187 019d 00       		.byte	0
 1188 019e 00       		.byte	0
 1189 019f 20       		.uleb128 0x20
 1190 01a0 2E       		.uleb128 0x2e
 1191 01a1 01       		.byte	0x1
 1192 01a2 3F       		.uleb128 0x3f
 1193 01a3 19       		.uleb128 0x19
 1194 01a4 03       		.uleb128 0x3
 1195 01a5 0E       		.uleb128 0xe
 1196 01a6 3A       		.uleb128 0x3a
 1197 01a7 0B       		.uleb128 0xb
 1198 01a8 3B       		.uleb128 0x3b
 1199 01a9 0B       		.uleb128 0xb
 1200 01aa 27       		.uleb128 0x27
 1201 01ab 19       		.uleb128 0x19
 1202 01ac 3C       		.uleb128 0x3c
ARM GAS  C:\Users\Kombajny\AppData\Local\Temp\ccPFaCYm.s 			page 28


 1203 01ad 19       		.uleb128 0x19
 1204 01ae 00       		.byte	0
 1205 01af 00       		.byte	0
 1206 01b0 00       		.byte	0
 1207              		.section	.debug_loc,"",%progbits
 1208              	.Ldebug_loc0:
 1209              	.LLST0:
 1210 0000 00000000 		.4byte	.LVL0
 1211 0004 09000000 		.4byte	.LVL2-1
 1212 0008 0100     		.2byte	0x1
 1213 000a 50       		.byte	0x50
 1214 000b 09000000 		.4byte	.LVL2-1
 1215 000f 0C000000 		.4byte	.LFE2
 1216 0013 0400     		.2byte	0x4
 1217 0015 F3       		.byte	0xf3
 1218 0016 01       		.uleb128 0x1
 1219 0017 50       		.byte	0x50
 1220 0018 9F       		.byte	0x9f
 1221 0019 00000000 		.4byte	0
 1222 001d 00000000 		.4byte	0
 1223              	.LLST1:
 1224 0021 00000000 		.4byte	.LVL0
 1225 0025 06000000 		.4byte	.LVL1
 1226 0029 0100     		.2byte	0x1
 1227 002b 51       		.byte	0x51
 1228 002c 06000000 		.4byte	.LVL1
 1229 0030 09000000 		.4byte	.LVL2-1
 1230 0034 0100     		.2byte	0x1
 1231 0036 52       		.byte	0x52
 1232 0037 09000000 		.4byte	.LVL2-1
 1233 003b 0C000000 		.4byte	.LFE2
 1234 003f 0400     		.2byte	0x4
 1235 0041 F3       		.byte	0xf3
 1236 0042 01       		.uleb128 0x1
 1237 0043 51       		.byte	0x51
 1238 0044 9F       		.byte	0x9f
 1239 0045 00000000 		.4byte	0
 1240 0049 00000000 		.4byte	0
 1241              	.LLST2:
 1242 004d E2000000 		.4byte	.LVL10
 1243 0051 E8000000 		.4byte	.LVL11
 1244 0055 0200     		.2byte	0x2
 1245 0057 30       		.byte	0x30
 1246 0058 9F       		.byte	0x9f
 1247 0059 E8000000 		.4byte	.LVL11
 1248 005d 00010000 		.4byte	.LVL14
 1249 0061 0100     		.2byte	0x1
 1250 0063 54       		.byte	0x54
 1251 0064 00010000 		.4byte	.LVL14
 1252 0068 02010000 		.4byte	.LVL15
 1253 006c 0300     		.2byte	0x3
 1254 006e 74       		.byte	0x74
 1255 006f 7F       		.sleb128 -1
 1256 0070 9F       		.byte	0x9f
 1257 0071 02010000 		.4byte	.LVL15
 1258 0075 7A010000 		.4byte	.LVL18
 1259 0079 0100     		.2byte	0x1
ARM GAS  C:\Users\Kombajny\AppData\Local\Temp\ccPFaCYm.s 			page 29


 1260 007b 54       		.byte	0x54
 1261 007c 00000000 		.4byte	0
 1262 0080 00000000 		.4byte	0
 1263              	.LLST3:
 1264 0084 F0000000 		.4byte	.LVL12
 1265 0088 FD000000 		.4byte	.LVL13-1
 1266 008c 0100     		.2byte	0x1
 1267 008e 53       		.byte	0x53
 1268 008f FD000000 		.4byte	.LVL13-1
 1269 0093 00010000 		.4byte	.LVL14
 1270 0097 0D00     		.2byte	0xd
 1271 0099 74       		.byte	0x74
 1272 009a 00       		.sleb128 0
 1273 009b 31       		.byte	0x31
 1274 009c 24       		.byte	0x24
 1275 009d 74       		.byte	0x74
 1276 009e 00       		.sleb128 0
 1277 009f 22       		.byte	0x22
 1278 00a0 31       		.byte	0x31
 1279 00a1 24       		.byte	0x24
 1280 00a2 75       		.byte	0x75
 1281 00a3 00       		.sleb128 0
 1282 00a4 22       		.byte	0x22
 1283 00a5 9F       		.byte	0x9f
 1284 00a6 00010000 		.4byte	.LVL14
 1285 00aa 02010000 		.4byte	.LVL15
 1286 00ae 0D00     		.2byte	0xd
 1287 00b0 74       		.byte	0x74
 1288 00b1 7F       		.sleb128 -1
 1289 00b2 74       		.byte	0x74
 1290 00b3 7F       		.sleb128 -1
 1291 00b4 31       		.byte	0x31
 1292 00b5 24       		.byte	0x24
 1293 00b6 22       		.byte	0x22
 1294 00b7 31       		.byte	0x31
 1295 00b8 24       		.byte	0x24
 1296 00b9 75       		.byte	0x75
 1297 00ba 00       		.sleb128 0
 1298 00bb 22       		.byte	0x22
 1299 00bc 9F       		.byte	0x9f
 1300 00bd 00000000 		.4byte	0
 1301 00c1 00000000 		.4byte	0
 1302              		.section	.debug_aranges,"",%progbits
 1303 0000 34000000 		.4byte	0x34
 1304 0004 0200     		.2byte	0x2
 1305 0006 00000000 		.4byte	.Ldebug_info0
 1306 000a 04       		.byte	0x4
 1307 000b 00       		.byte	0
 1308 000c 0000     		.2byte	0
 1309 000e 0000     		.2byte	0
 1310 0010 00000000 		.4byte	.LFB6
 1311 0014 20000000 		.4byte	.LFE6-.LFB6
 1312 0018 00000000 		.4byte	.LFB2
 1313 001c 0C000000 		.4byte	.LFE2-.LFB2
 1314 0020 00000000 		.4byte	.LFB5
 1315 0024 D8000000 		.4byte	.LFE5-.LFB5
 1316 0028 D8000000 		.4byte	.LFB7
ARM GAS  C:\Users\Kombajny\AppData\Local\Temp\ccPFaCYm.s 			page 30


 1317 002c E4000000 		.4byte	.LFE7-.LFB7
 1318 0030 00000000 		.4byte	0
 1319 0034 00000000 		.4byte	0
 1320              		.section	.debug_ranges,"",%progbits
 1321              	.Ldebug_ranges0:
 1322 0000 E4000000 		.4byte	.LBB3
 1323 0004 E6000000 		.4byte	.LBE3
 1324 0008 E8000000 		.4byte	.LBB4
 1325 000c FE000000 		.4byte	.LBE4
 1326 0010 00000000 		.4byte	0
 1327 0014 00000000 		.4byte	0
 1328 0018 00000000 		.4byte	.LFB6
 1329 001c 20000000 		.4byte	.LFE6
 1330 0020 00000000 		.4byte	.LFB2
 1331 0024 0C000000 		.4byte	.LFE2
 1332 0028 00000000 		.4byte	.LFB5
 1333 002c D8000000 		.4byte	.LFE5
 1334 0030 D8000000 		.4byte	.LFB7
 1335 0034 BC010000 		.4byte	.LFE7
 1336 0038 00000000 		.4byte	0
 1337 003c 00000000 		.4byte	0
 1338              		.section	.debug_line,"",%progbits
 1339              	.Ldebug_line0:
 1340 0000 6A010000 		.section	.debug_str,"MS",%progbits,1
 1340      0200E500 
 1340      00000201 
 1340      FB0E0D00 
 1340      01010101 
 1341              	.LASF19:
 1342 0000 72656733 		.ascii	"reg32\000"
 1342      3200
 1343              	.LASF11:
 1344 0006 73697A65 		.ascii	"size_t\000"
 1344      5F7400
 1345              	.LASF36:
 1346 000d 416E616C 		.ascii	"AnalogSetDefault\000"
 1346      6F675365 
 1346      74446566 
 1346      61756C74 
 1346      00
 1347              	.LASF35:
 1348 001e 443A5C50 		.ascii	"D:\\PSOC\\Project1_acc\\Project1_acc.cydsn\000"
 1348      534F435C 
 1348      50726F6A 
 1348      65637431 
 1348      5F616363 
 1349              	.LASF32:
 1350 0046 4379496E 		.ascii	"CyIntSetVector\000"
 1350      74536574 
 1350      56656374 
 1350      6F7200
 1351              	.LASF26:
 1352 0055 6366675F 		.ascii	"cfg_memset_list\000"
 1352      6D656D73 
 1352      65745F6C 
 1352      69737400 
 1353              	.LASF22:
ARM GAS  C:\Users\Kombajny\AppData\Local\Temp\ccPFaCYm.s 			page 31


 1354 0065 436C6F63 		.ascii	"ClockSetup\000"
 1354      6B536574 
 1354      757000
 1355              	.LASF4:
 1356 0070 73686F72 		.ascii	"short unsigned int\000"
 1356      7420756E 
 1356      7369676E 
 1356      65642069 
 1356      6E7400
 1357              	.LASF15:
 1358 0083 666C6F61 		.ascii	"float\000"
 1358      7400
 1359              	.LASF24:
 1360 0089 73697A65 		.ascii	"size\000"
 1360      00
 1361              	.LASF29:
 1362 008e 43795379 		.ascii	"CySysClkWcoSetPowerMode\000"
 1362      73436C6B 
 1362      57636F53 
 1362      6574506F 
 1362      7765724D 
 1363              	.LASF18:
 1364 00a6 72656738 		.ascii	"reg8\000"
 1364      00
 1365              	.LASF6:
 1366 00ab 6C6F6E67 		.ascii	"long unsigned int\000"
 1366      20756E73 
 1366      69676E65 
 1366      6420696E 
 1366      7400
 1367              	.LASF12:
 1368 00bd 75696E74 		.ascii	"uint8\000"
 1368      3800
 1369              	.LASF38:
 1370 00c3 43795379 		.ascii	"CySysClkWcoStart\000"
 1370      73436C6B 
 1370      57636F53 
 1370      74617274 
 1370      00
 1371              	.LASF21:
 1372 00d4 43594D45 		.ascii	"CYMEMZERO\000"
 1372      4D5A4552 
 1372      4F00
 1373              	.LASF2:
 1374 00de 756E7369 		.ascii	"unsigned char\000"
 1374      676E6564 
 1374      20636861 
 1374      7200
 1375              	.LASF27:
 1376 00ec 6D656D73 		.ascii	"memset\000"
 1376      657400
 1377              	.LASF16:
 1378 00f3 646F7562 		.ascii	"double\000"
 1378      6C6500
 1379              	.LASF39:
 1380 00fa 4379496E 		.ascii	"CyIntEnable\000"
 1380      74456E61 
ARM GAS  C:\Users\Kombajny\AppData\Local\Temp\ccPFaCYm.s 			page 32


 1380      626C6500 
 1381              	.LASF13:
 1382 0106 75696E74 		.ascii	"uint16\000"
 1382      313600
 1383              	.LASF17:
 1384 010d 63797374 		.ascii	"cystatus\000"
 1384      61747573 
 1384      00
 1385              	.LASF14:
 1386 0116 75696E74 		.ascii	"uint32\000"
 1386      333200
 1387              	.LASF0:
 1388 011d 756E7369 		.ascii	"unsigned int\000"
 1388      676E6564 
 1388      20696E74 
 1388      00
 1389              	.LASF37:
 1390 012a 63796669 		.ascii	"cyfitter_cfg\000"
 1390      74746572 
 1390      5F636667 
 1390      00
 1391              	.LASF23:
 1392 0137 61646472 		.ascii	"address\000"
 1392      65737300 
 1393              	.LASF8:
 1394 013f 6C6F6E67 		.ascii	"long long unsigned int\000"
 1394      206C6F6E 
 1394      6720756E 
 1394      7369676E 
 1394      65642069 
 1395              	.LASF33:
 1396 0156 474E5520 		.ascii	"GNU C 4.8.4 20140526 (release) [ARM/embedded-4_8-br"
 1396      4320342E 
 1396      382E3420 
 1396      32303134 
 1396      30353236 
 1397 0189 616E6368 		.ascii	"anch revision 211358] -mcpu=cortex-m0 -mthumb -g -O"
 1397      20726576 
 1397      6973696F 
 1397      6E203231 
 1397      31333538 
 1398 01bc 67202D66 		.ascii	"g -ffunction-sections\000"
 1398      66756E63 
 1398      74696F6E 
 1398      2D736563 
 1398      74696F6E 
 1399              	.LASF20:
 1400 01d2 63796973 		.ascii	"cyisraddress\000"
 1400      72616464 
 1400      72657373 
 1400      00
 1401              	.LASF25:
 1402 01df 6366675F 		.ascii	"cfg_memset_t\000"
 1402      6D656D73 
 1402      65745F74 
 1402      00
 1403              	.LASF34:
ARM GAS  C:\Users\Kombajny\AppData\Local\Temp\ccPFaCYm.s 			page 33


 1404 01ec 2E5C4765 		.ascii	".\\Generated_Source\\PSoC4\\cyfitter_cfg.c\000"
 1404      6E657261 
 1404      7465645F 
 1404      536F7572 
 1404      63655C50 
 1405              	.LASF9:
 1406 0214 73697A65 		.ascii	"sizetype\000"
 1406      74797065 
 1406      00
 1407              	.LASF7:
 1408 021d 6C6F6E67 		.ascii	"long long int\000"
 1408      206C6F6E 
 1408      6720696E 
 1408      7400
 1409              	.LASF31:
 1410 022b 43794465 		.ascii	"CyDelayUs\000"
 1410      6C617955 
 1410      7300
 1411              	.LASF10:
 1412 0235 63686172 		.ascii	"char\000"
 1412      00
 1413              	.LASF30:
 1414 023a 43795379 		.ascii	"CySysClkEcoStart\000"
 1414      73436C6B 
 1414      45636F53 
 1414      74617274 
 1414      00
 1415              	.LASF3:
 1416 024b 73686F72 		.ascii	"short int\000"
 1416      7420696E 
 1416      7400
 1417              	.LASF28:
 1418 0255 43795379 		.ascii	"CySysClkWriteImoFreq\000"
 1418      73436C6B 
 1418      57726974 
 1418      65496D6F 
 1418      46726571 
 1419              	.LASF5:
 1420 026a 6C6F6E67 		.ascii	"long int\000"
 1420      20696E74 
 1420      00
 1421              	.LASF1:
 1422 0273 7369676E 		.ascii	"signed char\000"
 1422      65642063 
 1422      68617200 
 1423              		.ident	"GCC: (GNU Tools for ARM Embedded Processors) 4.8.4 20140526 (release) [ARM/embedded-4_8-br
